Component: ARM Compiler 5.06 update 7 (build 960) Tool: armlink [4d3601]

==============================================================================

Section Cross References

    startup_stm32f407xx.o(STACK) refers (Special) to heapauxi.o(.text) for __use_two_region_memory
    startup_stm32f407xx.o(HEAP) refers (Special) to heapauxi.o(.text) for __use_two_region_memory
    startup_stm32f407xx.o(RESET) refers (Special) to heapauxi.o(.text) for __use_two_region_memory
    startup_stm32f407xx.o(RESET) refers to startup_stm32f407xx.o(STACK) for __initial_sp
    startup_stm32f407xx.o(RESET) refers to startup_stm32f407xx.o(.text) for Reset_Handler
    startup_stm32f407xx.o(RESET) refers to stm32f4xx_it.o(i.NMI_Handler) for NMI_Handler
    startup_stm32f407xx.o(RESET) refers to stm32f4xx_it.o(i.HardFault_Handler) for HardFault_Handler
    startup_stm32f407xx.o(RESET) refers to stm32f4xx_it.o(i.MemManage_Handler) for MemManage_Handler
    startup_stm32f407xx.o(RESET) refers to stm32f4xx_it.o(i.BusFault_Handler) for BusFault_Handler
    startup_stm32f407xx.o(RESET) refers to stm32f4xx_it.o(i.UsageFault_Handler) for UsageFault_Handler
    startup_stm32f407xx.o(RESET) refers to stm32f4xx_it.o(i.SVC_Handler) for SVC_Handler
    startup_stm32f407xx.o(RESET) refers to stm32f4xx_it.o(i.DebugMon_Handler) for DebugMon_Handler
    startup_stm32f407xx.o(RESET) refers to stm32f4xx_it.o(i.PendSV_Handler) for PendSV_Handler
    startup_stm32f407xx.o(RESET) refers to stm32f4xx_it.o(i.SysTick_Handler) for SysTick_Handler
    startup_stm32f407xx.o(RESET) refers to stm32f4xx_it.o(i.USART2_IRQHandler) for USART2_IRQHandler
    startup_stm32f407xx.o(RESET) refers to stm32f4xx_it.o(i.TIM6_DAC_IRQHandler) for TIM6_DAC_IRQHandler
    startup_stm32f407xx.o(.text) refers (Special) to heapauxi.o(.text) for __use_two_region_memory
    startup_stm32f407xx.o(.text) refers to system_stm32f4xx.o(i.SystemInit) for SystemInit
    startup_stm32f407xx.o(.text) refers to __main.o(!!!main) for __main
    startup_stm32f407xx.o(.text) refers to startup_stm32f407xx.o(HEAP) for Heap_Mem
    startup_stm32f407xx.o(.text) refers to startup_stm32f407xx.o(STACK) for Stack_Mem
    main.o(i.SystemClock_Config) refers to rt_memclr_w.o(.text) for __aeabi_memclr4
    main.o(i.SystemClock_Config) refers to stm32f4xx_hal_rcc.o(i.HAL_RCC_OscConfig) for HAL_RCC_OscConfig
    main.o(i.SystemClock_Config) refers to stm32f4xx_hal_rcc.o(i.HAL_RCC_ClockConfig) for HAL_RCC_ClockConfig
    main.o(i.main) refers to stm32f4xx_hal.o(i.HAL_Init) for HAL_Init
    main.o(i.main) refers to main.o(i.SystemClock_Config) for SystemClock_Config
    main.o(i.main) refers to gpio.o(i.MX_GPIO_Init) for MX_GPIO_Init
    main.o(i.main) refers to tim.o(i.MX_TIM8_Init) for MX_TIM8_Init
    main.o(i.main) refers to tim.o(i.MX_TIM2_Init) for MX_TIM2_Init
    main.o(i.main) refers to tim.o(i.MX_TIM3_Init) for MX_TIM3_Init
    main.o(i.main) refers to tim.o(i.MX_TIM4_Init) for MX_TIM4_Init
    main.o(i.main) refers to tim.o(i.MX_TIM5_Init) for MX_TIM5_Init
    main.o(i.main) refers to tim.o(i.MX_TIM6_Init) for MX_TIM6_Init
    main.o(i.main) refers to usart.o(i.MX_UART4_Init) for MX_UART4_Init
    main.o(i.main) refers to usart.o(i.MX_USART2_UART_Init) for MX_USART2_UART_Init
    main.o(i.main) refers to motor_control.o(i.MotorControl_Init) for MotorControl_Init
    main.o(i.main) refers to ps2_receiver.o(i.PS2_Receiver_Init) for PS2_Receiver_Init
    main.o(i.main) refers to remote_to_motion.o(i.RemoteToMotion_Init) for RemoteToMotion_Init
    main.o(i.main) refers to stm32f4xx_hal.o(i.HAL_GetTick) for HAL_GetTick
    main.o(i.main) refers to ps2_receiver.o(i.PS2_Receiver_GetData) for PS2_Receiver_GetData
    main.o(i.main) refers to uart4_debug.o(i.UART4_Debug_SendPS2Joystick) for UART4_Debug_SendPS2Joystick
    main.o(i.main) refers to remote_to_motion.o(i.RemoteToMotion_Update) for RemoteToMotion_Update
    main.o(i.main) refers to motor_control.o(i.MotorControl_StopAll) for MotorControl_StopAll
    main.o(i.main) refers to stm32f4xx_hal_gpio.o(i.HAL_GPIO_WritePin) for HAL_GPIO_WritePin
    gpio.o(i.MX_GPIO_Init) refers to rt_memclr_w.o(.text) for __aeabi_memclr4
    gpio.o(i.MX_GPIO_Init) refers to stm32f4xx_hal_gpio.o(i.HAL_GPIO_WritePin) for HAL_GPIO_WritePin
    gpio.o(i.MX_GPIO_Init) refers to stm32f4xx_hal_gpio.o(i.HAL_GPIO_Init) for HAL_GPIO_Init
    tim.o(i.HAL_TIM_Base_MspDeInit) refers to stm32f4xx_hal_cortex.o(i.HAL_NVIC_DisableIRQ) for HAL_NVIC_DisableIRQ
    tim.o(i.HAL_TIM_Base_MspInit) refers to stm32f4xx_hal_cortex.o(i.HAL_NVIC_SetPriority) for HAL_NVIC_SetPriority
    tim.o(i.HAL_TIM_Base_MspInit) refers to stm32f4xx_hal_cortex.o(i.HAL_NVIC_EnableIRQ) for HAL_NVIC_EnableIRQ
    tim.o(i.HAL_TIM_Encoder_MspDeInit) refers to stm32f4xx_hal_gpio.o(i.HAL_GPIO_DeInit) for HAL_GPIO_DeInit
    tim.o(i.HAL_TIM_Encoder_MspInit) refers to rt_memclr_w.o(.text) for __aeabi_memclr4
    tim.o(i.HAL_TIM_Encoder_MspInit) refers to stm32f4xx_hal_gpio.o(i.HAL_GPIO_Init) for HAL_GPIO_Init
[...]
    ../clib/signal.c                         0x00000000   Number         0  defsig_pvfn_inner.o ABSOLUTE
    ../clib/signal.c                         0x00000000   Number         0  defsig_rtmem_outer.o ABSOLUTE
    ../clib/signal.c                         0x00000000   Number         0  defsig_rtmem_inner.o ABSOLUTE
    ../clib/signal.c                         0x00000000   Number         0  defsig_abrt_inner.o ABSOLUTE
    ../clib/signal.c                         0x00000000   Number         0  defsig_fpe_inner.o ABSOLUTE
    ../clib/signal.c                         0x00000000   Number         0  defsig_cppl_inner.o ABSOLUTE
    ../clib/signal.c                         0x00000000   Number         0  defsig_general.o ABSOLUTE
    ../clib/signal.c                         0x00000000   Number         0  __raise.o ABSOLUTE
    ../clib/signal.c                         0x00000000   Number         0  defsig_segv_inner.o ABSOLUTE
    ../clib/signal.c                         0x00000000   Number         0  defsig_other.o ABSOLUTE
    ../clib/signal.s                         0x00000000   Number         0  defsig.o ABSOLUTE
    ../clib/stdlib.c                         0x00000000   Number         0  exit.o ABSOLUTE
    ../fplib/fpinit.s                        0x00000000   Number         0  fpinit.o ABSOLUTE
    ..\Core\Src\encoder.c                    0x00000000   Number         0  encoder.o ABSOLUTE
    ..\Core\Src\gpio.c                       0x00000000   Number         0  gpio.o ABSOLUTE
    ..\Core\Src\main.c                       0x00000000   Number         0  main.o ABSOLUTE
    ..\Core\Src\motor_control.c              0x00000000   Number         0  motor_control.o ABSOLUTE
    ..\Core\Src\pid.c                        0x00000000   Number         0  pid.o ABSOLUTE
    ..\Core\Src\ps2_receiver.c               0x00000000   Number         0  ps2_receiver.o ABSOLUTE
    ..\Core\Src\remote_to_motion.c           0x00000000   Number         0  remote_to_motion.o ABSOLUTE
    ..\Core\Src\stm32f4xx_hal_msp.c          0x00000000   Number         0  stm32f4xx_hal_msp.o ABSOLUTE
    ..\Core\Src\stm32f4xx_it.c               0x00000000   Number         0  stm32f4xx_it.o ABSOLUTE
    ..\Core\Src\system_stm32f4xx.c           0x00000000   Number         0  system_stm32f4xx.o ABSOLUTE
    ..\Core\Src\tim.c                        0x00000000   Number         0  tim.o ABSOLUTE
    ..\Core\Src\uart4_debug.c                0x00000000   Number         0  uart4_debug.o ABSOLUTE
    ..\Core\Src\usart.c                      0x00000000   Number         0  usart.o ABSOLUTE
    ..\Drivers\STM32F4xx_HAL_Driver\Src\stm32f4xx_hal.c 0x00000000   Number         0  stm32f4xx_hal.o ABSOLUTE
    ..\Drivers\STM32F4xx_HAL_Driver\Src\stm32f4xx_hal_cortex.c 0x00000000   Number         0  stm32f4xx_hal_cortex.o ABSOLUTE
    ..\Drivers\STM32F4xx_HAL_Driver\Src\stm32f4xx_hal_dma.c 0x00000000   Number         0  stm32f4xx_hal_dma.o ABSOLUTE
    ..\Drivers\STM32F4xx_HAL_Driver\Src\stm32f4xx_hal_dma_ex.c 0x00000000   Number         0  stm32f4xx_hal_dma_ex.o ABSOLUTE
    ..\Drivers\STM32F4xx_HAL_Driver\Src\stm32f4xx_hal_exti.c 0x00000000   Number         0  stm32f4xx_hal_exti.o ABSOLUTE
    ..\Drivers\STM32F4xx_HAL_Driver\Src\stm32f4xx_hal_flash.c 0x00000000   Number         0  stm32f4xx_hal_flash.o ABSOLUTE
    ..\Drivers\STM32F4xx_HAL_Driver\Src\stm32f4xx_hal_flash_ex.c 0x00000000   Number         0  stm32f4xx_hal_flash_ex.o ABSOLUTE
    ..\Drivers\STM32F4xx_HAL_Driver\Src\stm32f4xx_hal_flash_ramfunc.c 0x00000000   Number         0  stm32f4xx_hal_flash_ramfunc.o ABSOLUTE
    ..\Drivers\STM32F4xx_HAL_Driver\Src\stm32f4xx_hal_gpio.c 0x00000000   Number         0  stm32f4xx_hal_gpio.o ABSOLUTE
    ..\Drivers\STM32F4xx_HAL_Driver\Src\stm32f4xx_hal_pwr.c 0x00000000   Number         0  stm32f4xx_hal_pwr.o ABSOLUTE
    ..\Drivers\STM32F4xx_HAL_Driver\Src\stm32f4xx_hal_pwr_ex.c 0x00000000   Number         0  stm32f4xx_hal_pwr_ex.o ABSOLUTE
    ..\Drivers\STM32F4xx_HAL_Driver\Src\stm32f4xx_hal_rcc.c 0x00000000   Number         0  stm32f4xx_hal_rcc.o ABSOLUTE
    ..\Drivers\STM32F4xx_HAL_Driver\Src\stm32f4xx_hal_rcc_ex.c 0x00000000   Number         0  stm32f4xx_hal_rcc_ex.o ABSOLUTE
    ..\Drivers\STM32F4xx_HAL_Driver\Src\stm32f4xx_hal_tim.c 0x00000000   Number         0  stm32f4xx_hal_tim.o ABSOLUTE
    ..\Drivers\STM32F4xx_HAL_Driver\Src\stm32f4xx_hal_tim_ex.c 0x00000000   Number         0  stm32f4xx_hal_tim_ex.o ABSOLUTE
    ..\Drivers\STM32F4xx_HAL_Driver\Src\stm32f4xx_hal_uart.c 0x00000000   Number         0  stm32f4xx_hal_uart.o ABSOLUTE
    ..\\Core\\Src\\encoder.c                 0x00000000   Number         0  encoder.o ABSOLUTE
    ..\\Core\\Src\\motor_control.c           0x00000000   Number         0  motor_control.o ABSOLUTE
    ..\\Core\\Src\\pid.c                     0x00000000   Number         0  pid.o ABSOLUTE
    ..\\Core\\Src\\ps2_receiver.c            0x00000000   Number         0  ps2_receiver.o ABSOLUTE
    ..\\Core\\Src\\remote_to_motion.c        0x00000000   Number         0  remote_to_motion.o ABSOLUTE
    ..\\Core\\Src\\uart4_debug.c             0x00000000   Number         0  uart4_debug.o ABSOLUTE
    dc.s                                     0x00000000   Number         0  dc.o ABSOLUTE
    startup_stm32f407xx.s                    0x00000000   Number         0  startup_stm32f407xx.o ABSOLUTE
    RESET                                    0x08000000   Section      392  startup_stm32f407xx.o(RESET)
    !!!main                                  0x08000188   Section        8  __main.o(!!!main)
    !!!scatter                               0x08000190   Section       52  __scatter.o(!!!scatter)
    !!handler_copy                           0x080001c4   Section       26  __scatter_copy.o(!!handler_copy)
    !!handler_zi                             0x080001e0   Section       28  __scatter_zi.o(!!handler_zi)
    .ARM.Collect$$_printf_percent$$00000000  0x080001fc   Section        0  _printf_percent.o(.ARM.Collect$$_printf_percent$$00000000)
    .ARM.Collect$$_printf_percent$$0000000A  0x080001fc   Section        6  _printf_u.o(.ARM.Collect$$_printf_percent$$0000000A)
    .ARM.Collect$$_printf_percent$$00000017  0x08000202   Section        4  _printf_percent_end.o(.ARM.Collect$$_printf_percent$$00000017)
    .ARM.Collect$$libinit$$00000000          0x08000206   Section        2  libinit.o(.ARM.Collect$$libinit$$00000000)
    .ARM.Collect$$libinit$$00000001          0x08000208   Section        4  libinit2.o(.ARM.Collect$$libinit$$00000001)
    .ARM.Collect$$libinit$$00000004          0x0800020c   Section        0  libinit2.o(.ARM.Collect$$libinit$$00000004)
    .ARM.Collect$$libinit$$0000000A          0x0800020c   Section        0  libinit2.o(.ARM.Collect$$libinit$$0000000A)
    .ARM.Collect$$libinit$$0000000C          0x0800020c   Section        0  libinit2.o(.ARM.Collect$$libinit$$0000000C)
    .ARM.Collect$$libinit$$0000000E          0x0800020c   Section        0  libinit2.o(.ARM.Collect$$libinit$$0000000E)
    .ARM.Collect$$libinit$$00000011          0x0800020c   Section        0  libinit2.o(.ARM.Collect$$libinit$$00000011)
    .ARM.Collect$$libinit$$00000013          0x0800020c   Section        0  libinit2.o(.ARM.Collect$$libinit$$00000013)
    .ARM.Collect$$libinit$$00000015          0x0800020c   Section        0  libinit2.o(.ARM.Collect$$libinit$$00000015)
    .ARM.Collect$$libinit$$00000017          0x0800020c   Section        0  libinit2.o(.ARM.Collect$$libinit$$00000017)
    .ARM.Collect$$libinit$$00000019          0x0800020c   Section        0  libinit2.o(.ARM.Collect$$libinit$$00000019)
    .ARM.Collect$$libinit$$0000001B          0x0800020c   Section        0  libinit2.o(.ARM.Collect$$libinit$$0000001B)
    .ARM.Collect$$libinit$$0000001D          0x0800020c   Section        0  libinit2.o(.ARM.Collect$$libinit$$0000001D)
    .ARM.Collect$$libinit$$0000001F          0x0800020c   Section        0  libinit2.o(.ARM.Collect$$libinit$$0000001F)
    .ARM.Collect$$libinit$$00000021          0x0800020c   Section        0  libinit2.o(.ARM.Collect$$libinit$$00000021)
    .ARM.Collect$$libinit$$00000023          0x0800020c   Section        0  libinit2.o(.ARM.Collect$$libinit$$00000023)
    .ARM.Collect$$libinit$$00000025          0x0800020c   Section        0  libinit2.o(.ARM.Collect$$libinit$$00000025)
    .ARM.Collect$$libinit$$0000002C          0x0800020c   Section        0  libinit2.o(.ARM.Collect$$libinit$$0000002C)
    .ARM.Collect$$libinit$$0000002E          0x0800020c   Section        0  libinit2.o(.ARM.Collect$$libinit$$0000002E)
    .ARM.Collect$$libinit$$00000030          0x0800020c   Section        0  libinit2.o(.ARM.Collect$$libinit$$00000030)
    .ARM.Collect$$libinit$$00000032          0x0800020c   Section        0  libinit2.o(.ARM.Collect$$libinit$$00000032)
    .ARM.Collect$$libinit$$00000033          0x0800020c   Section        2  libinit2.o(.ARM.Collect$$libinit$$00000033)
    .ARM.Collect$$libshutdown$$00000000      0x0800020e   Section        2  libshutdown.o(.ARM.Collect$$libshutdown$$00000000)
    .ARM.Collect$$libshutdown$$00000002      0x08000210   Section        0  libshutdown2.o(.ARM.Collect$$libshutdown$$00000002)
    .ARM.Collect$$libshutdown$$00000004      0x08000210   Section        0  libshutdown2.o(.ARM.Collect$$libshutdown$$00000004)
    .ARM.Collect$$libshutdown$$00000006      0x08000210   Section        0  libshutdown2.o(.ARM.Collect$$libshutdown$$00000006)
    .ARM.Collect$$libshutdown$$00000009      0x08000210   Section        0  libshutdown2.o(.ARM.Collect$$libshutdown$$00000009)
    .ARM.Collect$$libshutdown$$0000000C      0x08000210   Section        0  libshutdown2.o(.ARM.Collect$$libshutdown$$0000000C)
    .ARM.Collect$$libshutdown$$0000000E      0x08000210   Section        0  libshutdown2.o(.ARM.Collect$$libshutdown$$0000000E)
    .ARM.Collect$$libshutdown$$00000011      0x08000210   Section        0  libshutdown2.o(.ARM.Collect$$libshutdown$$00000011)
    .ARM.Collect$$libshutdown$$00000012      0x08000210   Section        2  libshutdown2.o(.ARM.Collect$$libshutdown$$00000012)
    .ARM.Collect$$rtentry$$00000000          0x08000212   Section        0  __rtentry.o(.ARM.Collect$$rtentry$$00000000)
    .ARM.Collect$$rtentry$$00000002          0x08000212   Section        0  __rtentry2.o(.ARM.Collect$$rtentry$$00000002)
    .ARM.Collect$$rtentry$$00000004          0x08000212   Section        6  __rtentry4.o(.ARM.Collect$$rtentry$$00000004)
    .ARM.Collect$$rtentry$$00000009          0x08000218   Section        0  __rtentry2.o(.ARM.Collect$$rtentry$$00000009)
    .ARM.Collect$$rtentry$$0000000A          0x08000218   Section        4  __rtentry2.o(.ARM.Collect$$rtentry$$0000000A)
    .ARM.Collect$$rtentry$$0000000C          0x0800021c   Section        0  __rtentry2.o(.ARM.Collect$$rtentry$$0000000C)
    .ARM.Collect$$rtentry$$0000000D          0x0800021c   Section        8  __rtentry2.o(.ARM.Collect$$rtentry$$0000000D)
    .ARM.Collect$$rtexit$$00000000           0x08000224   Section        2  rtexit.o(.ARM.Collect$$rtexit$$00000000)
    .ARM.Collect$$rtexit$$00000002           0x08000226   Section        0  rtexit2.o(.ARM.Collect$$rtexit$$00000002)
    .ARM.Collect$$rtexit$$00000003           0x08000226   Section        4  rtexit2.o(.ARM.Collect$$rtexit$$00000003)
    .ARM.Collect$$rtexit$$00000004           0x0800022a   Section        6  rtexit2.o(.ARM.Collect$$rtexit$$00000004)
    .text                                    0x08000230   Section       64  startup_stm32f407xx.o(.text)
    $v0                                      0x08000230   Number         0  startup_stm32f407xx.o(.text)
    .text                                    0x08000270   Section      238  lludivv7m.o(.text)
    .text                                    0x08000360   Section        0  __2snprintf.o(.text)
    .text                                    0x08000398   Section        0  __printf.o(.text)
    .text                                    0x08000400   Section        0  _printf_dec.o(.text)
    .text                                    0x08000478   Section       78  rt_memclr_w.o(.text)
    .text                                    0x080004c6   Section        0  heapauxi.o(.text)
    .text                                    0x080004cc   Section        0  _printf_intcommon.o(.text)
    .text                                    0x08000580   Section        0  _printf_char_common.o(.text)
    _printf_input_char                       0x08000581   Thumb Code    10  _printf_char_common.o(.text)
    .text                                    0x080005b0   Section        0  _sputc.o(.text)
    .text                                    0x080005ba   Section        0  _snputc.o(.text)
    .text                                    0x080005ca   Section       74  sys_stackheap_outer.o(.text)
    .text                                    0x08000614   Section        0  exit.o(.text)
    .text                                    0x08000628   Section        8  libspace.o(.text)
    .text                                    0x08000630   Section        0  sys_exit.o(.text)
    .text                                    0x0800063c   Section        2  use_no_semi.o(.text)
    .text                                    0x0800063e   Section        0  indicate_semi.o(.text)
    i.BusFault_Handler                       0x0800063e   Section        0  stm32f4xx_it.o(i.BusFault_Handler)
    i.DebugMon_Handler                       0x08000640   Section        0  stm32f4xx_it.o(i.DebugMon_Handler)
    i.Encoder_GetSpeed                       0x08000644   Section        0  encoder.o(i.Encoder_GetSpeed)
    i.Encoder_Init                           0x08000664   Section        0  encoder.o(i.Encoder_Init)
    i.Encoder_UpdateSpeed                    0x080006bc   Section        0  encoder.o(i.Encoder_UpdateSpeed)
    i.Error_Handler                          0x08000750   Section        0  main.o(i.Error_Handler)
    i.HAL_DMA_Abort                          0x08000754   Section        0  stm32f4xx_hal_dma.o(i.HAL_DMA_Abort)
    i.HAL_DMA_Abort_IT                       0x080007e6   Section        0  stm32f4xx_hal_dma.o(i.HAL_DMA_Abort_IT)
    i.HAL_GPIO_Init                          0x0800080c   Section        0  stm32f4xx_hal_gpio.o(i.HAL_GPIO_Init)
    i.HAL_GPIO_WritePin                      0x080009fc   Section        0  stm32f4xx_hal_gpio.o(i.HAL_GPIO_WritePin)
    i.HAL_GetTick                            0x08000a08   Section        0  stm32f4xx_hal.o(i.HAL_GetTick)
    i.HAL_IncTick                            0x08000a14   Section        0  stm32f4xx_hal.o(i.HAL_IncTick)
    i.HAL_Init                               0x08000a24   Section        0  stm32f4xx_hal.o(i.HAL_Init)
    i.HAL_InitTick                           0x08000a58   Section        0  stm32f4xx_hal.o(i.HAL_InitTick)
    i.HAL_MspInit                            0x08000a98   Section        0  stm32f4xx_hal_msp.o(i.HAL_MspInit)
    i.HAL_NVIC_EnableIRQ                     0x08000ac8   Section        0  stm32f4xx_hal_cortex.o(i.HAL_NVIC_EnableIRQ)
    i.HAL_NVIC_SetPriority                   0x08000ae4   Section        0  stm32f4xx_hal_cortex.o(i.HAL_NVIC_SetPriority)
    i.HAL_NVIC_SetPriorityGrouping           0x08000b24   Section        0  stm32f4xx_hal_cortex.o(i.HAL_NVIC_SetPriorityGrouping)
    i.HAL_RCC_ClockConfig                    0x08000b48   Section        0  stm32f4xx_hal_rcc.o(i.HAL_RCC_ClockConfig)
    i.HAL_RCC_GetPCLK1Freq                   0x08000c7c   Section        0  stm32f4xx_hal_rcc.o(i.HAL_RCC_GetPCLK1Freq)
    i.HAL_RCC_GetPCLK2Freq                   0x08000c9c   Section        0  stm32f4xx_hal_rcc.o(i.HAL_RCC_GetPCLK2Freq)
    i.HAL_RCC_GetSysClockFreq                0x08000cbc   Section        0  stm32f4xx_hal_rcc.o(i.HAL_RCC_GetSysClockFreq)
    i.HAL_RCC_OscConfig                      0x08000d20   Section        0  stm32f4xx_hal_rcc.o(i.HAL_RCC_OscConfig)
    i.HAL_SYSTICK_Config                     0x0800108c   Section        0  stm32f4xx_hal_cortex.o(i.HAL_SYSTICK_Config)
    i.HAL_TIMEx_BreakCallback                0x080010b4   Section        0  stm32f4xx_hal_tim_ex.o(i.HAL_TIMEx_BreakCallback)
    i.HAL_TIMEx_CommutCallback               0x080010b6   Section        0  stm32f4xx_hal_tim_ex.o(i.HAL_TIMEx_CommutCallback)
    i.HAL_TIMEx_ConfigBreakDeadTime          0x080010b8   Section        0  stm32f4xx_hal_tim_ex.o(i.HAL_TIMEx_ConfigBreakDeadTime)
    i.HAL_TIMEx_MasterConfigSynchronization  0x0800110c   Section        0  stm32f4xx_hal_tim_ex.o(i.HAL_TIMEx_MasterConfigSynchronization)
    i.HAL_TIM_Base_Init                      0x0800119c   Section        0  stm32f4xx_hal_tim.o(i.HAL_TIM_Base_Init)
    i.HAL_TIM_Base_MspInit                   0x080011f8   Section        0  tim.o(i.HAL_TIM_Base_MspInit)
    i.HAL_TIM_Base_Start_IT                  0x08001250   Section        0  stm32f4xx_hal_tim.o(i.HAL_TIM_Base_Start_IT)
    i.HAL_TIM_ConfigClockSource              0x080012d0   Section        0  stm32f4xx_hal_tim.o(i.HAL_TIM_ConfigClockSource)
    i.HAL_TIM_Encoder_Init                   0x080013ac   Section        0  stm32f4xx_hal_tim.o(i.HAL_TIM_Encoder_Init)
    i.HAL_TIM_Encoder_MspInit                0x08001450   Section        0  tim.o(i.HAL_TIM_Encoder_MspInit)
    i.HAL_TIM_Encoder_Start                  0x08001594   Section        0  stm32f4xx_hal_tim.o(i.HAL_TIM_Encoder_Start)
    i.HAL_TIM_IC_CaptureCallback             0x08001622   Section        0  stm32f4xx_hal_tim.o(i.HAL_TIM_IC_CaptureCallback)
    i.HAL_TIM_IRQHandler                     0x08001624   Section        0  stm32f4xx_hal_tim.o(i.HAL_TIM_IRQHandler)
    i.HAL_TIM_MspPostInit                    0x08001754   Section        0  tim.o(i.HAL_TIM_MspPostInit)
    i.HAL_TIM_OC_DelayElapsedCallback        0x080017a8   Section        0  stm32f4xx_hal_tim.o(i.HAL_TIM_OC_DelayElapsedCallback)
    i.HAL_TIM_PWM_ConfigChannel              0x080017aa   Section        0  stm32f4xx_hal_tim.o(i.HAL_TIM_PWM_ConfigChannel)
    i.HAL_TIM_PWM_Init                       0x08001876   Section        0  stm32f4xx_hal_tim.o(i.HAL_TIM_PWM_Init)
    i.HAL_TIM_PWM_MspInit                    0x080018d0   Section        0  stm32f4xx_hal_tim.o(i.HAL_TIM_PWM_MspInit)
    i.HAL_TIM_PWM_PulseFinishedCallback      0x080018d2   Section        0  stm32f4xx_hal_tim.o(i.HAL_TIM_PWM_PulseFinishedCallback)
    i.HAL_TIM_PWM_Start                      0x080018d4   Section        0  stm32f4xx_hal_tim.o(i.HAL_TIM_PWM_Start)
    i.HAL_TIM_PeriodElapsedCallback          0x0800199c   Section        0  stm32f4xx_it.o(i.HAL_TIM_PeriodElapsedCallback)
    i.HAL_TIM_TriggerCallback                0x080019c4   Section        0  stm32f4xx_hal_tim.o(i.HAL_TIM_TriggerCallback)
    i.HAL_UARTEx_RxEventCallback             0x080019c6   Section        0  stm32f4xx_hal_uart.o(i.HAL_UARTEx_RxEventCallback)
    i.HAL_UART_ErrorCallback                 0x080019c8   Section        0  stm32f4xx_hal_uart.o(i.HAL_UART_ErrorCallback)
    i.HAL_UART_IRQHandler                    0x080019cc   Section        0  stm32f4xx_hal_uart.o(i.HAL_UART_IRQHandler)
    i.HAL_UART_Init                          0x08001c4c   Section        0  stm32f4xx_hal_uart.o(i.HAL_UART_Init)
    i.HAL_UART_MspInit                       0x08001cb0   Section        0  usart.o(i.HAL_UART_MspInit)
    i.HAL_UART_Receive_IT                    0x08001d8c   Section        0  stm32f4xx_hal_uart.o(i.HAL_UART_Receive_IT)
    i.HAL_UART_RxCpltCallback                0x08001da8   Section        0  ps2_receiver.o(i.HAL_UART_RxCpltCallback)
    i.HAL_UART_Transmit                      0x08001dd8   Section        0  stm32f4xx_hal_uart.o(i.HAL_UART_Transmit)
    i.HAL_UART_TxCpltCallback                0x08001e78   Section        0  stm32f4xx_hal_uart.o(i.HAL_UART_TxCpltCallback)
    i.HardFault_Handler                      0x08001e7a   Section        0  stm32f4xx_it.o(i.HardFault_Handler)
    i.MX_GPIO_Init                           0x08001e7c   Section        0  gpio.o(i.MX_GPIO_Init)
    i.MX_TIM2_Init                           0x08001f54   Section        0  tim.o(i.MX_TIM2_Init)
    i.MX_TIM3_Init                           0x08001fbc   Section        0  tim.o(i.MX_TIM3_Init)
    i.MX_TIM4_Init                           0x08002028   Section        0  tim.o(i.MX_TIM4_Init)
    i.MX_TIM5_Init                           0x08002094   Section        0  tim.o(i.MX_TIM5_Init)
    i.MX_TIM6_Init                           0x08002100   Section        0  tim.o(i.MX_TIM6_Init)
    i.MX_TIM8_Init                           0x08002144   Section        0  tim.o(i.MX_TIM8_Init)
    i.MX_UART4_Init                          0x0800223c   Section        0  usart.o(i.MX_UART4_Init)
    i.MX_USART2_UART_Init                    0x08002274   Section        0  usart.o(i.MX_USART2_UART_Init)
    i.MemManage_Handler                      0x080022b4   Section        0  stm32f4xx_it.o(i.MemManage_Handler)
    i.MotorControl_Init                      0x080022b8   Section        0  motor_control.o(i.MotorControl_Init)
    i.MotorControl_SetAllTargetSpeedMMps     0x08002348   Section        0  motor_control.o(i.MotorControl_SetAllTargetSpeedMMps)
    i.MotorControl_StopAll                   0x08002378   Section        0  motor_control.o(i.MotorControl_StopAll)
    i.MotorControl_Update                    0x080023bc   Section        0  motor_control.o(i.MotorControl_Update)
    i.Motor_SetPWM                           0x08002430   Section        0  motor_control.o(i.Motor_SetPWM)
    Motor_SetPWM                             0x08002431   Thumb Code   152  motor_control.o(i.Motor_SetPWM)
    i.NMI_Handler                            0x080024d4   Section        0  stm32f4xx_it.o(i.NMI_Handler)
    i.PID_Calc                               0x080024d8   Section        0  pid.o(i.PID_Calc)
    i.PID_Init                               0x08002584   Section        0  pid.o(i.PID_Init)
    i.PID_Reset                              0x080025c8   Section        0  pid.o(i.PID_Reset)
    i.PS2_Receiver_GetData                   0x080025e0   Section        0  ps2_receiver.o(i.PS2_Receiver_GetData)
    i.PS2_Receiver_Init                      0x08002608   Section        0  ps2_receiver.o(i.PS2_Receiver_Init)
    i.PS2_Receiver_ParseByte                 0x0800263c   Section        0  ps2_receiver.o(i.PS2_Receiver_ParseByte)
    i.PendSV_Handler                         0x08002684   Section        0  stm32f4xx_it.o(i.PendSV_Handler)
    i.RawToSpeedWithDeadzone                 0x08002688   Section        0  remote_to_motion.o(i.RawToSpeedWithDeadzone)
    RawToSpeedWithDeadzone                   0x08002689   Thumb Code    46  remote_to_motion.o(i.RawToSpeedWithDeadzone)
    i.RemoteToMotion_Init                    0x080026c4   Section        0  remote_to_motion.o(i.RemoteToMotion_Init)
    i.RemoteToMotion_Update                  0x080026dc   Section        0  remote_to_motion.o(i.RemoteToMotion_Update)
    i.SBUS_Parse_Packet                      0x08002748   Section        0  ps2_receiver.o(i.SBUS_Parse_Packet)
    SBUS_Parse_Packet                        0x08002749   Thumb Code   108  ps2_receiver.o(i.SBUS_Parse_Packet)
    i.SVC_Handler                            0x080027b8   Section        0  stm32f4xx_it.o(i.SVC_Handler)
    i.SysTick_Handler                        0x080027ba   Section        0  stm32f4xx_it.o(i.SysTick_Handler)
    i.SystemClock_Config                     0x080027c0   Section        0  main.o(i.SystemClock_Config)
    i.SystemInit                             0x08002854   Section        0  system_stm32f4xx.o(i.SystemInit)
    i.TIM6_DAC_IRQHandler                    0x08002864   Section        0  stm32f4xx_it.o(i.TIM6_DAC_IRQHandler)
    i.TIM_Base_SetConfig                     0x08002870   Section        0  stm32f4xx_hal_tim.o(i.TIM_Base_SetConfig)
    i.TIM_CCxChannelCmd                      0x08002940   Section        0  stm32f4xx_hal_tim.o(i.TIM_CCxChannelCmd)
    i.TIM_ETR_SetConfig                      0x0800295a   Section        0  stm32f4xx_hal_tim.o(i.TIM_ETR_SetConfig)
    i.TIM_ITRx_SetConfig                     0x0800296e   Section        0  stm32f4xx_hal_tim.o(i.TIM_ITRx_SetConfig)
    TIM_ITRx_SetConfig                       0x0800296f   Thumb Code    16  stm32f4xx_hal_tim.o(i.TIM_ITRx_SetConfig)
    i.TIM_OC1_SetConfig                      0x08002980   Section        0  stm32f4xx_hal_tim.o(i.TIM_OC1_SetConfig)
    TIM_OC1_SetConfig                        0x08002981   Thumb Code    88  stm32f4xx_hal_tim.o(i.TIM_OC1_SetConfig)
    i.TIM_OC2_SetConfig                      0x080029e0   Section        0  stm32f4xx_hal_tim.o(i.TIM_OC2_SetConfig)
    i.TIM_OC3_SetConfig                      0x08002a4c   Section        0  stm32f4xx_hal_tim.o(i.TIM_OC3_SetConfig)
    TIM_OC3_SetConfig                        0x08002a4d   Thumb Code    96  stm32f4xx_hal_tim.o(i.TIM_OC3_SetConfig)
    i.TIM_OC4_SetConfig                      0x08002ab4   Section        0  stm32f4xx_hal_tim.o(i.TIM_OC4_SetConfig)
    TIM_OC4_SetConfig                        0x08002ab5   Thumb Code    70  stm32f4xx_hal_tim.o(i.TIM_OC4_SetConfig)
    i.TIM_TI1_ConfigInputStage               0x08002b04   Section        0  stm32f4xx_hal_tim.o(i.TIM_TI1_ConfigInputStage)
    TIM_TI1_ConfigInputStage                 0x08002b05   Thumb Code    34  stm32f4xx_hal_tim.o(i.TIM_TI1_ConfigInputStage)
    i.TIM_TI2_ConfigInputStage               0x08002b26   Section        0  stm32f4xx_hal_tim.o(i.TIM_TI2_ConfigInputStage)
    TIM_TI2_ConfigInputStage                 0x08002b27   Thumb Code    36  stm32f4xx_hal_tim.o(i.TIM_TI2_ConfigInputStage)
    i.UART4_Debug_SendPS2Joystick            0x08002b4c   Section        0  uart4_debug.o(i.UART4_Debug_SendPS2Joystick)
    i.UART_DMAAbortOnError                   0x08002b88   Section        0  stm32f4xx_hal_uart.o(i.UART_DMAAbortOnError)
    UART_DMAAbortOnError                     0x08002b89   Thumb Code    14  stm32f4xx_hal_uart.o(i.UART_DMAAbortOnError)
    i.UART_EndRxTransfer                     0x08002b96   Section        0  stm32f4xx_hal_uart.o(i.UART_EndRxTransfer)
    UART_EndRxTransfer                       0x08002b97   Thumb Code    78  stm32f4xx_hal_uart.o(i.UART_EndRxTransfer)
    i.UART_Receive_IT                        0x08002be4   Section        0  stm32f4xx_hal_uart.o(i.UART_Receive_IT)
    UART_Receive_IT                          0x08002be5   Thumb Code   194  stm32f4xx_hal_uart.o(i.UART_Receive_IT)
    i.UART_SetConfig                         0x08002ca8   Section        0  stm32f4xx_hal_uart.o(i.UART_SetConfig)
    UART_SetConfig                           0x08002ca9   Thumb Code   258  stm32f4xx_hal_uart.o(i.UART_SetConfig)
    i.UART_Start_Receive_IT                  0x08002db4   Section        0  stm32f4xx_hal_uart.o(i.UART_Start_Receive_IT)
    i.UART_WaitOnFlagUntilTimeout            0x08002dea   Section        0  stm32f4xx_hal_uart.o(i.UART_WaitOnFlagUntilTimeout)
    UART_WaitOnFlagUntilTimeout              0x08002deb   Thumb Code   114  stm32f4xx_hal_uart.o(i.UART_WaitOnFlagUntilTimeout)
    i.USART2_IRQHandler                      0x08002e5c   Section        0  stm32f4xx_it.o(i.USART2_IRQHandler)
    i.UsageFault_Handler                     0x08002e68   Section        0  stm32f4xx_it.o(i.UsageFault_Handler)
    i.__NVIC_SetPriority                     0x08002e6a   Section        0  stm32f4xx_hal_cortex.o(i.__NVIC_SetPriority)
    __NVIC_SetPriority                       0x08002e6b   Thumb Code    32  stm32f4xx_hal_cortex.o(i.__NVIC_SetPriority)
    i.main                                   0x08002e8c   Section        0  main.o(i.main)
    x$fpl$fpinit                             0x08002f28   Section       10  fpinit.o(x$fpl$fpinit)
    $v0                                      0x08002f28   Number         0  fpinit.o(x$fpl$fpinit)
    .constdata                               0x08002f32   Section       16  motor_control.o(.constdata)
    motor_in1_pin                            0x08002f32   Data           8  motor_control.o(.constdata)
    motor_in2_pin                            0x08002f3a   Data           8  motor_control.o(.constdata)
    .constdata                               0x08002f42   Section       16  system_stm32f4xx.o(.constdata)
    .constdata                               0x08002f52   Section        8  system_stm32f4xx.o(.constdata)
    .data                                    0x20000000   Section        1  stm32f4xx_it.o(.data)
    tick_10ms                                0x20000000   Data           1  stm32f4xx_it.o(.data)
    .data                                    0x20000004   Section        4  motor_control.o(.data)
    motor_gpio_port                          0x20000004   Data           4  motor_control.o(.data)
    .data                                    0x20000008   Section        3  ps2_receiver.o(.data)
    sbus_rx_index                            0x20000008   Data           1  ps2_receiver.o(.data)
    sbus_state                               0x20000009   Data           1  ps2_receiver.o(.data)
    sbus_uart_rx_byte                        0x2000000a   Data           1  ps2_receiver.o(.data)
    .data                                    0x2000000c   Section       12  stm32f4xx_hal.o(.data)
    .data                                    0x20000018   Section        4  system_stm32f4xx.o(.data)
    .bss                                     0x2000001c   Section      432  tim.o(.bss)
    .bss                                     0x200001cc   Section      144  usart.o(.bss)
    .bss                                     0x2000025c   Section       48  encoder.o(.bss)
    encoder_count                            0x2000025c   Data          16  encoder.o(.bss)
    encoder_count_last                       0x2000026c   Data          16  encoder.o(.bss)
    encoder_speed                            0x2000027c   Data          16  encoder.o(.bss)
    .bss                                     0x2000028c   Section      144  motor_control.o(.bss)
    target_speed                             0x2000028c   Data          16  motor_control.o(.bss)
    motor_pid                                0x2000029c   Data         128  motor_control.o(.bss)
    .bss                                     0x2000031c   Section       39  ps2_receiver.o(.bss)
    ps2_data                                 0x2000031c   Data          14  ps2_receiver.o(.bss)
    sbus_rx_buffer                           0x2000032a   Data          25  ps2_receiver.o(.bss)
    .bss                                     0x20000344   Section       96  libspace.o(.bss)
    HEAP                                     0x200003a8   Section      512  startup_stm32f407xx.o(HEAP)
    Heap_Mem                                 0x200003a8   Data         512  startup_stm32f407xx.o(HEAP)
    STACK                                    0x200005a8   Section     1024  startup_stm32f407xx.o(STACK)
    Stack_Mem                                0x200005a8   Data        1024  startup_stm32f407xx.o(STACK)
    __initial_sp                             0x200009a8   Data           0  startup_stm32f407xx.o(STACK)

    Global Symbols

    Symbol Name                              Value     Ov Type        Size  Object(Section)

    BuildAttributes$$THM_ISAv4$E$P$D$K$B$S$7EM$VFPi3$EXTD16$VFPS$VFMA$PE$A:L22UL41UL21$X:L11$S22US41US21$IEEE1$IW$USESV6$~STKCKD$USESV7$~SHL$OSPACE$ROPI$EBA8$UX$STANDARDLIB$REQ8$PRES8$EABIv2 0x00000000   Number         0  anon$$obj.o ABSOLUTE
    __ARM_use_no_argv                        0x00000000   Number         0  main.o ABSOLUTE
    _printf_flags                            0x00000000   Number         0  printf_stubs.o ABSOLUTE
    _printf_return_value                     0x00000000   Number         0  printf_stubs.o ABSOLUTE
    _printf_sizespec                         0x00000000   Number         0  printf_stubs.o ABSOLUTE
    _printf_widthprec                        0x00000000   Number         0  printf_stubs.o ABSOLUTE
    __ARM_exceptions_init                     - Undefined Weak Reference
    __alloca_initialize                       - Undefined Weak Reference
    __arm_fini_                               - Undefined Weak Reference
    __arm_preinit_                            - Undefined Weak Reference
    __cpp_initialize__aeabi_                  - Undefined Weak Reference
    __cxa_finalize                            - Undefined Weak Reference
    __rt_locale                               - Undefined Weak Reference
    __sigvec_lookup                           - Undefined Weak Reference
    _atexit_init                              - Undefined Weak Reference
    _call_atexit_fns                          - Undefined Weak Reference
    _clock_init                               - Undefined Weak Reference
    _fp_trap_init                             - Undefined Weak Reference
    _fp_trap_shutdown                         - Undefined Weak Reference
    _get_lc_collate                           - Undefined Weak Reference
    _get_lc_ctype                             - Undefined Weak Reference
    _get_lc_monetary                          - Undefined Weak Reference
    _get_lc_numeric                           - Undefined Weak Reference
    _get_lc_time                              - Undefined Weak Reference
    _getenv_init                              - Undefined Weak Reference
    _handle_redirection                       - Undefined Weak Reference
    _init_alloc                               - Undefined Weak Reference
    _init_user_alloc                          - Undefined Weak Reference
    _initio                                   - Undefined Weak Reference
    _printf_post_padding                      - Undefined Weak Reference
    _printf_pre_padding                       - Undefined Weak Reference
    _printf_truncate_signed                   - Undefined Weak Reference
    _printf_truncate_unsigned                 - Undefined Weak Reference
    _rand_init                                - Undefined Weak Reference
    _signal_finish                            - Undefined Weak Reference
    _signal_init                              - Undefined Weak Reference
    _terminate_alloc                          - Undefined Weak Reference
    _terminate_user_alloc                     - Undefined Weak Reference
    _terminateio                              - Undefined Weak Reference
    __Vectors_Size                           0x00000188   Number         0  startup_stm32f407xx.o ABSOLUTE
    __Vectors                                0x08000000   Data           4  startup_stm32f407xx.o(RESET)
    __Vectors_End                            0x08000188   Data           0  startup_stm32f407xx.o(RESET)
    __main                                   0x08000189   Thumb Code     8  __main.o(!!!main)
    __scatterload                            0x08000191   Thumb Code     0  __scatter.o(!!!scatter)
    __scatterload_rt2                        0x08000191   Thumb Code    44  __scatter.o(!!!scatter)
    __scatterload_rt2_thumb_only             0x08000191   Thumb Code     0  __scatter.o(!!!scatter)
    __scatterload_null                       0x0800019f   Thumb Code     0  __scatter.o(!!!scatter)
    __scatterload_copy                       0x080001c5   Thumb Code    26  __scatter_copy.o(!!handler_copy)
    __scatterload_zeroinit                   0x080001e1   Thumb Code    28  __scatter_zi.o(!!handler_zi)
    _printf_percent                          0x080001fd   Thumb Code     0  _printf_percent.o(.ARM.Collect$$_printf_percent$$00000000)
    _printf_u                                0x080001fd   Thumb Code     0  _printf_u.o(.ARM.Collect$$_printf_percent$$0000000A)
    _printf_percent_end                      0x08000203   Thumb Code     0  _printf_percent_end.o(.ARM.Collect$$_printf_percent$$00000017)
    __rt_lib_init                            0x08000207   Thumb Code     0  libinit.o(.ARM.Collect$$libinit$$00000000)
    __rt_lib_init_fp_1                       0x08000209   Thumb Code     0  libinit2.o(.ARM.Collect$$libinit$$00000001)
    __rt_lib_init_alloca_1                   0x0800020d   Thumb Code     0  libinit2.o(.ARM.Collect$$libinit$$0000002E)
    __rt_lib_init_argv_1                     0x0800020d   Thumb Code     0  libinit2.o(.ARM.Collect$$libinit$$0000002C)
    __rt_lib_init_atexit_1                   0x0800020d   Thumb Code     0  libinit2.o(.ARM.Collect$$libinit$$0000001B)
    __rt_lib_init_clock_1                    0x0800020d   Thumb Code     0  libinit2.o(.ARM.Collect$$libinit$$00000021)
    __rt_lib_init_cpp_1                      0x0800020d   Thumb Code     0  libinit2.o(.ARM.Collect$$libinit$$00000032)
    __rt_lib_init_exceptions_1               0x0800020d   Thumb Code     0  libinit2.o(.ARM.Collect$$libinit$$00000030)
    __rt_lib_init_fp_trap_1                  0x0800020d   Thumb Code     0  libinit2.o(.ARM.Collect$$libinit$$0000001F)
    __rt_lib_init_getenv_1                   0x0800020d   Thumb Code     0  libinit2.o(.ARM.Collect$$libinit$$00000023)
    __rt_lib_init_heap_1                     0x0800020d   Thumb Code     0  libinit2.o(.ARM.Collect$$libinit$$0000000A)
    __rt_lib_init_lc_collate_1               0x0800020d   Thumb Code     0  libinit2.o(.ARM.Collect$$libinit$$00000011)
    __rt_lib_init_lc_ctype_1                 0x0800020d   Thumb Code     0  libinit2.o(.ARM.Collect$$libinit$$00000013)
    __rt_lib_init_lc_monetary_1              0x0800020d   Thumb Code     0  libinit2.o(.ARM.Collect$$libinit$$00000015)
    __rt_lib_init_lc_numeric_1               0x0800020d   Thumb Code     0  libinit2.o(.ARM.Collect$$libinit$$00000017)
    __rt_lib_init_lc_time_1                  0x0800020d   Thumb Code     0  libinit2.o(.ARM.Collect$$libinit$$00000019)
    __rt_lib_init_preinit_1                  0x0800020d   Thumb Code     0  libinit2.o(.ARM.Collect$$libinit$$00000004)
    __rt_lib_init_rand_1                     0x0800020d   Thumb Code     0  libinit2.o(.ARM.Collect$$libinit$$0000000E)
    __rt_lib_init_return                     0x0800020d   Thumb Code     0  libinit2.o(.ARM.Collect$$libinit$$00000033)
    __rt_lib_init_signal_1                   0x0800020d   Thumb Code     0  libinit2.o(.ARM.Collect$$libinit$$0000001D)
    __rt_lib_init_stdio_1                    0x0800020d   Thumb Code     0  libinit2.o(.ARM.Collect$$libinit$$00000025)
    __rt_lib_init_user_alloc_1               0x0800020d   Thumb Code     0  libinit2.o(.ARM.Collect$$libinit$$0000000C)
    __rt_lib_shutdown                        0x0800020f   Thumb Code     0  libshutdown.o(.ARM.Collect$$libshutdown$$00000000)
    __rt_lib_shutdown_cpp_1                  0x08000211   Thumb Code     0  libshutdown2.o(.ARM.Collect$$libshutdown$$00000004)
    __rt_lib_shutdown_fini_1                 0x08000211   Thumb Code     0  libshutdown2.o(.ARM.Collect$$libshutdown$$00000002)
    __rt_lib_shutdown_fp_trap_1              0x08000211   Thumb Code     0  libshutdown2.o(.ARM.Collect$$libshutdown$$00000009)
    __rt_lib_shutdown_heap_1                 0x08000211   Thumb Code     0  libshutdown2.o(.ARM.Collect$$libshutdown$$00000011)
    __rt_lib_shutdown_return                 0x08000211   Thumb Code     0  libshutdown2.o(.ARM.Collect$$libshutdown$$00000012)
    __rt_lib_shutdown_signal_1               0x08000211   Thumb Code     0  libshutdown2.o(.ARM.Collect$$libshutdown$$0000000C)
    __rt_lib_shutdown_stdio_1                0x08000211   Thumb Code     0  libshutdown2.o(.ARM.Collect$$libshutdown$$00000006)
    __rt_lib_shutdown_user_alloc_1           0x08000211   Thumb Code     0  libshutdown2.o(.ARM.Collect$$libshutdown$$0000000E)
    __rt_entry                               0x08000213   Thumb Code     0  __rtentry.o(.ARM.Collect$$rtentry$$00000000)
    __rt_entry_presh_1                       0x08000213   Thumb Code     0  __rtentry2.o(.ARM.Collect$$rtentry$$00000002)
    __rt_entry_sh                            0x08000213   Thumb Code     0  __rtentry4.o(.ARM.Collect$$rtentry$$00000004)
    __rt_entry_li                            0x08000219   Thumb Code     0  __rtentry2.o(.ARM.Collect$$rtentry$$0000000A)
    __rt_entry_postsh_1                      0x08000219   Thumb Code     0  __rtentry2.o(.ARM.Collect$$rtentry$$00000009)
    __rt_entry_main                          0x0800021d   Thumb Code     0  __rtentry2.o(.ARM.Collect$$rtentry$$0000000D)
    __rt_entry_postli_1                      0x0800021d   Thumb Code     0  __rtentry2.o(.ARM.Collect$$rtentry$$0000000C)
    __rt_exit                                0x08000225   Thumb Code     0  rtexit.o(.ARM.Collect$$rtexit$$00000000)
    __rt_exit_ls                             0x08000227   Thumb Code     0  rtexit2.o(.ARM.Collect$$rtexit$$00000003)
    __rt_exit_prels_1                        0x08000227   Thumb Code     0  rtexit2.o(.ARM.Collect$$rtexit$$00000002)
    __rt_exit_exit                           0x0800022b   Thumb Code     0  rtexit2.o(.ARM.Collect$$rtexit$$00000004)
    Reset_Handler                            0x08000231   Thumb Code     8  startup_stm32f407xx.o(.text)
    ADC_IRQHandler                           0x0800024b   Thumb Code     0  startup_stm32f407xx.o(.text)
    CAN1_RX0_IRQHandler                      0x0800024b   Thumb Code     0  startup_stm32f407xx.o(.text)
    CAN1_RX1_IRQHandler                      0x0800024b   Thumb Code     0  startup_stm32f407xx.o(.text)
    CAN1_SCE_IRQHandler                      0x0800024b   Thumb Code     0  startup_stm32f407xx.o(.text)
    CAN1_TX_IRQHandler                       0x0800024b   Thumb Code     0  startup_stm32f407xx.o(.text)
    CAN2_RX0_IRQHandler                      0x0800024b   Thumb Code     0  startup_stm32f407xx.o(.text)
    CAN2_RX1_IRQHandler                      0x0800024b   Thumb Code     0  startup_stm32f407xx.o(.text)
    CAN2_SCE_IRQHandler                      0x0800024b   Thumb Code     0  startup_stm32f407xx.o(.text)
    CAN2_TX_IRQHandler                       0x0800024b   Thumb Code     0  startup_stm32f407xx.o(.text)
    DCMI_IRQHandler                          0x0800024b   Thumb Code     0  startup_stm32f407xx.o(.text)
    DMA1_Stream0_IRQHandler                  0x0800024b   Thumb Code     0  startup_stm32f407xx.o(.text)
    DMA1_Stream1_IRQHandler                  0x0800024b   Thumb Code     0  startup_stm32f407xx.o(.text)
    DMA1_Stream2_IRQHandler                  0x0800024b   Thumb Code     0  startup_stm32f407xx.o(.text)
    DMA1_Stream3_IRQHandler                  0x0800024b   Thumb Code     0  startup_stm32f407xx.o(.text)
    DMA1_Stream4_IRQHandler                  0x0800024b   Thumb Code     0  startup_stm32f407xx.o(.text)
    DMA1_Stream5_IRQHandler                  0x0800024b   Thumb Code     0  startup_stm32f407xx.o(.text)
    DMA1_Stream6_IRQHandler                  0x0800024b   Thumb Code     0  startup_stm32f407xx.o(.text)
    DMA1_Stream7_IRQHandler                  0x0800024b   Thumb Code     0  startup_stm32f407xx.o(.text)
    DMA2_Stream0_IRQHandler                  0x0800024b   Thumb Code     0  startup_stm32f407xx.o(.text)
    DMA2_Stream1_IRQHandler                  0x0800024b   Thumb Code     0  startup_stm32f407xx.o(.text)
    DMA2_Stream2_IRQHandler                  0x0800024b   Thumb Code     0  startup_stm32f407xx.o(.text)
    DMA2_Stream3_IRQHandler                  0x0800024b   Thumb Code     0  startup_stm32f407xx.o(.text)
    DMA2_Stream4_IRQHandler                  0x0800024b   Thumb Code     0  startup_stm32f407xx.o(.text)
    DMA2_Stream5_IRQHandler                  0x0800024b   Thumb Code     0  startup_stm32f407xx.o(.text)
    DMA2_Stream6_IRQHandler                  0x0800024b   Thumb Code     0  startup_stm32f407xx.o(.text)
    DMA2_Stream7_IRQHandler                  0x0800024b   Thumb Code     0  startup_stm32f407xx.o(.text)
    ETH_IRQHandler                           0x0800024b   Thumb Code     0  startup_stm32f407xx.o(.text)
    ETH_WKUP_IRQHandler                      0x0800024b   Thumb Code     0  startup_stm32f407xx.o(.text)
    EXTI0_IRQHandler                         0x0800024b   Thumb Code     0  startup_stm32f407xx.o(.text)
    EXTI15_10_IRQHandler                     0x0800024b   Thumb Code     0  startup_stm32f407xx.o(.text)
    EXTI1_IRQHandler                         0x0800024b   Thumb Code     0  startup_stm32f407xx.o(.text)
    EXTI2_IRQHandler                         0x0800024b   Thumb Code     0  startup_stm32f407xx.o(.text)
    EXTI3_IRQHandler                         0x0800024b   Thumb Code     0  startup_stm32f407xx.o(.text)
    EXTI4_IRQHandler                         0x0800024b   Thumb Code     0  startup_stm32f407xx.o(.text)
    EXTI9_5_IRQHandler                       0x0800024b   Thumb Code     0  startup_stm32f407xx.o(.text)
    FLASH_IRQHandler                         0x0800024b   Thumb Code     0  startup_stm32f407xx.o(.text)
    FMC_IRQHandler                           0x0800024b   Thumb Code     0  startup_stm32f407xx.o(.text)
    FPU_IRQHandler                           0x0800024b   Thumb Code     0  startup_stm32f407xx.o(.text)
    HASH_RNG_IRQHandler                      0x0800024b   Thumb Code     0  startup_stm32f407xx.o(.text)
    I2C1_ER_IRQHandler                       0x0800024b   Thumb Code     0  startup_stm32f407xx.o(.text)
    I2C1_EV_IRQHandler                       0x0800024b   Thumb Code     0  startup_stm32f407xx.o(.text)
    I2C2_ER_IRQHandler                       0x0800024b   Thumb Code     0  startup_stm32f407xx.o(.text)
    I2C2_EV_IRQHandler                       0x0800024b   Thumb Code     0  startup_stm32f407xx.o(.text)
    I2C3_ER_IRQHandler                       0x0800024b   Thumb Code     0  startup_stm32f407xx.o(.text)
    I2C3_EV_IRQHandler                       0x0800024b   Thumb Code     0  startup_stm32f407xx.o(.text)
    OTG_FS_IRQHandler                        0x0800024b   Thumb Code     0  startup_stm32f407xx.o(.text)
    OTG_FS_WKUP_IRQHandler                   0x0800024b   Thumb Code     0  startup_stm32f407xx.o(.text)
    OTG_HS_EP1_IN_IRQHandler                 0x0800024b   Thumb Code     0  startup_stm32f407xx.o(.text)
    OTG_HS_EP1_OUT_IRQHandler                0x0800024b   Thumb Code     0  startup_stm32f407xx.o(.text)
    OTG_HS_IRQHandler                        0x0800024b   Thumb Code     0  startup_stm32f407xx.o(.text)
    OTG_HS_WKUP_IRQHandler                   0x0800024b   Thumb Code     0  startup_stm32f407xx.o(.text)
    PVD_IRQHandler                           0x0800024b   Thumb Code     0  startup_stm32f407xx.o(.text)
    RCC_IRQHandler                           0x0800024b   Thumb Code     0  startup_stm32f407xx.o(.text)
    RTC_Alarm_IRQHandler                     0x0800024b   Thumb Code     0  startup_stm32f407xx.o(.text)
    RTC_WKUP_IRQHandler                      0x0800024b   Thumb Code     0  startup_stm32f407xx.o(.text)
    SDIO_IRQHandler                          0x0800024b   Thumb Code     0  startup_stm32f407xx.o(.text)
    SPI1_IRQHandler                          0x0800024b   Thumb Code     0  startup_stm32f407xx.o(.text)
    SPI2_IRQHandler                          0x0800024b   Thumb Code     0  startup_stm32f407xx.o(.text)
    SPI3_IRQHandler                          0x0800024b   Thumb Code     0  startup_stm32f407xx.o(.text)
    TAMP_STAMP_IRQHandler                    0x0800024b   Thumb Code     0  startup_stm32f407xx.o(.text)
    TIM1_BRK_TIM9_IRQHandler                 0x0800024b   Thumb Code     0  startup_stm32f407xx.o(.text)
    TIM1_CC_IRQHandler                       0x0800024b   Thumb Code     0  startup_stm32f407xx.o(.text)
    TIM1_TRG_COM_TIM11_IRQHandler            0x0800024b   Thumb Code     0  startup_stm32f407xx.o(.text)
    TIM1_UP_TIM10_IRQHandler                 0x0800024b   Thumb Code     0  startup_stm32f407xx.o(.text)
    TIM2_IRQHandler                          0x0800024b   Thumb Code     0  startup_stm32f407xx.o(.text)
    TIM3_IRQHandler                          0x0800024b   Thumb Code     0  startup_stm32f407xx.o(.text)
    TIM4_IRQHandler                          0x0800024b   Thumb Code     0  startup_stm32f407xx.o(.text)
    TIM5_IRQHandler                          0x0800024b   Thumb Code     0  startup_stm32f407xx.o(.text)
    TIM7_IRQHandler                          0x0800024b   Thumb Code     0  startup_stm32f407xx.o(.text)
    TIM8_BRK_TIM12_IRQHandler                0x0800024b   Thumb Code     0  startup_stm32f407xx.o(.text)
    TIM8_CC_IRQHandler                       0x0800024b   Thumb Code     0  startup_stm32f407xx.o(.text)
    TIM8_TRG_COM_TIM14_IRQHandler            0x0800024b   Thumb Code     0  startup_stm32f407xx.o(.text)
    TIM8_UP_TIM13_IRQHandler                 0x0800024b   Thumb Code     0  startup_stm32f407xx.o(.text)
    UART4_IRQHandler                         0x0800024b   Thumb Code     0  startup_stm32f407xx.o(.text)
    UART5_IRQHandler                         0x0800024b   Thumb Code     0  startup_stm32f407xx.o(.text)
    USART1_IRQHandler                        0x0800024b   Thumb Code     0  startup_stm32f407xx.o(.text)
    USART3_IRQHandler                        0x0800024b   Thumb Code     0  startup_stm32f407xx.o(.text)
    USART6_IRQHandler                        0x0800024b   Thumb Code     0  startup_stm32f407xx.o(.text)
    WWDG_IRQHandler                          0x0800024b   Thumb Code     0  startup_stm32f407xx.o(.text)
    __user_initial_stackheap                 0x0800024d   Thumb Code     0  startup_stm32f407xx.o(.text)
    __aeabi_uldivmod                         0x08000271   Thumb Code     0  lludivv7m.o(.text)
    _ll_udiv                                 0x08000271   Thumb Code   238  lludivv7m.o(.text)
    __2snprintf                              0x08000361   Thumb Code    50  __2snprintf.o(.text)
    __printf                                 0x08000399   Thumb Code   104  __printf.o(.text)
    _printf_int_dec                          0x08000401   Thumb Code   104  _printf_dec.o(.text)
    __aeabi_memclr4                          0x08000479   Thumb Code     0  rt_memclr_w.o(.text)
    __aeabi_memclr8                          0x08000479   Thumb Code     0  rt_memclr_w.o(.text)
    __rt_memclr_w                            0x08000479   Thumb Code    78  rt_memclr_w.o(.text)
    _memset_w                                0x0800047d   Thumb Code     0  rt_memclr_w.o(.text)
    __use_two_region_memory                  0x080004c7   Thumb Code     2  heapauxi.o(.text)
    __rt_heap_escrow$2region                 0x080004c9   Thumb Code     2  heapauxi.o(.text)
    __rt_heap_expand$2region                 0x080004cb   Thumb Code     2  heapauxi.o(.text)
    _printf_int_common                       0x080004cd   Thumb Code   178  _printf_intcommon.o(.text)
    _printf_char_common                      0x0800058b   Thumb Code    32  _printf_char_common.o(.text)
    _sputc                                   0x080005b1   Thumb Code    10  _sputc.o(.text)
    _snputc                                  0x080005bb   Thumb Code    16  _snputc.o(.text)
    __user_setup_stackheap                   0x080005cb   Thumb Code    74  sys_stackheap_outer.o(.text)
    exit                                     0x08000615   Thumb Code    18  exit.o(.text)
    __user_libspace                          0x08000629   Thumb Code     8  libspace.o(.text)
    __user_perproc_libspace                  0x08000629   Thumb Code     0  libspace.o(.text)
    __user_perthread_libspace                0x08000629   Thumb Code     0  libspace.o(.text)
    _sys_exit                                0x08000631   Thumb Code     8  sys_exit.o(.text)
    __I$use$semihosting                      0x0800063d   Thumb Code     0  use_no_semi.o(.text)
    __use_no_semihosting_swi                 0x0800063d   Thumb Code     2  use_no_semi.o(.text)
    BusFault_Handler                         0x0800063f   Thumb Code     2  stm32f4xx_it.o(i.BusFault_Handler)
    __semihosting_library_function           0x0800063f   Thumb Code     0  indicate_semi.o(.text)
    DebugMon_Handler                         0x08000641   Thumb Code     2  stm32f4xx_it.o(i.DebugMon_Handler)
    Encoder_GetSpeed                         0x08000645   Thumb Code    22  encoder.o(i.Encoder_GetSpeed)
    Encoder_Init                             0x08000665   Thumb Code    66  encoder.o(i.Encoder_Init)
    Encoder_UpdateSpeed                      0x080006bd   Thumb Code   124  encoder.o(i.Encoder_UpdateSpeed)
    Error_Handler                            0x08000751   Thumb Code     4  main.o(i.Error_Handler)
    HAL_DMA_Abort                            0x08000755   Thumb Code   146  stm32f4xx_hal_dma.o(i.HAL_DMA_Abort)
    HAL_DMA_Abort_IT                         0x080007e7   Thumb Code    36  stm32f4xx_hal_dma.o(i.HAL_DMA_Abort_IT)
    HAL_GPIO_Init                            0x0800080d   Thumb Code   450  stm32f4xx_hal_gpio.o(i.HAL_GPIO_Init)
    HAL_GPIO_WritePin                        0x080009fd   Thumb Code    10  stm32f4xx_hal_gpio.o(i.HAL_GPIO_WritePin)
    HAL_GetTick                              0x08000a09   Thumb Code     6  stm32f4xx_hal.o(i.HAL_GetTick)
    HAL_IncTick                              0x08000a15   Thumb Code    12  stm32f4xx_hal.o(i.HAL_IncTick)
    HAL_Init                                 0x08000a25   Thumb Code    48  stm32f4xx_hal.o(i.HAL_Init)
    HAL_InitTick                             0x08000a59   Thumb Code    54  stm32f4xx_hal.o(i.HAL_InitTick)
    HAL_MspInit                              0x08000a99   Thumb Code    42  stm32f4xx_hal_msp.o(i.HAL_MspInit)
    HAL_NVIC_EnableIRQ                       0x08000ac9   Thumb Code    26  stm32f4xx_hal_cortex.o(i.HAL_NVIC_EnableIRQ)
    HAL_NVIC_SetPriority                     0x08000ae5   Thumb Code    60  stm32f4xx_hal_cortex.o(i.HAL_NVIC_SetPriority)
    HAL_NVIC_SetPriorityGrouping             0x08000b25   Thumb Code    26  stm32f4xx_hal_cortex.o(i.HAL_NVIC_SetPriorityGrouping)
    HAL_RCC_ClockConfig                      0x08000b49   Thumb Code   288  stm32f4xx_hal_rcc.o(i.HAL_RCC_ClockConfig)
    HAL_RCC_GetPCLK1Freq                     0x08000c7d   Thumb Code    20  stm32f4xx_hal_rcc.o(i.HAL_RCC_GetPCLK1Freq)
    HAL_RCC_GetPCLK2Freq                     0x08000c9d   Thumb Code    20  stm32f4xx_hal_rcc.o(i.HAL_RCC_GetPCLK2Freq)
    HAL_RCC_GetSysClockFreq                  0x08000cbd   Thumb Code    88  stm32f4xx_hal_rcc.o(i.HAL_RCC_GetSysClockFreq)
    HAL_RCC_OscConfig                        0x08000d21   Thumb Code   856  stm32f4xx_hal_rcc.o(i.HAL_RCC_OscConfig)
    HAL_SYSTICK_Config                       0x0800108d   Thumb Code    40  stm32f4xx_hal_cortex.o(i.HAL_SYSTICK_Config)
    HAL_TIMEx_BreakCallback                  0x080010b5   Thumb Code     2  stm32f4xx_hal_tim_ex.o(i.HAL_TIMEx_BreakCallback)
    HAL_TIMEx_CommutCallback                 0x080010b7   Thumb Code     2  stm32f4xx_hal_tim_ex.o(i.HAL_TIMEx_CommutCallback)
    HAL_TIMEx_ConfigBreakDeadTime            0x080010b9   Thumb Code    84  stm32f4xx_hal_tim_ex.o(i.HAL_TIMEx_ConfigBreakDeadTime)
    HAL_TIMEx_MasterConfigSynchronization    0x0800110d   Thumb Code   116  stm32f4xx_hal_tim_ex.o(i.HAL_TIMEx_MasterConfigSynchronization)
    HAL_TIM_Base_Init                        0x0800119d   Thumb Code    90  stm32f4xx_hal_tim.o(i.HAL_TIM_Base_Init)
    HAL_TIM_Base_MspInit                     0x080011f9   Thumb Code    76  tim.o(i.HAL_TIM_Base_MspInit)
    HAL_TIM_Base_Start_IT                    0x08001251   Thumb Code   100  stm32f4xx_hal_tim.o(i.HAL_TIM_Base_Start_IT)
    HAL_TIM_ConfigClockSource                0x080012d1   Thumb Code   220  stm32f4xx_hal_tim.o(i.HAL_TIM_ConfigClockSource)
    HAL_TIM_Encoder_Init                     0x080013ad   Thumb Code   164  stm32f4xx_hal_tim.o(i.HAL_TIM_Encoder_Init)
    HAL_TIM_Encoder_MspInit                  0x08001451   Thumb Code   300  tim.o(i.HAL_TIM_Encoder_MspInit)
    HAL_TIM_Encoder_Start                    0x08001595   Thumb Code   142  stm32f4xx_hal_tim.o(i.HAL_TIM_Encoder_Start)
    HAL_TIM_IC_CaptureCallback               0x08001623   Thumb Code     2  stm32f4xx_hal_tim.o(i.HAL_TIM_IC_CaptureCallback)
    HAL_TIM_IRQHandler                       0x08001625   Thumb Code   304  stm32f4xx_hal_tim.o(i.HAL_TIM_IRQHandler)
    HAL_TIM_MspPostInit                      0x08001755   Thumb Code    72  tim.o(i.HAL_TIM_MspPostInit)
    HAL_TIM_OC_DelayElapsedCallback          0x080017a9   Thumb Code     2  stm32f4xx_hal_tim.o(i.HAL_TIM_OC_DelayElapsedCallback)
    HAL_TIM_PWM_ConfigChannel                0x080017ab   Thumb Code   204  stm32f4xx_hal_tim.o(i.HAL_TIM_PWM_ConfigChannel)
    HAL_TIM_PWM_Init                         0x08001877   Thumb Code    90  stm32f4xx_hal_tim.o(i.HAL_TIM_PWM_Init)
    HAL_TIM_PWM_MspInit                      0x080018d1   Thumb Code     2  stm32f4xx_hal_tim.o(i.HAL_TIM_PWM_MspInit)
    HAL_TIM_PWM_PulseFinishedCallback        0x080018d3   Thumb Code     2  stm32f4xx_hal_tim.o(i.HAL_TIM_PWM_PulseFinishedCallback)
    HAL_TIM_PWM_Start                        0x080018d5   Thumb Code   172  stm32f4xx_hal_tim.o(i.HAL_TIM_PWM_Start)
    HAL_TIM_PeriodElapsedCallback            0x0800199d   Thumb Code    32  stm32f4xx_it.o(i.HAL_TIM_PeriodElapsedCallback)
    HAL_TIM_TriggerCallback                  0x080019c5   Thumb Code     2  stm32f4xx_hal_tim.o(i.HAL_TIM_TriggerCallback)
    HAL_UARTEx_RxEventCallback               0x080019c7   Thumb Code     2  stm32f4xx_hal_uart.o(i.HAL_UARTEx_RxEventCallback)
    HAL_UART_ErrorCallback                   0x080019c9   Thumb Code     2  stm32f4xx_hal_uart.o(i.HAL_UART_ErrorCallback)
    HAL_UART_IRQHandler                      0x080019cd   Thumb Code   636  stm32f4xx_hal_uart.o(i.HAL_UART_IRQHandler)
    HAL_UART_Init                            0x08001c4d   Thumb Code   100  stm32f4xx_hal_uart.o(i.HAL_UART_Init)
    HAL_UART_MspInit                         0x08001cb1   Thumb Code   198  usart.o(i.HAL_UART_MspInit)
    HAL_UART_Receive_IT                      0x08001d8d   Thumb Code    28  stm32f4xx_hal_uart.o(i.HAL_UART_Receive_IT)
    HAL_UART_RxCpltCallback                  0x08001da9   Thumb Code    36  ps2_receiver.o(i.HAL_UART_RxCpltCallback)
    HAL_UART_Transmit                        0x08001dd9   Thumb Code   160  stm32f4xx_hal_uart.o(i.HAL_UART_Transmit)
    HAL_UART_TxCpltCallback                  0x08001e79   Thumb Code     2  stm32f4xx_hal_uart.o(i.HAL_UART_TxCpltCallback)
    HardFault_Handler                        0x08001e7b   Thumb Code     2  stm32f4xx_it.o(i.HardFault_Handler)
    MX_GPIO_Init                             0x08001e7d   Thumb Code   204  gpio.o(i.MX_GPIO_Init)
    MX_TIM2_Init                             0x08001f55   Thumb Code   100  tim.o(i.MX_TIM2_Init)
    MX_TIM3_Init                             0x08001fbd   Thumb Code    98  tim.o(i.MX_TIM3_Init)
    MX_TIM4_Init                             0x08002029   Thumb Code    98  tim.o(i.MX_TIM4_Init)
    MX_TIM5_Init                             0x08002095   Thumb Code    98  tim.o(i.MX_TIM5_Init)
    MX_TIM6_Init                             0x08002101   Thumb Code    60  tim.o(i.MX_TIM6_Init)
    MX_TIM8_Init                             0x08002145   Thumb Code   240  tim.o(i.MX_TIM8_Init)
    MX_UART4_Init                            0x0800223d   Thumb Code    48  usart.o(i.MX_UART4_Init)
    MX_USART2_UART_Init                      0x08002275   Thumb Code    54  usart.o(i.MX_USART2_UART_Init)
    MemManage_Handler                        0x080022b5   Thumb Code     2  stm32f4xx_it.o(i.MemManage_Handler)
    MotorControl_Init                        0x080022b9   Thumb Code   118  motor_control.o(i.MotorControl_Init)
    MotorControl_SetAllTargetSpeedMMps       0x08002349   Thumb Code    40  motor_control.o(i.MotorControl_SetAllTargetSpeedMMps)
    MotorControl_StopAll                     0x08002379   Thumb Code    58  motor_control.o(i.MotorControl_StopAll)
    MotorControl_Update                      0x080023bd   Thumb Code   108  motor_control.o(i.MotorControl_Update)
    NMI_Handler                              0x080024d5   Thumb Code     2  stm32f4xx_it.o(i.NMI_Handler)
    PID_Calc                                 0x080024d9   Thumb Code   162  pid.o(i.PID_Calc)
    PID_Init                                 0x08002585   Thumb Code    66  pid.o(i.PID_Init)
    PID_Reset                                0x080025c9   Thumb Code    18  pid.o(i.PID_Reset)
    PS2_Receiver_GetData                     0x080025e1   Thumb Code    36  ps2_receiver.o(i.PS2_Receiver_GetData)
    PS2_Receiver_Init                        0x08002609   Thumb Code    38  ps2_receiver.o(i.PS2_Receiver_Init)
    PS2_Receiver_ParseByte                   0x0800263d   Thumb Code    62  ps2_receiver.o(i.PS2_Receiver_ParseByte)
    PendSV_Handler                           0x08002685   Thumb Code     2  stm32f4xx_it.o(i.PendSV_Handler)
    RemoteToMotion_Init                      0x080026c5   Thumb Code    20  remote_to_motion.o(i.RemoteToMotion_Init)
    RemoteToMotion_Update                    0x080026dd   Thumb Code   106  remote_to_motion.o(i.RemoteToMotion_Update)
    SVC_Handler                              0x080027b9   Thumb Code     2  stm32f4xx_it.o(i.SVC_Handler)
    SysTick_Handler                          0x080027bb   Thumb Code     4  stm32f4xx_it.o(i.SysTick_Handler)
    SystemClock_Config                       0x080027c1   Thumb Code   140  main.o(i.SystemClock_Config)
    SystemInit                               0x08002855   Thumb Code    12  system_stm32f4xx.o(i.SystemInit)
    TIM6_DAC_IRQHandler                      0x08002865   Thumb Code     6  stm32f4xx_it.o(i.TIM6_DAC_IRQHandler)
    TIM_Base_SetConfig                       0x08002871   Thumb Code   164  stm32f4xx_hal_tim.o(i.TIM_Base_SetConfig)
    TIM_CCxChannelCmd                        0x08002941   Thumb Code    26  stm32f4xx_hal_tim.o(i.TIM_CCxChannelCmd)
    TIM_ETR_SetConfig                        0x0800295b   Thumb Code    20  stm32f4xx_hal_tim.o(i.TIM_ETR_SetConfig)
    TIM_OC2_SetConfig                        0x080029e1   Thumb Code    98  stm32f4xx_hal_tim.o(i.TIM_OC2_SetConfig)
    UART4_Debug_SendPS2Joystick              0x08002b4d   Thumb Code    40  uart4_debug.o(i.UART4_Debug_SendPS2Joystick)
    UART_Start_Receive_IT                    0x08002db5   Thumb Code    54  stm32f4xx_hal_uart.o(i.UART_Start_Receive_IT)
    USART2_IRQHandler                        0x08002e5d   Thumb Code     6  stm32f4xx_it.o(i.USART2_IRQHandler)
    UsageFault_Handler                       0x08002e69   Thumb Code     2  stm32f4xx_it.o(i.UsageFault_Handler)
    main                                     0x08002e8d   Thumb Code   152  main.o(i.main)
    _fp_init                                 0x08002f29   Thumb Code    10  fpinit.o(x$fpl$fpinit)
    __fplib_config_fpu_vfp                   0x08002f31   Thumb Code     0  fpinit.o(x$fpl$fpinit)
    __fplib_config_pureend_doubles           0x08002f31   Thumb Code     0  fpinit.o(x$fpl$fpinit)
    AHBPrescTable                            0x08002f42   Data          16  system_stm32f4xx.o(.constdata)
    APBPrescTable                            0x08002f52   Data           8  system_stm32f4xx.o(.constdata)
    Region$$Table$$Base                      0x08002f5c   Number         0  anon$$obj.o(Region$$Table)
    Region$$Table$$Limit                     0x08002f7c   Number         0  anon$$obj.o(Region$$Table)
    uwTickFreq                               0x2000000c   Data           1  stm32f4xx_hal.o(.data)
    uwTickPrio                               0x20000010   Data           4  stm32f4xx_hal.o(.data)
    uwTick                                   0x20000014   Data           4  stm32f4xx_hal.o(.data)
    SystemCoreClock                          0x20000018   Data           4  system_stm32f4xx.o(.data)
    htim2                                    0x2000001c   Data          72  tim.o(.bss)
    htim3                                    0x20000064   Data          72  tim.o(.bss)
    htim4                                    0x200000ac   Data          72  tim.o(.bss)
    htim5                                    0x200000f4   Data          72  tim.o(.bss)
    htim6                                    0x2000013c   Data          72  tim.o(.bss)
    htim8                                    0x20000184   Data          72  tim.o(.bss)
    huart4                                   0x200001cc   Data          72  usart.o(.bss)
    huart2                                   0x20000214   Data          72  usart.o(.bss)
    __libspace_start                         0x20000344   Data          96  libspace.o(.bss)
    __temporary_stack_top$libspace           0x200003a4   Data           0  libspace.o(.bss)



==============================================================================

Memory Map of the image

  Image Entry point : 0x08000189

  Load Region LR_IROM1 (Base: 0x08000000, Size: 0x00002f98, Max: 0x00080000, ABSOLUTE)

    Execution Region ER_IROM1 (Exec base: 0x08000000, Load base: 0x08000000, Size: 0x00002f7c, Max: 0x00080000, ABSOLUTE)

    Exec Addr    Load Addr    Size         Type   Attr      Idx    E Section Name        Object

    0x08000000   0x08000000   0x00000188   Data   RO            3    RESET               startup_stm32f407xx.o
    0x08000188   0x08000188   0x00000008   Code   RO         3316  * !!!main             c_w.l(__main.o)
    0x08000190   0x08000190   0x00000034   Code   RO         3496    !!!scatter          c_w.l(__scatter.o)
    0x080001c4   0x080001c4   0x0000001a   Code   RO         3498    !!handler_copy      c_w.l(__scatter_copy.o)
    0x080001de   0x080001de   0x00000002   PAD
    0x080001e0   0x080001e0   0x0000001c   Code   RO         3500    !!handler_zi        c_w.l(__scatter_zi.o)
    0x080001fc   0x080001fc   0x00000000   Code   RO         3311    .ARM.Collect$$_printf_percent$$00000000  c_w.l(_printf_percent.o)
    0x080001fc   0x080001fc   0x00000006   Code   RO         3310    .ARM.Collect$$_printf_percent$$0000000A  c_w.l(_printf_u.o)
    0x08000202   0x08000202   0x00000004   Code   RO         3331    .ARM.Collect$$_printf_percent$$00000017  c_w.l(_printf_percent_end.o)
    0x08000206   0x08000206   0x00000002   Code   RO         3364    .ARM.Collect$$libinit$$00000000  c_w.l(libinit.o)
    0x08000208   0x08000208   0x00000004   Code   RO         3376    .ARM.Collect$$libinit$$00000001  c_w.l(libinit2.o)
    0x0800020c   0x0800020c   0x00000000   Code   RO         3379    .ARM.Collect$$libinit$$00000004  c_w.l(libinit2.o)
    0x0800020c   0x0800020c   0x00000000   Code   RO         3382    .ARM.Collect$$libinit$$0000000A  c_w.l(libinit2.o)
    0x0800020c   0x0800020c   0x00000000   Code   RO         3384    .ARM.Collect$$libinit$$0000000C  c_w.l(libinit2.o)
    0x0800020c   0x0800020c   0x00000000   Code   RO         3386    .ARM.Collect$$libinit$$0000000E  c_w.l(libinit2.o)
    0x0800020c   0x0800020c   0x00000000   Code   RO         3389    .ARM.Collect$$libinit$$00000011  c_w.l(libinit2.o)
    0x0800020c   0x0800020c   0x00000000   Code   RO         3391    .ARM.Collect$$libinit$$00000013  c_w.l(libinit2.o)
    0x0800020c   0x0800020c   0x00000000   Code   RO         3393    .ARM.Collect$$libinit$$00000015  c_w.l(libinit2.o)
    0x0800020c   0x0800020c   0x00000000   Code   RO         3395    .ARM.Collect$$libinit$$00000017  c_w.l(libinit2.o)
    0x0800020c   0x0800020c   0x00000000   Code   RO         3397    .ARM.Collect$$libinit$$00000019  c_w.l(libinit2.o)
    0x0800020c   0x0800020c   0x00000000   Code   RO         3399    .ARM.Collect$$libinit$$0000001B  c_w.l(libinit2.o)
    0x0800020c   0x0800020c   0x00000000   Code   RO         3401    .ARM.Collect$$libinit$$0000001D  c_w.l(libinit2.o)
    0x0800020c   0x0800020c   0x00000000   Code   RO         3403    .ARM.Collect$$libinit$$0000001F  c_w.l(libinit2.o)
    0x0800020c   0x0800020c   0x00000000   Code   RO         3405    .ARM.Collect$$libinit$$00000021  c_w.l(libinit2.o)
    0x0800020c   0x0800020c   0x00000000   Code   RO         3407    .ARM.Collect$$libinit$$00000023  c_w.l(libinit2.o)
    0x0800020c   0x0800020c   0x00000000   Code   RO         3409    .ARM.Collect$$libinit$$00000025  c_w.l(libinit2.o)
    0x0800020c   0x0800020c   0x00000000   Code   RO         3413    .ARM.Collect$$libinit$$0000002C  c_w.l(libinit2.o)
    0x0800020c   0x0800020c   0x00000000   Code   RO         3415    .ARM.Collect$$libinit$$0000002E  c_w.l(libinit2.o)
    0x0800020c   0x0800020c   0x00000000   Code   RO         3417    .ARM.Collect$$libinit$$00000030  c_w.l(libinit2.o)
    0x0800020c   0x0800020c   0x00000000   Code   RO         3419    .ARM.Collect$$libinit$$00000032  c_w.l(libinit2.o)
    0x0800020c   0x0800020c   0x00000002   Code   RO         3420    .ARM.Collect$$libinit$$00000033  c_w.l(libinit2.o)
    0x0800020e   0x0800020e   0x00000002   Code   RO         3451    .ARM.Collect$$libshutdown$$00000000  c_w.l(libshutdown.o)
    0x08000210   0x08000210   0x00000000   Code   RO         3477    .ARM.Collect$$libshutdown$$00000002  c_w.l(libshutdown2.o)
    0x08000210   0x08000210   0x00000000   Code   RO         3479    .ARM.Collect$$libshutdown$$00000004  c_w.l(libshutdown2.o)
    0x08000210   0x08000210   0x00000000   Code   RO         3481    .ARM.Collect$$libshutdown$$00000006  c_w.l(libshutdown2.o)
    0x08000210   0x08000210   0x00000000   Code   RO         3484    .ARM.Collect$$libshutdown$$00000009  c_w.l(libshutdown2.o)
    0x08000210   0x08000210   0x00000000   Code   RO         3487    .ARM.Collect$$libshutdown$$0000000C  c_w.l(libshutdown2.o)
    0x08000210   0x08000210   0x00000000   Code   RO         3489    .ARM.Collect$$libshutdown$$0000000E  c_w.l(libshutdown2.o)
    0x08000210   0x08000210   0x00000000   Code   RO         3492    .ARM.Collect$$libshutdown$$00000011  c_w.l(libshutdown2.o)
    0x08000210   0x08000210   0x00000002   Code   RO         3493    .ARM.Collect$$libshutdown$$00000012  c_w.l(libshutdown2.o)
    0x08000212   0x08000212   0x00000000   Code   RO         3318    .ARM.Collect$$rtentry$$00000000  c_w.l(__rtentry.o)
    0x08000212   0x08000212   0x00000000   Code   RO         3333    .ARM.Collect$$rtentry$$00000002  c_w.l(__rtentry2.o)
    0x08000212   0x08000212   0x00000006   Code   RO         3345    .ARM.Collect$$rtentry$$00000004  c_w.l(__rtentry4.o)
    0x08000218   0x08000218   0x00000000   Code   RO         3335    .ARM.Collect$$rtentry$$00000009  c_w.l(__rtentry2.o)
    0x08000218   0x08000218   0x00000004   Code   RO         3336    .ARM.Collect$$rtentry$$0000000A  c_w.l(__rtentry2.o)
    0x0800021c   0x0800021c   0x00000000   Code   RO         3338    .ARM.Collect$$rtentry$$0000000C  c_w.l(__rtentry2.o)
    0x0800021c   0x0800021c   0x00000008   Code   RO         3339    .ARM.Collect$$rtentry$$0000000D  c_w.l(__rtentry2.o)
    0x08000224   0x08000224   0x00000002   Code   RO         3368    .ARM.Collect$$rtexit$$00000000  c_w.l(rtexit.o)
    0x08000226   0x08000226   0x00000000   Code   RO         3424    .ARM.Collect$$rtexit$$00000002  c_w.l(rtexit2.o)
    0x08000226   0x08000226   0x00000004   Code   RO         3425    .ARM.Collect$$rtexit$$00000003  c_w.l(rtexit2.o)
    0x0800022a   0x0800022a   0x00000006   Code   RO         3426    .ARM.Collect$$rtexit$$00000004  c_w.l(rtexit2.o)
    0x08000230   0x08000230   0x00000040   Code   RO            4    .text               startup_stm32f407xx.o
    0x08000270   0x08000270   0x000000ee   Code   RO         3280    .text               c_w.l(lludivv7m.o)
    0x0800035e   0x0800035e   0x00000002   PAD
    0x08000360   0x08000360   0x00000038   Code   RO         3282    .text               c_w.l(__2snprintf.o)
    0x08000398   0x08000398   0x00000068   Code   RO         3286    .text               c_w.l(__printf.o)
    0x08000400   0x08000400   0x00000078   Code   RO         3288    .text               c_w.l(_printf_dec.o)
    0x08000478   0x08000478   0x0000004e   Code   RO         3312    .text               c_w.l(rt_memclr_w.o)
    0x080004c6   0x080004c6   0x00000006   Code   RO         3314    .text               c_w.l(heapauxi.o)
    0x080004cc   0x080004cc   0x000000b2   Code   RO         3323    .text               c_w.l(_printf_intcommon.o)
    0x0800057e   0x0800057e   0x00000002   PAD
    0x08000580   0x08000580   0x00000030   Code   RO         3325    .text               c_w.l(_printf_char_common.o)
    0x080005b0   0x080005b0   0x0000000a   Code   RO         3327    .text               c_w.l(_sputc.o)
    0x080005ba   0x080005ba   0x00000010   Code   RO         3329    .text               c_w.l(_snputc.o)
    0x080005ca   0x080005ca   0x0000004a   Code   RO         3351    .text               c_w.l(sys_stackheap_outer.o)
    0x08000614   0x08000614   0x00000012   Code   RO         3353    .text               c_w.l(exit.o)
    0x08000626   0x08000626   0x00000002   PAD
    0x08000628   0x08000628   0x00000008   Code   RO         3365    .text               c_w.l(libspace.o)
    0x08000630   0x08000630   0x0000000c   Code   RO         3421    .text               c_w.l(sys_exit.o)
    0x0800063c   0x0800063c   0x00000002   Code   RO         3440    .text               c_w.l(use_no_semi.o)
    0x0800063e   0x0800063e   0x00000000   Code   RO         3442    .text               c_w.l(indicate_semi.o)
    0x0800063e   0x0800063e   0x00000002   Code   RO          334    i.BusFault_Handler  stm32f4xx_it.o
    0x08000640   0x08000640   0x00000002   Code   RO          335    i.DebugMon_Handler  stm32f4xx_it.o
    0x08000642   0x08000642   0x00000002   PAD
    0x08000644   0x08000644   0x00000020   Code   RO          456    i.Encoder_GetSpeed  encoder.o
    0x08000664   0x08000664   0x00000058   Code   RO          458    i.Encoder_Init      encoder.o
    0x080006bc   0x080006bc   0x00000094   Code   RO          459    i.Encoder_UpdateSpeed  encoder.o
    0x08000750   0x08000750   0x00000004   Code   RO           13    i.Error_Handler     main.o
    0x08000754   0x08000754   0x00000092   Code   RO         2192    i.HAL_DMA_Abort     stm32f4xx_hal_dma.o
    0x080007e6   0x080007e6   0x00000024   Code   RO         2193    i.HAL_DMA_Abort_IT  stm32f4xx_hal_dma.o
    0x0800080a   0x0800080a   0x00000002   PAD
    0x0800080c   0x0800080c   0x000001f0   Code   RO         2085    i.HAL_GPIO_Init     stm32f4xx_hal_gpio.o
    0x080009fc   0x080009fc   0x0000000a   Code   RO         2089    i.HAL_GPIO_WritePin  stm32f4xx_hal_gpio.o
    0x08000a06   0x08000a06   0x00000002   PAD
    0x08000a08   0x08000a08   0x0000000c   Code   RO         2635    i.HAL_GetTick       stm32f4xx_hal.o
    0x08000a14   0x08000a14   0x00000010   Code   RO         2641    i.HAL_IncTick       stm32f4xx_hal.o
    0x08000a24   0x08000a24   0x00000034   Code   RO         2642    i.HAL_Init          stm32f4xx_hal.o
    0x08000a58   0x08000a58   0x00000040   Code   RO         2643    i.HAL_InitTick      stm32f4xx_hal.o
    0x08000a98   0x08000a98   0x00000030   Code   RO          429    i.HAL_MspInit       stm32f4xx_hal_msp.o
    0x08000ac8   0x08000ac8   0x0000001a   Code   RO         2477    i.HAL_NVIC_EnableIRQ  stm32f4xx_hal_cortex.o
    0x08000ae2   0x08000ae2   0x00000002   PAD
    0x08000ae4   0x08000ae4   0x00000040   Code   RO         2483    i.HAL_NVIC_SetPriority  stm32f4xx_hal_cortex.o
    0x08000b24   0x08000b24   0x00000024   Code   RO         2484    i.HAL_NVIC_SetPriorityGrouping  stm32f4xx_hal_cortex.o
    0x08000b48   0x08000b48   0x00000134   Code   RO         1731    i.HAL_RCC_ClockConfig  stm32f4xx_hal_rcc.o
    0x08000c7c   0x08000c7c   0x00000020   Code   RO         1738    i.HAL_RCC_GetPCLK1Freq  stm32f4xx_hal_rcc.o
    0x08000c9c   0x08000c9c   0x00000020   Code   RO         1739    i.HAL_RCC_GetPCLK2Freq  stm32f4xx_hal_rcc.o
    0x08000cbc   0x08000cbc   0x00000064   Code   RO         1740    i.HAL_RCC_GetSysClockFreq  stm32f4xx_hal_rcc.o
    0x08000d20   0x08000d20   0x0000036c   Code   RO         1743    i.HAL_RCC_OscConfig  stm32f4xx_hal_rcc.o
    0x0800108c   0x0800108c   0x00000028   Code   RO         2488    i.HAL_SYSTICK_Config  stm32f4xx_hal_cortex.o
    0x080010b4   0x080010b4   0x00000002   Code   RO         1463    i.HAL_TIMEx_BreakCallback  stm32f4xx_hal_tim_ex.o
    0x080010b6   0x080010b6   0x00000002   Code   RO         1464    i.HAL_TIMEx_CommutCallback  stm32f4xx_hal_tim_ex.o
    0x080010b8   0x080010b8   0x00000054   Code   RO         1466    i.HAL_TIMEx_ConfigBreakDeadTime  stm32f4xx_hal_tim_ex.o
    0x0800110c   0x0800110c   0x00000090   Code   RO         1482    i.HAL_TIMEx_MasterConfigSynchronization  stm32f4xx_hal_tim_ex.o
    0x0800119c   0x0800119c   0x0000005a   Code   RO          759    i.HAL_TIM_Base_Init  stm32f4xx_hal_tim.o
    0x080011f6   0x080011f6   0x00000002   PAD
    0x080011f8   0x080011f8   0x00000058   Code   RO          197    i.HAL_TIM_Base_MspInit  tim.o
    0x08001250   0x08001250   0x00000080   Code   RO          764    i.HAL_TIM_Base_Start_IT  stm32f4xx_hal_tim.o
    0x080012d0   0x080012d0   0x000000dc   Code   RO          768    i.HAL_TIM_ConfigClockSource  stm32f4xx_hal_tim.o
    0x080013ac   0x080013ac   0x000000a4   Code   RO          780    i.HAL_TIM_Encoder_Init  stm32f4xx_hal_tim.o
    0x08001450   0x08001450   0x00000144   Code   RO          199    i.HAL_TIM_Encoder_MspInit  tim.o
    0x08001594   0x08001594   0x0000008e   Code   RO          783    i.HAL_TIM_Encoder_Start  stm32f4xx_hal_tim.o
    0x08001622   0x08001622   0x00000002   Code   RO          793    i.HAL_TIM_IC_CaptureCallback  stm32f4xx_hal_tim.o
    0x08001624   0x08001624   0x00000130   Code   RO          807    i.HAL_TIM_IRQHandler  stm32f4xx_hal_tim.o
    0x08001754   0x08001754   0x00000054   Code   RO          200    i.HAL_TIM_MspPostInit  tim.o
    0x080017a8   0x080017a8   0x00000002   Code   RO          810    i.HAL_TIM_OC_DelayElapsedCallback  stm32f4xx_hal_tim.o
    0x080017aa   0x080017aa   0x000000cc   Code   RO          831    i.HAL_TIM_PWM_ConfigChannel  stm32f4xx_hal_tim.o
    0x08001876   0x08001876   0x0000005a   Code   RO          834    i.HAL_TIM_PWM_Init  stm32f4xx_hal_tim.o
    0x080018d0   0x080018d0   0x00000002   Code   RO          836    i.HAL_TIM_PWM_MspInit  stm32f4xx_hal_tim.o
    0x080018d2   0x080018d2   0x00000002   Code   RO          837    i.HAL_TIM_PWM_PulseFinishedCallback  stm32f4xx_hal_tim.o
    0x080018d4   0x080018d4   0x000000c8   Code   RO          839    i.HAL_TIM_PWM_Start  stm32f4xx_hal_tim.o
    0x0800199c   0x0800199c   0x00000028   Code   RO          336    i.HAL_TIM_PeriodElapsedCallback  stm32f4xx_it.o
    0x080019c4   0x080019c4   0x00000002   Code   RO          850    i.HAL_TIM_TriggerCallback  stm32f4xx_hal_tim.o
    0x080019c6   0x080019c6   0x00000002   Code   RO         2892    i.HAL_UARTEx_RxEventCallback  stm32f4xx_hal_uart.o
    0x080019c8   0x080019c8   0x00000002   Code   RO         2906    i.HAL_UART_ErrorCallback  stm32f4xx_hal_uart.o
    0x080019ca   0x080019ca   0x00000002   PAD
    0x080019cc   0x080019cc   0x00000280   Code   RO         2909    i.HAL_UART_IRQHandler  stm32f4xx_hal_uart.o
    0x08001c4c   0x08001c4c   0x00000064   Code   RO         2910    i.HAL_UART_Init     stm32f4xx_hal_uart.o
    0x08001cb0   0x08001cb0   0x000000dc   Code   RO          287    i.HAL_UART_MspInit  usart.o
    0x08001d8c   0x08001d8c   0x0000001c   Code   RO         2915    i.HAL_UART_Receive_IT  stm32f4xx_hal_uart.o
    0x08001da8   0x08001da8   0x00000030   Code   RO          644    i.HAL_UART_RxCpltCallback  ps2_receiver.o
    0x08001dd8   0x08001dd8   0x000000a0   Code   RO         2918    i.HAL_UART_Transmit  stm32f4xx_hal_uart.o
    0x08001e78   0x08001e78   0x00000002   Code   RO         2921    i.HAL_UART_TxCpltCallback  stm32f4xx_hal_uart.o
    0x08001e7a   0x08001e7a   0x00000002   Code   RO          337    i.HardFault_Handler  stm32f4xx_it.o
    0x08001e7c   0x08001e7c   0x000000d8   Code   RO          172    i.MX_GPIO_Init      gpio.o
    0x08001f54   0x08001f54   0x00000068   Code   RO          201    i.MX_TIM2_Init      tim.o
    0x08001fbc   0x08001fbc   0x0000006c   Code   RO          202    i.MX_TIM3_Init      tim.o
    0x08002028   0x08002028   0x0000006c   Code   RO          203    i.MX_TIM4_Init      tim.o
    0x08002094   0x08002094   0x0000006c   Code   RO          204    i.MX_TIM5_Init      tim.o
    0x08002100   0x08002100   0x00000044   Code   RO          205    i.MX_TIM6_Init      tim.o
    0x08002144   0x08002144   0x000000f8   Code   RO          206    i.MX_TIM8_Init      tim.o
    0x0800223c   0x0800223c   0x00000038   Code   RO          288    i.MX_UART4_Init     usart.o
    0x08002274   0x08002274   0x00000040   Code   RO          289    i.MX_USART2_UART_Init  usart.o
    0x080022b4   0x080022b4   0x00000002   Code   RO          338    i.MemManage_Handler  stm32f4xx_it.o
    0x080022b6   0x080022b6   0x00000002   PAD
    0x080022b8   0x080022b8   0x00000090   Code   RO          520    i.MotorControl_Init  motor_control.o
    0x08002348   0x08002348   0x00000030   Code   RO          522    i.MotorControl_SetAllTargetSpeedMMps  motor_control.o
    0x08002378   0x08002378   0x00000044   Code   RO          525    i.MotorControl_StopAll  motor_control.o
    0x080023bc   0x080023bc   0x00000074   Code   RO          526    i.MotorControl_Update  motor_control.o
    0x08002430   0x08002430   0x000000a4   Code   RO          527    i.Motor_SetPWM      motor_control.o
    0x080024d4   0x080024d4   0x00000002   Code   RO          339    i.NMI_Handler       stm32f4xx_it.o
    0x080024d6   0x080024d6   0x00000002   PAD
    0x080024d8   0x080024d8   0x000000ac   Code   RO          602    i.PID_Calc          pid.o
    0x08002584   0x08002584   0x00000042   Code   RO          603    i.PID_Init          pid.o
    0x080025c6   0x080025c6   0x00000002   PAD
    0x080025c8   0x080025c8   0x00000018   Code   RO          604    i.PID_Reset         pid.o
    0x080025e0   0x080025e0   0x00000028   Code   RO          645    i.PS2_Receiver_GetData  ps2_receiver.o
    0x08002608   0x08002608   0x00000034   Code   RO          646    i.PS2_Receiver_Init  ps2_receiver.o
    0x0800263c   0x0800263c   0x00000048   Code   RO          647    i.PS2_Receiver_ParseByte  ps2_receiver.o
    0x08002684   0x08002684   0x00000002   Code   RO          340    i.PendSV_Handler    stm32f4xx_it.o
    0x08002686   0x08002686   0x00000002   PAD
    0x08002688   0x08002688   0x0000003c   Code   RO          694    i.RawToSpeedWithDeadzone  remote_to_motion.o
    0x080026c4   0x080026c4   0x00000018   Code   RO          695    i.RemoteToMotion_Init  remote_to_motion.o
    0x080026dc   0x080026dc   0x0000006a   Code   RO          696    i.RemoteToMotion_Update  remote_to_motion.o
    0x08002746   0x08002746   0x00000002   PAD
    0x08002748   0x08002748   0x00000070   Code   RO          648    i.SBUS_Parse_Packet  ps2_receiver.o
    0x080027b8   0x080027b8   0x00000002   Code   RO          341    i.SVC_Handler       stm32f4xx_it.o
    0x080027ba   0x080027ba   0x00000004   Code   RO          342    i.SysTick_Handler   stm32f4xx_it.o
    0x080027be   0x080027be   0x00000002   PAD
    0x080027c0   0x080027c0   0x00000094   Code   RO           14    i.SystemClock_Config  main.o
    0x08002854   0x08002854   0x00000010   Code   RO         3244    i.SystemInit        system_stm32f4xx.o
    0x08002864   0x08002864   0x0000000c   Code   RO          343    i.TIM6_DAC_IRQHandler  stm32f4xx_it.o
    0x08002870   0x08002870   0x000000d0   Code   RO          852    i.TIM_Base_SetConfig  stm32f4xx_hal_tim.o
    0x08002940   0x08002940   0x0000001a   Code   RO          853    i.TIM_CCxChannelCmd  stm32f4xx_hal_tim.o
    0x0800295a   0x0800295a   0x00000014   Code   RO          863    i.TIM_ETR_SetConfig  stm32f4xx_hal_tim.o
    0x0800296e   0x0800296e   0x00000010   Code   RO          864    i.TIM_ITRx_SetConfig  stm32f4xx_hal_tim.o
    0x0800297e   0x0800297e   0x00000002   PAD
    0x08002980   0x08002980   0x00000060   Code   RO          865    i.TIM_OC1_SetConfig  stm32f4xx_hal_tim.o
    0x080029e0   0x080029e0   0x0000006c   Code   RO          866    i.TIM_OC2_SetConfig  stm32f4xx_hal_tim.o
    0x08002a4c   0x08002a4c   0x00000068   Code   RO          867    i.TIM_OC3_SetConfig  stm32f4xx_hal_tim.o
    0x08002ab4   0x08002ab4   0x00000050   Code   RO          868    i.TIM_OC4_SetConfig  stm32f4xx_hal_tim.o
    0x08002b04   0x08002b04   0x00000022   Code   RO          870    i.TIM_TI1_ConfigInputStage  stm32f4xx_hal_tim.o
    0x08002b26   0x08002b26   0x00000024   Code   RO          872    i.TIM_TI2_ConfigInputStage  stm32f4xx_hal_tim.o
    0x08002b4a   0x08002b4a   0x00000002   PAD
    0x08002b4c   0x08002b4c   0x0000003c   Code   RO          729    i.UART4_Debug_SendPS2Joystick  uart4_debug.o
    0x08002b88   0x08002b88   0x0000000e   Code   RO         2923    i.UART_DMAAbortOnError  stm32f4xx_hal_uart.o
    0x08002b96   0x08002b96   0x0000004e   Code   RO         2933    i.UART_EndRxTransfer  stm32f4xx_hal_uart.o
    0x08002be4   0x08002be4   0x000000c2   Code   RO         2935    i.UART_Receive_IT   stm32f4xx_hal_uart.o
    0x08002ca6   0x08002ca6   0x00000002   PAD
    0x08002ca8   0x08002ca8   0x0000010c   Code   RO         2936    i.UART_SetConfig    stm32f4xx_hal_uart.o
    0x08002db4   0x08002db4   0x00000036   Code   RO         2938    i.UART_Start_Receive_IT  stm32f4xx_hal_uart.o
    0x08002dea   0x08002dea   0x00000072   Code   RO         2939    i.UART_WaitOnFlagUntilTimeout  stm32f4xx_hal_uart.o
    0x08002e5c   0x08002e5c   0x0000000c   Code   RO          344    i.USART2_IRQHandler  stm32f4xx_it.o
    0x08002e68   0x08002e68   0x00000002   Code   RO          345    i.UsageFault_Handler  stm32f4xx_it.o
    0x08002e6a   0x08002e6a   0x00000020   Code   RO         2490    i.__NVIC_SetPriority  stm32f4xx_hal_cortex.o
    0x08002e8a   0x08002e8a   0x00000002   PAD
    0x08002e8c   0x08002e8c   0x0000009c   Code   RO           15    i.main              main.o
    0x08002f28   0x08002f28   0x0000000a   Code   RO         3436    x$fpl$fpinit        fz_wm.l(fpinit.o)
    0x08002f32   0x08002f32   0x00000010   Data   RO          529    .constdata          motor_control.o
    0x08002f42   0x08002f42   0x00000010   Data   RO         3245    .constdata          system_stm32f4xx.o
    0x08002f52   0x08002f52   0x00000008   Data   RO         3246    .constdata          system_stm32f4xx.o
    0x08002f5a   0x08002f5a   0x00000002   PAD
    0x08002f5c   0x08002f5c   0x00000020   Data   RO         3494    Region$$Table       anon$$obj.o


    Execution Region RW_IRAM1 (Exec base: 0x20000000, Load base: 0x08002f7c, Size: 0x000009a8, Max: 0x0001c000, ABSOLUTE)

    Exec Addr    Load Addr    Size         Type   Attr      Idx    E Section Name        Object

    0x20000000   0x08002f7c   0x00000001   Data   RW          346    .data               stm32f4xx_it.o
    0x20000001   0x08002f7d   0x00000003   PAD
    0x20000004   0x08002f80   0x00000004   Data   RW          530    .data               motor_control.o
    0x20000008   0x08002f84   0x00000003   Data   RW          650    .data               ps2_receiver.o
    0x2000000b   0x08002f87   0x00000001   PAD
    0x2000000c   0x08002f88   0x0000000c   Data   RW         2649    .data               stm32f4xx_hal.o
    0x20000018   0x08002f94   0x00000004   Data   RW         3247    .data               system_stm32f4xx.o
    0x2000001c        -       0x000001b0   Zero   RW          207    .bss                tim.o
    0x200001cc        -       0x00000090   Zero   RW          290    .bss                usart.o
    0x2000025c        -       0x00000030   Zero   RW          460    .bss                encoder.o
    0x2000028c        -       0x00000090   Zero   RW          528    .bss                motor_control.o
    0x2000031c        -       0x00000027   Zero   RW          649    .bss                ps2_receiver.o
    0x20000343   0x08002f98   0x00000001   PAD
    0x20000344        -       0x00000060   Zero   RW         3366    .bss                c_w.l(libspace.o)
    0x200003a4   0x08002f98   0x00000004   PAD
    0x200003a8        -       0x00000200   Zero   RW            2    HEAP                startup_stm32f407xx.o
    0x200005a8        -       0x00000400   Zero   RW            1    STACK               startup_stm32f407xx.o


    Execution Region RW_IRAM2 (Exec base: 0x2001c000, Load base: 0x08002f98, Size: 0x00000000, Max: 0x00004000, ABSOLUTE)

    **** No section assigned to this execution region ****


==============================================================================

Image component sizes


      Code (inc. data)   RO Data    RW Data    ZI Data      Debug   Object Name

       268         56          0          0         48       2444   encoder.o
       216         12          0          0          0       1051   gpio.o
       308         12          0          0          0     693400   main.o
       540         64         16          4        144       4634   motor_control.o
       262         16          0          0          0       2610   pid.o
       324         44          0          3         39       3698   ps2_receiver.o
       190         18          0          0          0       2410   remote_to_motion.o
        64         26        392          0       1536        836   startup_stm32f407xx.o
       144         24          0         12          0       8717   stm32f4xx_hal.o
       198         14          0          0          0      33775   stm32f4xx_hal_cortex.o
       182          0          0          0          0       2075   stm32f4xx_hal_dma.o
       506         46          0          0          0       2168   stm32f4xx_hal_gpio.o
        48          6          0          0          0        842   stm32f4xx_hal_msp.o
      1348         76          0          0          0       5212   stm32f4xx_hal_rcc.o
      2280        136          0          0          0      18809   stm32f4xx_hal_tim.o
       232         28          0          0          0       3265   stm32f4xx_hal_tim_ex.o
      1656         14          0          0          0      11332   stm32f4xx_hal_uart.o
        84         20          0          1          0       5967   stm32f4xx_it.o
        16          4         24          4          0       1103   system_stm32f4xx.o
      1240         98          0          0        432       6687   tim.o
        60         20          0          0          0        726   uart4_debug.o
       340         40          0          0        144       2401   usart.o

    ----------------------------------------------------------------------
     10538        774        466         28       2344     814162   Object Totals
         0          0         32          0          0          0   (incl. Generated)
        32          0          2          4          1          0   (incl. Padding)

    ----------------------------------------------------------------------

      Code (inc. data)   RO Data    RW Data    ZI Data      Debug   Library Member Name

        56          6          0          0          0         88   __2snprintf.o
         8          0          0          0          0         68   __main.o
       104          0          0          0          0         84   __printf.o
         0          0          0          0          0          0   __rtentry.o
        12          0          0          0          0          0   __rtentry2.o
         6          0          0          0          0          0   __rtentry4.o
        52          8          0          0          0          0   __scatter.o
        26          0          0          0          0          0   __scatter_copy.o
        28          0          0          0          0          0   __scatter_zi.o
        48          6          0          0          0         96   _printf_char_common.o
       120         16          0          0          0         92   _printf_dec.o
       178          0          0          0          0         88   _printf_intcommon.o
         0          0          0          0          0          0   _printf_percent.o
         4          0          0          0          0          0   _printf_percent_end.o
         6          0          0          0          0          0   _printf_u.o
        16          0          0          0          0         68   _snputc.o
        10          0          0          0          0         68   _sputc.o
        18          0          0          0          0         80   exit.o
         6          0          0          0          0        152   heapauxi.o
         0          0          0          0          0          0   indicate_semi.o
         2          0          0          0          0          0   libinit.o
         6          0          0          0          0          0   libinit2.o
         2          0          0          0          0          0   libshutdown.o
         2          0          0          0          0          0   libshutdown2.o
         8          4          0          0         96         68   libspace.o
       238          0          0          0          0        100   lludivv7m.o
        78          0          0          0          0         80   rt_memclr_w.o
         2          0          0          0          0          0   rtexit.o
        10          0          0          0          0          0   rtexit2.o
        12          4          0          0          0         68   sys_exit.o
        74          0          0          0          0         80   sys_stackheap_outer.o
         2          0          0          0          0         68   use_no_semi.o
        10          0          0          0          0        116   fpinit.o

    ----------------------------------------------------------------------
      1152         44          0          0        100       1464   Library Totals
         8          0          0          0          4          0   (incl. Padding)

    ----------------------------------------------------------------------

      Code (inc. data)   RO Data    RW Data    ZI Data      Debug   Library Name

      1134         44          0          0         96       1348   c_w.l
        10          0          0          0          0        116   fz_wm.l

    ----------------------------------------------------------------------
      1152         44          0          0        100       1464   Library Totals

    ----------------------------------------------------------------------

==============================================================================


      Code (inc. data)   RO Data    RW Data    ZI Data      Debug   

     11690        818        466         28       2444     805202   Grand Totals
     11690        818        466         28       2444     805202   ELF Image Totals
     11690        818        466         28          0          0   ROM Totals

==============================================================================

    Total RO  Size (Code + RO Data)                12156 (  11.87kB)
    Total RW  Size (RW Data + ZI Data)              2472 (   2.41kB)
    Total ROM Size (Code + RO Data + RW Data)      12184 (  11.90kB)

==============================================================================

