Component: ARM Compiler 5.06 update 7 (build 960) Tool: armlink [4d3601]

==============================================================================

Section Cross References

    startup_stm32f407xx.o(STACK) refers (Special) to heapauxi.o(.text) for __use_two_region_memory
    startup_stm32f407xx.o(HEAP) refers (Special) to heapauxi.o(.text) for __use_two_region_memory
    startup_stm32f407xx.o(RESET) refers (Special) to heapauxi.o(.text) for __use_two_region_memory
    startup_stm32f407xx.o(RESET) refers to startup_stm32f407xx.o(STACK) for __initial_sp
    startup_stm32f407xx.o(RESET) refers to startup_stm32f407xx.o(.text) for Reset_Handler
    startup_stm32f407xx.o(RESET) refers to stm32f4xx_it.o(i.NMI_Handler) for NMI_Handler
    startup_stm32f407xx.o(RESET) refers to stm32f4xx_it.o(i.HardFault_Handler) for HardFault_Handler
    startup_stm32f407xx.o(RESET) refers to stm32f4xx_it.o(i.MemManage_Handler) for MemManage_Handler
    startup_stm32f407xx.o(RESET) refers to stm32f4xx_it.o(i.BusFault_Handler) for BusFault_Handler
    startup_stm32f407xx.o(RESET) refers to stm32f4xx_it.o(i.UsageFault_Handler) for UsageFault_Handler
    startup_stm32f407xx.o(RESET) refers to stm32f4xx_it.o(i.SVC_Handler) for SVC_Handler
    startup_stm32f407xx.o(RESET) refers to stm32f4xx_it.o(i.DebugMon_Handler) for DebugMon_Handler
    startup_stm32f407xx.o(RESET) refers to stm32f4xx_it.o(i.PendSV_Handler) for PendSV_Handler
    startup_stm32f407xx.o(RESET) refers to stm32f4xx_it.o(i.SysTick_Handler) for SysTick_Handler
    startup_stm32f407xx.o(RESET) refers to stm32f4xx_it.o(i.TIM6_DAC_IRQHandler) for TIM6_DAC_IRQHandler
    startup_stm32f407xx.o(.text) refers (Special) to heapauxi.o(.text) for __use_two_region_memory
    startup_stm32f407xx.o(.text) refers to system_stm32f4xx.o(i.SystemInit) for SystemInit
    startup_stm32f407xx.o(.text) refers to __main.o(!!!main) for __main
    startup_stm32f407xx.o(.text) refers to startup_stm32f407xx.o(HEAP) for Heap_Mem
    startup_stm32f407xx.o(.text) refers to startup_stm32f407xx.o(STACK) for Stack_Mem
    main.o(i.SystemClock_Config) refers to rt_memclr_w.o(.text) for __aeabi_memclr4
    main.o(i.SystemClock_Config) refers to stm32f4xx_hal_rcc.o(i.HAL_RCC_OscConfig) for HAL_RCC_OscConfig
    main.o(i.SystemClock_Config) refers to stm32f4xx_hal_rcc.o(i.HAL_RCC_ClockConfig) for HAL_RCC_ClockConfig
    main.o(i.main) refers to stm32f4xx_hal.o(i.HAL_Init) for HAL_Init
    main.o(i.main) refers to main.o(i.SystemClock_Config) for SystemClock_Config
    main.o(i.main) refers to gpio.o(i.MX_GPIO_Init) for MX_GPIO_Init
    main.o(i.main) refers to tim.o(i.MX_TIM8_Init) for MX_TIM8_Init
    main.o(i.main) refers to tim.o(i.MX_TIM2_Init) for MX_TIM2_Init
    main.o(i.main) refers to tim.o(i.MX_TIM3_Init) for MX_TIM3_Init
    main.o(i.main) refers to tim.o(i.MX_TIM4_Init) for MX_TIM4_Init
    main.o(i.main) refers to tim.o(i.MX_TIM5_Init) for MX_TIM5_Init
    main.o(i.main) refers to tim.o(i.MX_TIM6_Init) for MX_TIM6_Init
    main.o(i.main) refers to motor_control.o(i.MotorControl_Init) for MotorControl_Init
    main.o(i.main) refers to motor_control.o(i.MotorControl_SetAllTargetSpeedMMps) for MotorControl_SetAllTargetSpeedMMps
    main.o(i.main) refers to stm32f4xx_hal_gpio.o(i.HAL_GPIO_WritePin) for HAL_GPIO_WritePin
    gpio.o(i.MX_GPIO_Init) refers to rt_memclr_w.o(.text) for __aeabi_memclr4
    gpio.o(i.MX_GPIO_Init) refers to stm32f4xx_hal_gpio.o(i.HAL_GPIO_WritePin) for HAL_GPIO_WritePin
    gpio.o(i.MX_GPIO_Init) refers to stm32f4xx_hal_gpio.o(i.HAL_GPIO_Init) for HAL_GPIO_Init
    tim.o(i.HAL_TIM_Base_MspDeInit) refers to stm32f4xx_hal_cortex.o(i.HAL_NVIC_DisableIRQ) for HAL_NVIC_DisableIRQ
    tim.o(i.HAL_TIM_Base_MspInit) refers to stm32f4xx_hal_cortex.o(i.HAL_NVIC_SetPriority) for HAL_NVIC_SetPriority
    tim.o(i.HAL_TIM_Base_MspInit) refers to stm32f4xx_hal_cortex.o(i.HAL_NVIC_EnableIRQ) for HAL_NVIC_EnableIRQ
    tim.o(i.HAL_TIM_Encoder_MspDeInit) refers to stm32f4xx_hal_gpio.o(i.HAL_GPIO_DeInit) for HAL_GPIO_DeInit
    tim.o(i.HAL_TIM_Encoder_MspInit) refers to rt_memclr_w.o(.text) for __aeabi_memclr4
    tim.o(i.HAL_TIM_Encoder_MspInit) refers to stm32f4xx_hal_gpio.o(i.HAL_GPIO_Init) for HAL_GPIO_Init
    tim.o(i.HAL_TIM_MspPostInit) refers to rt_memclr_w.o(.text) for __aeabi_memclr4
    tim.o(i.HAL_TIM_MspPostInit) refers to stm32f4xx_hal_gpio.o(i.HAL_GPIO_Init) for HAL_GPIO_Init
    tim.o(i.MX_TIM2_Init) refers to rt_memclr_w.o(.text) for __aeabi_memclr4
    tim.o(i.MX_TIM2_Init) refers to stm32f4xx_hal_tim.o(i.HAL_TIM_Encoder_Init) for HAL_TIM_Encoder_Init
    tim.o(i.MX_TIM2_Init) refers to main.o(i.Error_Handler) for Error_Handler
    tim.o(i.MX_TIM2_Init) refers to stm32f4xx_hal_tim_ex.o(i.HAL_TIMEx_MasterConfigSynchronization) for HAL_TIMEx_MasterConfigSynchronization
    tim.o(i.MX_TIM2_Init) refers to tim.o(.bss) for .bss
    tim.o(i.MX_TIM3_Init) refers to rt_memclr_w.o(.text) for __aeabi_memclr4
[...]
    ../clib/signal.c                         0x00000000   Number         0  defsig_stak_inner.o ABSOLUTE
    ../clib/signal.c                         0x00000000   Number         0  defsig_pvfn_inner.o ABSOLUTE
    ../clib/signal.c                         0x00000000   Number         0  defsig_cppl_inner.o ABSOLUTE
    ../clib/signal.s                         0x00000000   Number         0  defsig.o ABSOLUTE
    ../clib/stdlib.c                         0x00000000   Number         0  exit.o ABSOLUTE
    ../fplib/dretinf.s                       0x00000000   Number         0  dretinf.o ABSOLUTE
    ../fplib/f2d.s                           0x00000000   Number         0  f2d.o ABSOLUTE
    ../fplib/fnaninf.s                       0x00000000   Number         0  fnaninf.o ABSOLUTE
    ../fplib/fpinit.s                        0x00000000   Number         0  fpinit.o ABSOLUTE
    ../fplib/istatus.s                       0x00000000   Number         0  istatus.o ABSOLUTE
    ../fplib/printf1.s                       0x00000000   Number         0  printf1.o ABSOLUTE
    ../fplib/usenofp.s                       0x00000000   Number         0  usenofp.o ABSOLUTE
    ../mathlib/fpclassify.c                  0x00000000   Number         0  fpclassify.o ABSOLUTE
    ..\Core\Src\encoder.c                    0x00000000   Number         0  encoder.o ABSOLUTE
    ..\Core\Src\gpio.c                       0x00000000   Number         0  gpio.o ABSOLUTE
    ..\Core\Src\main.c                       0x00000000   Number         0  main.o ABSOLUTE
    ..\Core\Src\motor_control.c              0x00000000   Number         0  motor_control.o ABSOLUTE
    ..\Core\Src\pid.c                        0x00000000   Number         0  pid.o ABSOLUTE
    ..\Core\Src\stm32f4xx_hal_msp.c          0x00000000   Number         0  stm32f4xx_hal_msp.o ABSOLUTE
    ..\Core\Src\stm32f4xx_it.c               0x00000000   Number         0  stm32f4xx_it.o ABSOLUTE
    ..\Core\Src\system_stm32f4xx.c           0x00000000   Number         0  system_stm32f4xx.o ABSOLUTE
    ..\Core\Src\tim.c                        0x00000000   Number         0  tim.o ABSOLUTE
    ..\Core\Src\uart4_debug.c                0x00000000   Number         0  uart4_debug.o ABSOLUTE
    ..\Drivers\STM32F4xx_HAL_Driver\Src\stm32f4xx_hal.c 0x00000000   Number         0  stm32f4xx_hal.o ABSOLUTE
    ..\Drivers\STM32F4xx_HAL_Driver\Src\stm32f4xx_hal_cortex.c 0x00000000   Number         0  stm32f4xx_hal_cortex.o ABSOLUTE
    ..\Drivers\STM32F4xx_HAL_Driver\Src\stm32f4xx_hal_dma.c 0x00000000   Number         0  stm32f4xx_hal_dma.o ABSOLUTE
    ..\Drivers\STM32F4xx_HAL_Driver\Src\stm32f4xx_hal_dma_ex.c 0x00000000   Number         0  stm32f4xx_hal_dma_ex.o ABSOLUTE
    ..\Drivers\STM32F4xx_HAL_Driver\Src\stm32f4xx_hal_exti.c 0x00000000   Number         0  stm32f4xx_hal_exti.o ABSOLUTE
    ..\Drivers\STM32F4xx_HAL_Driver\Src\stm32f4xx_hal_flash.c 0x00000000   Number         0  stm32f4xx_hal_flash.o ABSOLUTE
    ..\Drivers\STM32F4xx_HAL_Driver\Src\stm32f4xx_hal_flash_ex.c 0x00000000   Number         0  stm32f4xx_hal_flash_ex.o ABSOLUTE
    ..\Drivers\STM32F4xx_HAL_Driver\Src\stm32f4xx_hal_flash_ramfunc.c 0x00000000   Number         0  stm32f4xx_hal_flash_ramfunc.o ABSOLUTE
    ..\Drivers\STM32F4xx_HAL_Driver\Src\stm32f4xx_hal_gpio.c 0x00000000   Number         0  stm32f4xx_hal_gpio.o ABSOLUTE
    ..\Drivers\STM32F4xx_HAL_Driver\Src\stm32f4xx_hal_pwr.c 0x00000000   Number         0  stm32f4xx_hal_pwr.o ABSOLUTE
    ..\Drivers\STM32F4xx_HAL_Driver\Src\stm32f4xx_hal_pwr_ex.c 0x00000000   Number         0  stm32f4xx_hal_pwr_ex.o ABSOLUTE
    ..\Drivers\STM32F4xx_HAL_Driver\Src\stm32f4xx_hal_rcc.c 0x00000000   Number         0  stm32f4xx_hal_rcc.o ABSOLUTE
    ..\Drivers\STM32F4xx_HAL_Driver\Src\stm32f4xx_hal_rcc_ex.c 0x00000000   Number         0  stm32f4xx_hal_rcc_ex.o ABSOLUTE
    ..\Drivers\STM32F4xx_HAL_Driver\Src\stm32f4xx_hal_tim.c 0x00000000   Number         0  stm32f4xx_hal_tim.o ABSOLUTE
    ..\Drivers\STM32F4xx_HAL_Driver\Src\stm32f4xx_hal_tim_ex.c 0x00000000   Number         0  stm32f4xx_hal_tim_ex.o ABSOLUTE
    ..\Drivers\STM32F4xx_HAL_Driver\Src\stm32f4xx_hal_uart.c 0x00000000   Number         0  stm32f4xx_hal_uart.o ABSOLUTE
    ..\\Core\\Src\\encoder.c                 0x00000000   Number         0  encoder.o ABSOLUTE
    ..\\Core\\Src\\motor_control.c           0x00000000   Number         0  motor_control.o ABSOLUTE
    ..\\Core\\Src\\pid.c                     0x00000000   Number         0  pid.o ABSOLUTE
    ..\\Core\\Src\\uart4_debug.c             0x00000000   Number         0  uart4_debug.o ABSOLUTE
    dc.s                                     0x00000000   Number         0  dc.o ABSOLUTE
    startup_stm32f407xx.s                    0x00000000   Number         0  startup_stm32f407xx.o ABSOLUTE
    RESET                                    0x08000000   Section      392  startup_stm32f407xx.o(RESET)
    !!!main                                  0x08000188   Section        8  __main.o(!!!main)
    !!!scatter                               0x08000190   Section       52  __scatter.o(!!!scatter)
    !!handler_copy                           0x080001c4   Section       26  __scatter_copy.o(!!handler_copy)
    !!handler_zi                             0x080001e0   Section       28  __scatter_zi.o(!!handler_zi)
    .ARM.Collect$$_printf_percent$$00000000  0x080001fc   Section        0  _printf_percent.o(.ARM.Collect$$_printf_percent$$00000000)
    .ARM.Collect$$_printf_percent$$00000003  0x080001fc   Section        6  _printf_f.o(.ARM.Collect$$_printf_percent$$00000003)
    .ARM.Collect$$_printf_percent$$00000017  0x08000202   Section        4  _printf_percent_end.o(.ARM.Collect$$_printf_percent$$00000017)
    .ARM.Collect$$libinit$$00000000          0x08000206   Section        2  libinit.o(.ARM.Collect$$libinit$$00000000)
    .ARM.Collect$$libinit$$00000001          0x08000208   Section        4  libinit2.o(.ARM.Collect$$libinit$$00000001)
    .ARM.Collect$$libinit$$00000004          0x0800020c   Section        0  libinit2.o(.ARM.Collect$$libinit$$00000004)
    .ARM.Collect$$libinit$$0000000A          0x0800020c   Section        0  libinit2.o(.ARM.Collect$$libinit$$0000000A)
    .ARM.Collect$$libinit$$0000000C          0x0800020c   Section        0  libinit2.o(.ARM.Collect$$libinit$$0000000C)
    .ARM.Collect$$libinit$$0000000E          0x0800020c   Section        0  libinit2.o(.ARM.Collect$$libinit$$0000000E)
    .ARM.Collect$$libinit$$0000000F          0x0800020c   Section        6  libinit2.o(.ARM.Collect$$libinit$$0000000F)
    .ARM.Collect$$libinit$$00000011          0x08000212   Section        0  libinit2.o(.ARM.Collect$$libinit$$00000011)
    .ARM.Collect$$libinit$$00000013          0x08000212   Section        0  libinit2.o(.ARM.Collect$$libinit$$00000013)
    .ARM.Collect$$libinit$$00000015          0x08000212   Section        0  libinit2.o(.ARM.Collect$$libinit$$00000015)
    .ARM.Collect$$libinit$$00000016          0x08000212   Section       10  libinit2.o(.ARM.Collect$$libinit$$00000016)
    .ARM.Collect$$libinit$$00000017          0x0800021c   Section        0  libinit2.o(.ARM.Collect$$libinit$$00000017)
    .ARM.Collect$$libinit$$00000019          0x0800021c   Section        0  libinit2.o(.ARM.Collect$$libinit$$00000019)
    .ARM.Collect$$libinit$$0000001B          0x0800021c   Section        0  libinit2.o(.ARM.Collect$$libinit$$0000001B)
    .ARM.Collect$$libinit$$0000001D          0x0800021c   Section        0  libinit2.o(.ARM.Collect$$libinit$$0000001D)
    .ARM.Collect$$libinit$$0000001F          0x0800021c   Section        0  libinit2.o(.ARM.Collect$$libinit$$0000001F)
    .ARM.Collect$$libinit$$00000021          0x0800021c   Section        0  libinit2.o(.ARM.Collect$$libinit$$00000021)
    .ARM.Collect$$libinit$$00000023          0x0800021c   Section        0  libinit2.o(.ARM.Collect$$libinit$$00000023)
    .ARM.Collect$$libinit$$00000025          0x0800021c   Section        0  libinit2.o(.ARM.Collect$$libinit$$00000025)
    .ARM.Collect$$libinit$$0000002C          0x0800021c   Section        0  libinit2.o(.ARM.Collect$$libinit$$0000002C)
    .ARM.Collect$$libinit$$0000002E          0x0800021c   Section        0  libinit2.o(.ARM.Collect$$libinit$$0000002E)
    .ARM.Collect$$libinit$$00000030          0x0800021c   Section        0  libinit2.o(.ARM.Collect$$libinit$$00000030)
    .ARM.Collect$$libinit$$00000032          0x0800021c   Section        0  libinit2.o(.ARM.Collect$$libinit$$00000032)
    .ARM.Collect$$libinit$$00000033          0x0800021c   Section        2  libinit2.o(.ARM.Collect$$libinit$$00000033)
    .ARM.Collect$$libshutdown$$00000000      0x0800021e   Section        2  libshutdown.o(.ARM.Collect$$libshutdown$$00000000)
    .ARM.Collect$$libshutdown$$00000002      0x08000220   Section        0  libshutdown2.o(.ARM.Collect$$libshutdown$$00000002)
    .ARM.Collect$$libshutdown$$00000004      0x08000220   Section        0  libshutdown2.o(.ARM.Collect$$libshutdown$$00000004)
    .ARM.Collect$$libshutdown$$00000006      0x08000220   Section        0  libshutdown2.o(.ARM.Collect$$libshutdown$$00000006)
    .ARM.Collect$$libshutdown$$00000009      0x08000220   Section        0  libshutdown2.o(.ARM.Collect$$libshutdown$$00000009)
    .ARM.Collect$$libshutdown$$0000000C      0x08000220   Section        0  libshutdown2.o(.ARM.Collect$$libshutdown$$0000000C)
    .ARM.Collect$$libshutdown$$0000000E      0x08000220   Section        0  libshutdown2.o(.ARM.Collect$$libshutdown$$0000000E)
    .ARM.Collect$$libshutdown$$00000011      0x08000220   Section        0  libshutdown2.o(.ARM.Collect$$libshutdown$$00000011)
    .ARM.Collect$$libshutdown$$00000012      0x08000220   Section        2  libshutdown2.o(.ARM.Collect$$libshutdown$$00000012)
    .ARM.Collect$$rtentry$$00000000          0x08000222   Section        0  __rtentry.o(.ARM.Collect$$rtentry$$00000000)
    .ARM.Collect$$rtentry$$00000002          0x08000222   Section        0  __rtentry2.o(.ARM.Collect$$rtentry$$00000002)
    .ARM.Collect$$rtentry$$00000004          0x08000222   Section        6  __rtentry4.o(.ARM.Collect$$rtentry$$00000004)
    .ARM.Collect$$rtentry$$00000009          0x08000228   Section        0  __rtentry2.o(.ARM.Collect$$rtentry$$00000009)
    .ARM.Collect$$rtentry$$0000000A          0x08000228   Section        4  __rtentry2.o(.ARM.Collect$$rtentry$$0000000A)
    .ARM.Collect$$rtentry$$0000000C          0x0800022c   Section        0  __rtentry2.o(.ARM.Collect$$rtentry$$0000000C)
    .ARM.Collect$$rtentry$$0000000D          0x0800022c   Section        8  __rtentry2.o(.ARM.Collect$$rtentry$$0000000D)
    .ARM.Collect$$rtexit$$00000000           0x08000234   Section        2  rtexit.o(.ARM.Collect$$rtexit$$00000000)
    .ARM.Collect$$rtexit$$00000002           0x08000236   Section        0  rtexit2.o(.ARM.Collect$$rtexit$$00000002)
    .ARM.Collect$$rtexit$$00000003           0x08000236   Section        4  rtexit2.o(.ARM.Collect$$rtexit$$00000003)
    .ARM.Collect$$rtexit$$00000004           0x0800023a   Section        6  rtexit2.o(.ARM.Collect$$rtexit$$00000004)
    .text                                    0x08000240   Section       64  startup_stm32f407xx.o(.text)
    $v0                                      0x08000240   Number         0  startup_stm32f407xx.o(.text)
    .text                                    0x08000280   Section      238  lludivv7m.o(.text)
    .text                                    0x08000370   Section        0  __2snprintf.o(.text)
    .text                                    0x080003a8   Section        0  __printf_wp.o(.text)
    .text                                    0x080004b6   Section       78  rt_memclr_w.o(.text)
    .text                                    0x08000504   Section        0  heapauxi.o(.text)
    .text                                    0x0800050a   Section        0  _printf_fp_dec.o(.text)
    _fp_digits                               0x0800050d   Thumb Code   432  _printf_fp_dec.o(.text)
    .text                                    0x08000928   Section        0  _printf_char_common.o(.text)
    _printf_input_char                       0x08000929   Thumb Code    10  _printf_char_common.o(.text)
    .text                                    0x08000958   Section        0  _sputc.o(.text)
    .text                                    0x08000962   Section        0  _snputc.o(.text)
    .text                                    0x08000974   Section        8  rt_locale_intlibspace.o(.text)
    .text                                    0x0800097c   Section      138  lludiv10.o(.text)
    .text                                    0x08000a08   Section        0  _printf_fp_infnan.o(.text)
    .text                                    0x08000a88   Section        0  bigflt0.o(.text)
    .text                                    0x08000b6c   Section        8  libspace.o(.text)
    .text                                    0x08000b74   Section       74  sys_stackheap_outer.o(.text)
    .text                                    0x08000bbe   Section        0  exit.o(.text)
    .text                                    0x08000bd0   Section      128  strcmpv7m.o(.text)
    .text                                    0x08000c50   Section        0  sys_exit.o(.text)
    .text                                    0x08000c5c   Section        2  use_no_semi.o(.text)
    .text                                    0x08000c5e   Section        0  indicate_semi.o(.text)
    CL$$btod_d2e                             0x08000c5e   Section       62  btod.o(CL$$btod_d2e)
    CL$$btod_d2e_denorm_low                  0x08000c9c   Section       70  btod.o(CL$$btod_d2e_denorm_low)
    CL$$btod_d2e_norm_op1                    0x08000ce2   Section       96  btod.o(CL$$btod_d2e_norm_op1)
    CL$$btod_div_common                      0x08000d42   Section      824  btod.o(CL$$btod_div_common)
    CL$$btod_e2e                             0x0800107a   Section      220  btod.o(CL$$btod_e2e)
    CL$$btod_ediv                            0x08001156   Section       42  btod.o(CL$$btod_ediv)
    CL$$btod_emul                            0x08001180   Section       42  btod.o(CL$$btod_emul)
    CL$$btod_mult_common                     0x080011aa   Section      580  btod.o(CL$$btod_mult_common)
    i.BusFault_Handler                       0x080013ee   Section        0  stm32f4xx_it.o(i.BusFault_Handler)
    i.DebugMon_Handler                       0x080013f0   Section        0  stm32f4xx_it.o(i.DebugMon_Handler)
    i.Encoder_GetSpeed                       0x080013f4   Section        0  encoder.o(i.Encoder_GetSpeed)
    i.Encoder_Init                           0x08001414   Section        0  encoder.o(i.Encoder_Init)
    i.Encoder_UpdateSpeed                    0x0800146c   Section        0  encoder.o(i.Encoder_UpdateSpeed)
    i.Error_Handler                          0x08001500   Section        0  main.o(i.Error_Handler)
    i.HAL_GPIO_Init                          0x08001504   Section        0  stm32f4xx_hal_gpio.o(i.HAL_GPIO_Init)
    i.HAL_GPIO_WritePin                      0x080016f4   Section        0  stm32f4xx_hal_gpio.o(i.HAL_GPIO_WritePin)
    i.HAL_GetTick                            0x08001700   Section        0  stm32f4xx_hal.o(i.HAL_GetTick)
    i.HAL_IncTick                            0x0800170c   Section        0  stm32f4xx_hal.o(i.HAL_IncTick)
    i.HAL_Init                               0x0800171c   Section        0  stm32f4xx_hal.o(i.HAL_Init)
    i.HAL_InitTick                           0x08001750   Section        0  stm32f4xx_hal.o(i.HAL_InitTick)
    i.HAL_MspInit                            0x08001790   Section        0  stm32f4xx_hal_msp.o(i.HAL_MspInit)
    i.HAL_NVIC_EnableIRQ                     0x080017c0   Section        0  stm32f4xx_hal_cortex.o(i.HAL_NVIC_EnableIRQ)
    i.HAL_NVIC_SetPriority                   0x080017dc   Section        0  stm32f4xx_hal_cortex.o(i.HAL_NVIC_SetPriority)
    i.HAL_NVIC_SetPriorityGrouping           0x0800181c   Section        0  stm32f4xx_hal_cortex.o(i.HAL_NVIC_SetPriorityGrouping)
    i.HAL_RCC_ClockConfig                    0x08001840   Section        0  stm32f4xx_hal_rcc.o(i.HAL_RCC_ClockConfig)
    i.HAL_RCC_GetPCLK1Freq                   0x08001974   Section        0  stm32f4xx_hal_rcc.o(i.HAL_RCC_GetPCLK1Freq)
    i.HAL_RCC_GetPCLK2Freq                   0x08001994   Section        0  stm32f4xx_hal_rcc.o(i.HAL_RCC_GetPCLK2Freq)
    i.HAL_RCC_GetSysClockFreq                0x080019b4   Section        0  stm32f4xx_hal_rcc.o(i.HAL_RCC_GetSysClockFreq)
    i.HAL_RCC_OscConfig                      0x08001a18   Section        0  stm32f4xx_hal_rcc.o(i.HAL_RCC_OscConfig)
    i.HAL_SYSTICK_Config                     0x08001d84   Section        0  stm32f4xx_hal_cortex.o(i.HAL_SYSTICK_Config)
    i.HAL_TIMEx_BreakCallback                0x08001dac   Section        0  stm32f4xx_hal_tim_ex.o(i.HAL_TIMEx_BreakCallback)
    i.HAL_TIMEx_CommutCallback               0x08001dae   Section        0  stm32f4xx_hal_tim_ex.o(i.HAL_TIMEx_CommutCallback)
    i.HAL_TIMEx_ConfigBreakDeadTime          0x08001db0   Section        0  stm32f4xx_hal_tim_ex.o(i.HAL_TIMEx_ConfigBreakDeadTime)
    i.HAL_TIMEx_MasterConfigSynchronization  0x08001e04   Section        0  stm32f4xx_hal_tim_ex.o(i.HAL_TIMEx_MasterConfigSynchronization)
    i.HAL_TIM_Base_Init                      0x08001e94   Section        0  stm32f4xx_hal_tim.o(i.HAL_TIM_Base_Init)
    i.HAL_TIM_Base_MspInit                   0x08001ef0   Section        0  tim.o(i.HAL_TIM_Base_MspInit)
    i.HAL_TIM_Base_Start_IT                  0x08001f48   Section        0  stm32f4xx_hal_tim.o(i.HAL_TIM_Base_Start_IT)
    i.HAL_TIM_ConfigClockSource              0x08001fc8   Section        0  stm32f4xx_hal_tim.o(i.HAL_TIM_ConfigClockSource)
    i.HAL_TIM_Encoder_Init                   0x080020a4   Section        0  stm32f4xx_hal_tim.o(i.HAL_TIM_Encoder_Init)
    i.HAL_TIM_Encoder_MspInit                0x08002148   Section        0  tim.o(i.HAL_TIM_Encoder_MspInit)
    i.HAL_TIM_Encoder_Start                  0x0800228c   Section        0  stm32f4xx_hal_tim.o(i.HAL_TIM_Encoder_Start)
    i.HAL_TIM_IC_CaptureCallback             0x0800231a   Section        0  stm32f4xx_hal_tim.o(i.HAL_TIM_IC_CaptureCallback)
    i.HAL_TIM_IRQHandler                     0x0800231c   Section        0  stm32f4xx_hal_tim.o(i.HAL_TIM_IRQHandler)
    i.HAL_TIM_MspPostInit                    0x0800244c   Section        0  tim.o(i.HAL_TIM_MspPostInit)
    i.HAL_TIM_OC_DelayElapsedCallback        0x080024a0   Section        0  stm32f4xx_hal_tim.o(i.HAL_TIM_OC_DelayElapsedCallback)
    i.HAL_TIM_PWM_ConfigChannel              0x080024a2   Section        0  stm32f4xx_hal_tim.o(i.HAL_TIM_PWM_ConfigChannel)
    i.HAL_TIM_PWM_Init                       0x0800256e   Section        0  stm32f4xx_hal_tim.o(i.HAL_TIM_PWM_Init)
    i.HAL_TIM_PWM_MspInit                    0x080025c8   Section        0  stm32f4xx_hal_tim.o(i.HAL_TIM_PWM_MspInit)
    i.HAL_TIM_PWM_PulseFinishedCallback      0x080025ca   Section        0  stm32f4xx_hal_tim.o(i.HAL_TIM_PWM_PulseFinishedCallback)
    i.HAL_TIM_PWM_Start                      0x080025cc   Section        0  stm32f4xx_hal_tim.o(i.HAL_TIM_PWM_Start)
    i.HAL_TIM_PeriodElapsedCallback          0x08002694   Section        0  stm32f4xx_it.o(i.HAL_TIM_PeriodElapsedCallback)
    i.HAL_TIM_TriggerCallback                0x080026bc   Section        0  stm32f4xx_hal_tim.o(i.HAL_TIM_TriggerCallback)
    i.HAL_UART_Init                          0x080026be   Section        0  stm32f4xx_hal_uart.o(i.HAL_UART_Init)
    i.HAL_UART_MspInit                       0x08002724   Section        0  stm32f4xx_hal_msp.o(i.HAL_UART_MspInit)
    i.HAL_UART_Transmit                      0x0800278c   Section        0  stm32f4xx_hal_uart.o(i.HAL_UART_Transmit)
    i.HardFault_Handler                      0x0800282c   Section        0  stm32f4xx_it.o(i.HardFault_Handler)
    i.MX_GPIO_Init                           0x08002830   Section        0  gpio.o(i.MX_GPIO_Init)
    i.MX_TIM2_Init                           0x080028f0   Section        0  tim.o(i.MX_TIM2_Init)
    i.MX_TIM3_Init                           0x08002958   Section        0  tim.o(i.MX_TIM3_Init)
    i.MX_TIM4_Init                           0x080029c4   Section        0  tim.o(i.MX_TIM4_Init)
    i.MX_TIM5_Init                           0x08002a30   Section        0  tim.o(i.MX_TIM5_Init)
    i.MX_TIM6_Init                           0x08002a9c   Section        0  tim.o(i.MX_TIM6_Init)
    i.MX_TIM8_Init                           0x08002ae0   Section        0  tim.o(i.MX_TIM8_Init)
    i.MemManage_Handler                      0x08002bd8   Section        0  stm32f4xx_it.o(i.MemManage_Handler)
    i.MotorControl_Init                      0x08002bdc   Section        0  motor_control.o(i.MotorControl_Init)
    i.MotorControl_SetAllTargetSpeedMMps     0x08002c70   Section        0  motor_control.o(i.MotorControl_SetAllTargetSpeedMMps)
    i.MotorControl_Update                    0x08002ca0   Section        0  motor_control.o(i.MotorControl_Update)
    i.Motor_SetPWM                           0x08002d38   Section        0  motor_control.o(i.Motor_SetPWM)
    Motor_SetPWM                             0x08002d39   Thumb Code   152  motor_control.o(i.Motor_SetPWM)
    i.NMI_Handler                            0x08002ddc   Section        0  stm32f4xx_it.o(i.NMI_Handler)
    i.PID_Calc                               0x08002de0   Section        0  pid.o(i.PID_Calc)
    i.PID_Init                               0x08002e8c   Section        0  pid.o(i.PID_Init)
    i.PendSV_Handler                         0x08002ece   Section        0  stm32f4xx_it.o(i.PendSV_Handler)
    i.SVC_Handler                            0x08002ed0   Section        0  stm32f4xx_it.o(i.SVC_Handler)
    i.SysTick_Handler                        0x08002ed2   Section        0  stm32f4xx_it.o(i.SysTick_Handler)
    i.SystemClock_Config                     0x08002ed8   Section        0  main.o(i.SystemClock_Config)
    i.SystemInit                             0x08002f6c   Section        0  system_stm32f4xx.o(i.SystemInit)
    i.TIM6_DAC_IRQHandler                    0x08002f7c   Section        0  stm32f4xx_it.o(i.TIM6_DAC_IRQHandler)
    i.TIM_Base_SetConfig                     0x08002f88   Section        0  stm32f4xx_hal_tim.o(i.TIM_Base_SetConfig)
    i.TIM_CCxChannelCmd                      0x08003058   Section        0  stm32f4xx_hal_tim.o(i.TIM_CCxChannelCmd)
    i.TIM_ETR_SetConfig                      0x08003072   Section        0  stm32f4xx_hal_tim.o(i.TIM_ETR_SetConfig)
    i.TIM_ITRx_SetConfig                     0x08003086   Section        0  stm32f4xx_hal_tim.o(i.TIM_ITRx_SetConfig)
    TIM_ITRx_SetConfig                       0x08003087   Thumb Code    16  stm32f4xx_hal_tim.o(i.TIM_ITRx_SetConfig)
    i.TIM_OC1_SetConfig                      0x08003098   Section        0  stm32f4xx_hal_tim.o(i.TIM_OC1_SetConfig)
    TIM_OC1_SetConfig                        0x08003099   Thumb Code    88  stm32f4xx_hal_tim.o(i.TIM_OC1_SetConfig)
    i.TIM_OC2_SetConfig                      0x080030f8   Section        0  stm32f4xx_hal_tim.o(i.TIM_OC2_SetConfig)
    i.TIM_OC3_SetConfig                      0x08003164   Section        0  stm32f4xx_hal_tim.o(i.TIM_OC3_SetConfig)
    TIM_OC3_SetConfig                        0x08003165   Thumb Code    96  stm32f4xx_hal_tim.o(i.TIM_OC3_SetConfig)
    i.TIM_OC4_SetConfig                      0x080031cc   Section        0  stm32f4xx_hal_tim.o(i.TIM_OC4_SetConfig)
    TIM_OC4_SetConfig                        0x080031cd   Thumb Code    70  stm32f4xx_hal_tim.o(i.TIM_OC4_SetConfig)
    i.TIM_TI1_ConfigInputStage               0x0800321c   Section        0  stm32f4xx_hal_tim.o(i.TIM_TI1_ConfigInputStage)
    TIM_TI1_ConfigInputStage                 0x0800321d   Thumb Code    34  stm32f4xx_hal_tim.o(i.TIM_TI1_ConfigInputStage)
    i.TIM_TI2_ConfigInputStage               0x0800323e   Section        0  stm32f4xx_hal_tim.o(i.TIM_TI2_ConfigInputStage)
    TIM_TI2_ConfigInputStage                 0x0800323f   Thumb Code    36  stm32f4xx_hal_tim.o(i.TIM_TI2_ConfigInputStage)
    i.UART4_Debug_Init                       0x08003264   Section        0  uart4_debug.o(i.UART4_Debug_Init)
    i.UART4_Debug_SendWaveform               0x0800328c   Section        0  uart4_debug.o(i.UART4_Debug_SendWaveform)
    i.UART_EndRxTransfer                     0x0800331c   Section        0  stm32f4xx_hal_uart.o(i.UART_EndRxTransfer)
    UART_EndRxTransfer                       0x0800331d   Thumb Code    78  stm32f4xx_hal_uart.o(i.UART_EndRxTransfer)
    i.UART_SetConfig                         0x0800336c   Section        0  stm32f4xx_hal_uart.o(i.UART_SetConfig)
    UART_SetConfig                           0x0800336d   Thumb Code   258  stm32f4xx_hal_uart.o(i.UART_SetConfig)
    i.UART_WaitOnFlagUntilTimeout            0x08003478   Section        0  stm32f4xx_hal_uart.o(i.UART_WaitOnFlagUntilTimeout)
    UART_WaitOnFlagUntilTimeout              0x08003479   Thumb Code   114  stm32f4xx_hal_uart.o(i.UART_WaitOnFlagUntilTimeout)
    i.UsageFault_Handler                     0x080034ea   Section        0  stm32f4xx_it.o(i.UsageFault_Handler)
    i.__ARM_fpclassify                       0x080034ec   Section        0  fpclassify.o(i.__ARM_fpclassify)
    i.__NVIC_SetPriority                     0x0800351c   Section        0  stm32f4xx_hal_cortex.o(i.__NVIC_SetPriority)
    __NVIC_SetPriority                       0x0800351d   Thumb Code    32  stm32f4xx_hal_cortex.o(i.__NVIC_SetPriority)
    i._is_digit                              0x0800353c   Section        0  __printf_wp.o(i._is_digit)
    i.main                                   0x0800354c   Section        0  main.o(i.main)
    locale$$code                             0x080035a0   Section       44  lc_numeric_c.o(locale$$code)
    x$fpl$dretinf                            0x080035cc   Section       12  dretinf.o(x$fpl$dretinf)
    $v0                                      0x080035cc   Number         0  dretinf.o(x$fpl$dretinf)
    x$fpl$f2d                                0x080035d8   Section       86  f2d.o(x$fpl$f2d)
    $v0                                      0x080035d8   Number         0  f2d.o(x$fpl$f2d)
    x$fpl$fnaninf                            0x0800362e   Section      140  fnaninf.o(x$fpl$fnaninf)
    $v0                                      0x0800362e   Number         0  fnaninf.o(x$fpl$fnaninf)
    x$fpl$fpinit                             0x080036ba   Section       10  fpinit.o(x$fpl$fpinit)
    $v0                                      0x080036ba   Number         0  fpinit.o(x$fpl$fpinit)
    x$fpl$printf1                            0x080036c4   Section        4  printf1.o(x$fpl$printf1)
    $v0                                      0x080036c4   Number         0  printf1.o(x$fpl$printf1)
    .constdata                               0x080036c8   Section       16  motor_control.o(.constdata)
    x$fpl$usenofp                            0x080036c8   Section        0  usenofp.o(x$fpl$usenofp)
    motor_in1_pin                            0x080036c8   Data           8  motor_control.o(.constdata)
    motor_in2_pin                            0x080036d0   Data           8  motor_control.o(.constdata)
    .constdata                               0x080036d8   Section       16  system_stm32f4xx.o(.constdata)
    .constdata                               0x080036e8   Section        8  system_stm32f4xx.o(.constdata)
    .constdata                               0x080036f0   Section      148  bigflt0.o(.constdata)
    tenpwrs_x                                0x080036f0   Data          60  bigflt0.o(.constdata)
    tenpwrs_i                                0x0800372c   Data          64  bigflt0.o(.constdata)
    locale$$data                             0x080037a4   Section       28  lc_numeric_c.o(locale$$data)
    __lcnum_c_name                           0x080037a8   Data           2  lc_numeric_c.o(locale$$data)
    __lcnum_c_start                          0x080037b0   Data           0  lc_numeric_c.o(locale$$data)
    __lcnum_c_point                          0x080037bc   Data           0  lc_numeric_c.o(locale$$data)
    __lcnum_c_thousands                      0x080037be   Data           0  lc_numeric_c.o(locale$$data)
    __lcnum_c_grouping                       0x080037bf   Data           0  lc_numeric_c.o(locale$$data)
    __lcnum_c_end                            0x080037c0   Data           0  lc_numeric_c.o(locale$$data)
    .data                                    0x20000000   Section        1  stm32f4xx_it.o(.data)
    tick_10ms                                0x20000000   Data           1  stm32f4xx_it.o(.data)
    .data                                    0x20000004   Section        4  motor_control.o(.data)
    motor_gpio_port                          0x20000004   Data           4  motor_control.o(.data)
    .data                                    0x20000008   Section       12  stm32f4xx_hal.o(.data)
    .data                                    0x20000014   Section        4  system_stm32f4xx.o(.data)
    .bss                                     0x20000018   Section      432  tim.o(.bss)
    .bss                                     0x200001c8   Section       48  encoder.o(.bss)
    encoder_count                            0x200001c8   Data          16  encoder.o(.bss)
    encoder_count_last                       0x200001d8   Data          16  encoder.o(.bss)
    encoder_speed                            0x200001e8   Data          16  encoder.o(.bss)
    .bss                                     0x200001f8   Section      144  motor_control.o(.bss)
    target_speed                             0x200001f8   Data          16  motor_control.o(.bss)
    motor_pid                                0x20000208   Data         128  motor_control.o(.bss)
    .bss                                     0x20000288   Section       72  uart4_debug.o(.bss)
    huart4                                   0x20000288   Data          72  uart4_debug.o(.bss)
    .bss                                     0x200002d0   Section       96  libspace.o(.bss)
    HEAP                                     0x20000330   Section      512  startup_stm32f407xx.o(HEAP)
    Heap_Mem                                 0x20000330   Data         512  startup_stm32f407xx.o(HEAP)
    STACK                                    0x20000530   Section     1024  startup_stm32f407xx.o(STACK)
    Stack_Mem                                0x20000530   Data        1024  startup_stm32f407xx.o(STACK)
    __initial_sp                             0x20000930   Data           0  startup_stm32f407xx.o(STACK)

    Global Symbols

    Symbol Name                              Value     Ov Type        Size  Object(Section)

    BuildAttributes$$THM_ISAv4$E$P$D$K$B$S$7EM$VFPi3$EXTD16$VFPS$VFMA$PE$A:L22UL41UL21$X:L11$S22US41US21$IEEE1$IW$USESV6$~STKCKD$USESV7$~SHL$OTIME$ROPI$IEEEJ$EBA8$UX$STANDARDLIB$REQ8$PRES8$EABIv2 0x00000000   Number         0  anon$$obj.o ABSOLUTE
    __ARM_use_no_argv                        0x00000000   Number         0  main.o ABSOLUTE
    _printf_flags                            0x00000000   Number         0  printf_stubs.o ABSOLUTE
    _printf_return_value                     0x00000000   Number         0  printf_stubs.o ABSOLUTE
    _printf_sizespec                         0x00000000   Number         0  printf_stubs.o ABSOLUTE
    _printf_widthprec                        0x00000000   Number         0  printf_stubs.o ABSOLUTE
    __ARM_exceptions_init                     - Undefined Weak Reference
    __alloca_initialize                       - Undefined Weak Reference
    __arm_fini_                               - Undefined Weak Reference
    __arm_preinit_                            - Undefined Weak Reference
    __cpp_initialize__aeabi_                  - Undefined Weak Reference
    __cxa_finalize                            - Undefined Weak Reference
    __sigvec_lookup                           - Undefined Weak Reference
    _atexit_init                              - Undefined Weak Reference
    _call_atexit_fns                          - Undefined Weak Reference
    _clock_init                               - Undefined Weak Reference
    _fp_trap_init                             - Undefined Weak Reference
    _fp_trap_shutdown                         - Undefined Weak Reference
    _get_lc_collate                           - Undefined Weak Reference
    _get_lc_ctype                             - Undefined Weak Reference
    _get_lc_monetary                          - Undefined Weak Reference
    _get_lc_time                              - Undefined Weak Reference
    _getenv_init                              - Undefined Weak Reference
    _handle_redirection                       - Undefined Weak Reference
    _init_alloc                               - Undefined Weak Reference
    _init_user_alloc                          - Undefined Weak Reference
    _initio                                   - Undefined Weak Reference
    _printf_post_padding                      - Undefined Weak Reference
    _printf_pre_padding                       - Undefined Weak Reference
    _rand_init                                - Undefined Weak Reference
    _signal_finish                            - Undefined Weak Reference
    _signal_init                              - Undefined Weak Reference
    _terminate_alloc                          - Undefined Weak Reference
    _terminate_user_alloc                     - Undefined Weak Reference
    _terminateio                              - Undefined Weak Reference
    __Vectors_Size                           0x00000188   Number         0  startup_stm32f407xx.o ABSOLUTE
    __Vectors                                0x08000000   Data           4  startup_stm32f407xx.o(RESET)
    __Vectors_End                            0x08000188   Data           0  startup_stm32f407xx.o(RESET)
    __main                                   0x08000189   Thumb Code     8  __main.o(!!!main)
    __scatterload                            0x08000191   Thumb Code     0  __scatter.o(!!!scatter)
    __scatterload_rt2                        0x08000191   Thumb Code    44  __scatter.o(!!!scatter)
    __scatterload_rt2_thumb_only             0x08000191   Thumb Code     0  __scatter.o(!!!scatter)
    __scatterload_null                       0x0800019f   Thumb Code     0  __scatter.o(!!!scatter)
    __scatterload_copy                       0x080001c5   Thumb Code    26  __scatter_copy.o(!!handler_copy)
    __scatterload_zeroinit                   0x080001e1   Thumb Code    28  __scatter_zi.o(!!handler_zi)
    _printf_f                                0x080001fd   Thumb Code     0  _printf_f.o(.ARM.Collect$$_printf_percent$$00000003)
    _printf_percent                          0x080001fd   Thumb Code     0  _printf_percent.o(.ARM.Collect$$_printf_percent$$00000000)
    _printf_percent_end                      0x08000203   Thumb Code     0  _printf_percent_end.o(.ARM.Collect$$_printf_percent$$00000017)
    __rt_lib_init                            0x08000207   Thumb Code     0  libinit.o(.ARM.Collect$$libinit$$00000000)
    __rt_lib_init_fp_1                       0x08000209   Thumb Code     0  libinit2.o(.ARM.Collect$$libinit$$00000001)
    __rt_lib_init_heap_1                     0x0800020d   Thumb Code     0  libinit2.o(.ARM.Collect$$libinit$$0000000A)
    __rt_lib_init_lc_common                  0x0800020d   Thumb Code     0  libinit2.o(.ARM.Collect$$libinit$$0000000F)
    __rt_lib_init_preinit_1                  0x0800020d   Thumb Code     0  libinit2.o(.ARM.Collect$$libinit$$00000004)
    __rt_lib_init_rand_1                     0x0800020d   Thumb Code     0  libinit2.o(.ARM.Collect$$libinit$$0000000E)
    __rt_lib_init_user_alloc_1               0x0800020d   Thumb Code     0  libinit2.o(.ARM.Collect$$libinit$$0000000C)
    __rt_lib_init_lc_collate_1               0x08000213   Thumb Code     0  libinit2.o(.ARM.Collect$$libinit$$00000011)
    __rt_lib_init_lc_ctype_1                 0x08000213   Thumb Code     0  libinit2.o(.ARM.Collect$$libinit$$00000013)
    __rt_lib_init_lc_monetary_1              0x08000213   Thumb Code     0  libinit2.o(.ARM.Collect$$libinit$$00000015)
    __rt_lib_init_lc_numeric_2               0x08000213   Thumb Code     0  libinit2.o(.ARM.Collect$$libinit$$00000016)
    __rt_lib_init_alloca_1                   0x0800021d   Thumb Code     0  libinit2.o(.ARM.Collect$$libinit$$0000002E)
    __rt_lib_init_argv_1                     0x0800021d   Thumb Code     0  libinit2.o(.ARM.Collect$$libinit$$0000002C)
    __rt_lib_init_atexit_1                   0x0800021d   Thumb Code     0  libinit2.o(.ARM.Collect$$libinit$$0000001B)
    __rt_lib_init_clock_1                    0x0800021d   Thumb Code     0  libinit2.o(.ARM.Collect$$libinit$$00000021)
    __rt_lib_init_cpp_1                      0x0800021d   Thumb Code     0  libinit2.o(.ARM.Collect$$libinit$$00000032)
    __rt_lib_init_exceptions_1               0x0800021d   Thumb Code     0  libinit2.o(.ARM.Collect$$libinit$$00000030)
    __rt_lib_init_fp_trap_1                  0x0800021d   Thumb Code     0  libinit2.o(.ARM.Collect$$libinit$$0000001F)
    __rt_lib_init_getenv_1                   0x0800021d   Thumb Code     0  libinit2.o(.ARM.Collect$$libinit$$00000023)
    __rt_lib_init_lc_numeric_1               0x0800021d   Thumb Code     0  libinit2.o(.ARM.Collect$$libinit$$00000017)
    __rt_lib_init_lc_time_1                  0x0800021d   Thumb Code     0  libinit2.o(.ARM.Collect$$libinit$$00000019)
    __rt_lib_init_return                     0x0800021d   Thumb Code     0  libinit2.o(.ARM.Collect$$libinit$$00000033)
    __rt_lib_init_signal_1                   0x0800021d   Thumb Code     0  libinit2.o(.ARM.Collect$$libinit$$0000001D)
    __rt_lib_init_stdio_1                    0x0800021d   Thumb Code     0  libinit2.o(.ARM.Collect$$libinit$$00000025)
    __rt_lib_shutdown                        0x0800021f   Thumb Code     0  libshutdown.o(.ARM.Collect$$libshutdown$$00000000)
    __rt_lib_shutdown_cpp_1                  0x08000221   Thumb Code     0  libshutdown2.o(.ARM.Collect$$libshutdown$$00000004)
    __rt_lib_shutdown_fini_1                 0x08000221   Thumb Code     0  libshutdown2.o(.ARM.Collect$$libshutdown$$00000002)
    __rt_lib_shutdown_fp_trap_1              0x08000221   Thumb Code     0  libshutdown2.o(.ARM.Collect$$libshutdown$$00000009)
    __rt_lib_shutdown_heap_1                 0x08000221   Thumb Code     0  libshutdown2.o(.ARM.Collect$$libshutdown$$00000011)
    __rt_lib_shutdown_return                 0x08000221   Thumb Code     0  libshutdown2.o(.ARM.Collect$$libshutdown$$00000012)
    __rt_lib_shutdown_signal_1               0x08000221   Thumb Code     0  libshutdown2.o(.ARM.Collect$$libshutdown$$0000000C)
    __rt_lib_shutdown_stdio_1                0x08000221   Thumb Code     0  libshutdown2.o(.ARM.Collect$$libshutdown$$00000006)
    __rt_lib_shutdown_user_alloc_1           0x08000221   Thumb Code     0  libshutdown2.o(.ARM.Collect$$libshutdown$$0000000E)
    __rt_entry                               0x08000223   Thumb Code     0  __rtentry.o(.ARM.Collect$$rtentry$$00000000)
    __rt_entry_presh_1                       0x08000223   Thumb Code     0  __rtentry2.o(.ARM.Collect$$rtentry$$00000002)
    __rt_entry_sh                            0x08000223   Thumb Code     0  __rtentry4.o(.ARM.Collect$$rtentry$$00000004)
    __rt_entry_li                            0x08000229   Thumb Code     0  __rtentry2.o(.ARM.Collect$$rtentry$$0000000A)
    __rt_entry_postsh_1                      0x08000229   Thumb Code     0  __rtentry2.o(.ARM.Collect$$rtentry$$00000009)
    __rt_entry_main                          0x0800022d   Thumb Code     0  __rtentry2.o(.ARM.Collect$$rtentry$$0000000D)
    __rt_entry_postli_1                      0x0800022d   Thumb Code     0  __rtentry2.o(.ARM.Collect$$rtentry$$0000000C)
    __rt_exit                                0x08000235   Thumb Code     0  rtexit.o(.ARM.Collect$$rtexit$$00000000)
    __rt_exit_ls                             0x08000237   Thumb Code     0  rtexit2.o(.ARM.Collect$$rtexit$$00000003)
    __rt_exit_prels_1                        0x08000237   Thumb Code     0  rtexit2.o(.ARM.Collect$$rtexit$$00000002)
    __rt_exit_exit                           0x0800023b   Thumb Code     0  rtexit2.o(.ARM.Collect$$rtexit$$00000004)
    Reset_Handler                            0x08000241   Thumb Code     8  startup_stm32f407xx.o(.text)
    ADC_IRQHandler                           0x0800025b   Thumb Code     0  startup_stm32f407xx.o(.text)
    CAN1_RX0_IRQHandler                      0x0800025b   Thumb Code     0  startup_stm32f407xx.o(.text)
    CAN1_RX1_IRQHandler                      0x0800025b   Thumb Code     0  startup_stm32f407xx.o(.text)
    CAN1_SCE_IRQHandler                      0x0800025b   Thumb Code     0  startup_stm32f407xx.o(.text)
    CAN1_TX_IRQHandler                       0x0800025b   Thumb Code     0  startup_stm32f407xx.o(.text)
    CAN2_RX0_IRQHandler                      0x0800025b   Thumb Code     0  startup_stm32f407xx.o(.text)
    CAN2_RX1_IRQHandler                      0x0800025b   Thumb Code     0  startup_stm32f407xx.o(.text)
    CAN2_SCE_IRQHandler                      0x0800025b   Thumb Code     0  startup_stm32f407xx.o(.text)
    CAN2_TX_IRQHandler                       0x0800025b   Thumb Code     0  startup_stm32f407xx.o(.text)
    DCMI_IRQHandler                          0x0800025b   Thumb Code     0  startup_stm32f407xx.o(.text)
    DMA1_Stream0_IRQHandler                  0x0800025b   Thumb Code     0  startup_stm32f407xx.o(.text)
    DMA1_Stream1_IRQHandler                  0x0800025b   Thumb Code     0  startup_stm32f407xx.o(.text)
    DMA1_Stream2_IRQHandler                  0x0800025b   Thumb Code     0  startup_stm32f407xx.o(.text)
    DMA1_Stream3_IRQHandler                  0x0800025b   Thumb Code     0  startup_stm32f407xx.o(.text)
    DMA1_Stream4_IRQHandler                  0x0800025b   Thumb Code     0  startup_stm32f407xx.o(.text)
    DMA1_Stream5_IRQHandler                  0x0800025b   Thumb Code     0  startup_stm32f407xx.o(.text)
    DMA1_Stream6_IRQHandler                  0x0800025b   Thumb Code     0  startup_stm32f407xx.o(.text)
    DMA1_Stream7_IRQHandler                  0x0800025b   Thumb Code     0  startup_stm32f407xx.o(.text)
    DMA2_Stream0_IRQHandler                  0x0800025b   Thumb Code     0  startup_stm32f407xx.o(.text)
    DMA2_Stream1_IRQHandler                  0x0800025b   Thumb Code     0  startup_stm32f407xx.o(.text)
    DMA2_Stream2_IRQHandler                  0x0800025b   Thumb Code     0  startup_stm32f407xx.o(.text)
    DMA2_Stream3_IRQHandler                  0x0800025b   Thumb Code     0  startup_stm32f407xx.o(.text)
    DMA2_Stream4_IRQHandler                  0x0800025b   Thumb Code     0  startup_stm32f407xx.o(.text)
    DMA2_Stream5_IRQHandler                  0x0800025b   Thumb Code     0  startup_stm32f407xx.o(.text)
    DMA2_Stream6_IRQHandler                  0x0800025b   Thumb Code     0  startup_stm32f407xx.o(.text)
    DMA2_Stream7_IRQHandler                  0x0800025b   Thumb Code     0  startup_stm32f407xx.o(.text)
    ETH_IRQHandler                           0x0800025b   Thumb Code     0  startup_stm32f407xx.o(.text)
    ETH_WKUP_IRQHandler                      0x0800025b   Thumb Code     0  startup_stm32f407xx.o(.text)
    EXTI0_IRQHandler                         0x0800025b   Thumb Code     0  startup_stm32f407xx.o(.text)
    EXTI15_10_IRQHandler                     0x0800025b   Thumb Code     0  startup_stm32f407xx.o(.text)
    EXTI1_IRQHandler                         0x0800025b   Thumb Code     0  startup_stm32f407xx.o(.text)
    EXTI2_IRQHandler                         0x0800025b   Thumb Code     0  startup_stm32f407xx.o(.text)
    EXTI3_IRQHandler                         0x0800025b   Thumb Code     0  startup_stm32f407xx.o(.text)
    EXTI4_IRQHandler                         0x0800025b   Thumb Code     0  startup_stm32f407xx.o(.text)
    EXTI9_5_IRQHandler                       0x0800025b   Thumb Code     0  startup_stm32f407xx.o(.text)
    FLASH_IRQHandler                         0x0800025b   Thumb Code     0  startup_stm32f407xx.o(.text)
    FMC_IRQHandler                           0x0800025b   Thumb Code     0  startup_stm32f407xx.o(.text)
    FPU_IRQHandler                           0x0800025b   Thumb Code     0  startup_stm32f407xx.o(.text)
    HASH_RNG_IRQHandler                      0x0800025b   Thumb Code     0  startup_stm32f407xx.o(.text)
    I2C1_ER_IRQHandler                       0x0800025b   Thumb Code     0  startup_stm32f407xx.o(.text)
    I2C1_EV_IRQHandler                       0x0800025b   Thumb Code     0  startup_stm32f407xx.o(.text)
    I2C2_ER_IRQHandler                       0x0800025b   Thumb Code     0  startup_stm32f407xx.o(.text)
    I2C2_EV_IRQHandler                       0x0800025b   Thumb Code     0  startup_stm32f407xx.o(.text)
    I2C3_ER_IRQHandler                       0x0800025b   Thumb Code     0  startup_stm32f407xx.o(.text)
    I2C3_EV_IRQHandler                       0x0800025b   Thumb Code     0  startup_stm32f407xx.o(.text)
    OTG_FS_IRQHandler                        0x0800025b   Thumb Code     0  startup_stm32f407xx.o(.text)
    OTG_FS_WKUP_IRQHandler                   0x0800025b   Thumb Code     0  startup_stm32f407xx.o(.text)
    OTG_HS_EP1_IN_IRQHandler                 0x0800025b   Thumb Code     0  startup_stm32f407xx.o(.text)
    OTG_HS_EP1_OUT_IRQHandler                0x0800025b   Thumb Code     0  startup_stm32f407xx.o(.text)
    OTG_HS_IRQHandler                        0x0800025b   Thumb Code     0  startup_stm32f407xx.o(.text)
    OTG_HS_WKUP_IRQHandler                   0x0800025b   Thumb Code     0  startup_stm32f407xx.o(.text)
    PVD_IRQHandler                           0x0800025b   Thumb Code     0  startup_stm32f407xx.o(.text)
    RCC_IRQHandler                           0x0800025b   Thumb Code     0  startup_stm32f407xx.o(.text)
    RTC_Alarm_IRQHandler                     0x0800025b   Thumb Code     0  startup_stm32f407xx.o(.text)
    RTC_WKUP_IRQHandler                      0x0800025b   Thumb Code     0  startup_stm32f407xx.o(.text)
    SDIO_IRQHandler                          0x0800025b   Thumb Code     0  startup_stm32f407xx.o(.text)
    SPI1_IRQHandler                          0x0800025b   Thumb Code     0  startup_stm32f407xx.o(.text)
    SPI2_IRQHandler                          0x0800025b   Thumb Code     0  startup_stm32f407xx.o(.text)
    SPI3_IRQHandler                          0x0800025b   Thumb Code     0  startup_stm32f407xx.o(.text)
    TAMP_STAMP_IRQHandler                    0x0800025b   Thumb Code     0  startup_stm32f407xx.o(.text)
    TIM1_BRK_TIM9_IRQHandler                 0x0800025b   Thumb Code     0  startup_stm32f407xx.o(.text)
    TIM1_CC_IRQHandler                       0x0800025b   Thumb Code     0  startup_stm32f407xx.o(.text)
    TIM1_TRG_COM_TIM11_IRQHandler            0x0800025b   Thumb Code     0  startup_stm32f407xx.o(.text)
    TIM1_UP_TIM10_IRQHandler                 0x0800025b   Thumb Code     0  startup_stm32f407xx.o(.text)
    TIM2_IRQHandler                          0x0800025b   Thumb Code     0  startup_stm32f407xx.o(.text)
    TIM3_IRQHandler                          0x0800025b   Thumb Code     0  startup_stm32f407xx.o(.text)
    TIM4_IRQHandler                          0x0800025b   Thumb Code     0  startup_stm32f407xx.o(.text)
    TIM5_IRQHandler                          0x0800025b   Thumb Code     0  startup_stm32f407xx.o(.text)
    TIM7_IRQHandler                          0x0800025b   Thumb Code     0  startup_stm32f407xx.o(.text)
    TIM8_BRK_TIM12_IRQHandler                0x0800025b   Thumb Code     0  startup_stm32f407xx.o(.text)
    TIM8_CC_IRQHandler                       0x0800025b   Thumb Code     0  startup_stm32f407xx.o(.text)
    TIM8_TRG_COM_TIM14_IRQHandler            0x0800025b   Thumb Code     0  startup_stm32f407xx.o(.text)
    TIM8_UP_TIM13_IRQHandler                 0x0800025b   Thumb Code     0  startup_stm32f407xx.o(.text)
    UART4_IRQHandler                         0x0800025b   Thumb Code     0  startup_stm32f407xx.o(.text)
    UART5_IRQHandler                         0x0800025b   Thumb Code     0  startup_stm32f407xx.o(.text)
    USART1_IRQHandler                        0x0800025b   Thumb Code     0  startup_stm32f407xx.o(.text)
    USART2_IRQHandler                        0x0800025b   Thumb Code     0  startup_stm32f407xx.o(.text)
    USART3_IRQHandler                        0x0800025b   Thumb Code     0  startup_stm32f407xx.o(.text)
    USART6_IRQHandler                        0x0800025b   Thumb Code     0  startup_stm32f407xx.o(.text)
    WWDG_IRQHandler                          0x0800025b   Thumb Code     0  startup_stm32f407xx.o(.text)
    __user_initial_stackheap                 0x0800025d   Thumb Code     0  startup_stm32f407xx.o(.text)
    __aeabi_uldivmod                         0x08000281   Thumb Code     0  lludivv7m.o(.text)
    _ll_udiv                                 0x08000281   Thumb Code   238  lludivv7m.o(.text)
    __2snprintf                              0x08000371   Thumb Code    50  __2snprintf.o(.text)
    __printf                                 0x080003a9   Thumb Code   270  __printf_wp.o(.text)
    __aeabi_memclr4                          0x080004b7   Thumb Code     0  rt_memclr_w.o(.text)
    __aeabi_memclr8                          0x080004b7   Thumb Code     0  rt_memclr_w.o(.text)
    __rt_memclr_w                            0x080004b7   Thumb Code    78  rt_memclr_w.o(.text)
    _memset_w                                0x080004bb   Thumb Code     0  rt_memclr_w.o(.text)
    __use_two_region_memory                  0x08000505   Thumb Code     2  heapauxi.o(.text)
    __rt_heap_escrow$2region                 0x08000507   Thumb Code     2  heapauxi.o(.text)
    __rt_heap_expand$2region                 0x08000509   Thumb Code     2  heapauxi.o(.text)
    __lib_sel_fp_printf                      0x0800050b   Thumb Code     2  _printf_fp_dec.o(.text)
    _printf_fp_dec_real                      0x080006bd   Thumb Code   620  _printf_fp_dec.o(.text)
    _printf_char_common                      0x08000933   Thumb Code    32  _printf_char_common.o(.text)
    _sputc                                   0x08000959   Thumb Code    10  _sputc.o(.text)
    _snputc                                  0x08000963   Thumb Code    16  _snputc.o(.text)
    __rt_locale                              0x08000975   Thumb Code     8  rt_locale_intlibspace.o(.text)
    _ll_udiv10                               0x0800097d   Thumb Code   138  lludiv10.o(.text)
    _printf_fp_infnan                        0x08000a09   Thumb Code   112  _printf_fp_infnan.o(.text)
    _btod_etento                             0x08000a89   Thumb Code   224  bigflt0.o(.text)
    __user_libspace                          0x08000b6d   Thumb Code     8  libspace.o(.text)
    __user_perproc_libspace                  0x08000b6d   Thumb Code     0  libspace.o(.text)
    __user_perthread_libspace                0x08000b6d   Thumb Code     0  libspace.o(.text)
    __user_setup_stackheap                   0x08000b75   Thumb Code    74  sys_stackheap_outer.o(.text)
    exit                                     0x08000bbf   Thumb Code    18  exit.o(.text)
    strcmp                                   0x08000bd1   Thumb Code   128  strcmpv7m.o(.text)
    _sys_exit                                0x08000c51   Thumb Code     8  sys_exit.o(.text)
    __I$use$semihosting                      0x08000c5d   Thumb Code     0  use_no_semi.o(.text)
    __use_no_semihosting_swi                 0x08000c5d   Thumb Code     2  use_no_semi.o(.text)
    __semihosting_library_function           0x08000c5f   Thumb Code     0  indicate_semi.o(.text)
    _btod_d2e                                0x08000c5f   Thumb Code    62  btod.o(CL$$btod_d2e)
    _d2e_denorm_low                          0x08000c9d   Thumb Code    70  btod.o(CL$$btod_d2e_denorm_low)
    _d2e_norm_op1                            0x08000ce3   Thumb Code    96  btod.o(CL$$btod_d2e_norm_op1)
    __btod_div_common                        0x08000d43   Thumb Code   696  btod.o(CL$$btod_div_common)
    _e2e                                     0x0800107b   Thumb Code   220  btod.o(CL$$btod_e2e)
    _btod_ediv                               0x08001157   Thumb Code    42  btod.o(CL$$btod_ediv)
    _btod_emul                               0x08001181   Thumb Code    42  btod.o(CL$$btod_emul)
    __btod_mult_common                       0x080011ab   Thumb Code   580  btod.o(CL$$btod_mult_common)
    BusFault_Handler                         0x080013ef   Thumb Code     2  stm32f4xx_it.o(i.BusFault_Handler)
    DebugMon_Handler                         0x080013f1   Thumb Code     2  stm32f4xx_it.o(i.DebugMon_Handler)
    Encoder_GetSpeed                         0x080013f5   Thumb Code    22  encoder.o(i.Encoder_GetSpeed)
    Encoder_Init                             0x08001415   Thumb Code    66  encoder.o(i.Encoder_Init)
    Encoder_UpdateSpeed                      0x0800146d   Thumb Code   124  encoder.o(i.Encoder_UpdateSpeed)
    Error_Handler                            0x08001501   Thumb Code     4  main.o(i.Error_Handler)
    HAL_GPIO_Init                            0x08001505   Thumb Code   450  stm32f4xx_hal_gpio.o(i.HAL_GPIO_Init)
    HAL_GPIO_WritePin                        0x080016f5   Thumb Code    10  stm32f4xx_hal_gpio.o(i.HAL_GPIO_WritePin)
    HAL_GetTick                              0x08001701   Thumb Code     6  stm32f4xx_hal.o(i.HAL_GetTick)
    HAL_IncTick                              0x0800170d   Thumb Code    12  stm32f4xx_hal.o(i.HAL_IncTick)
    HAL_Init                                 0x0800171d   Thumb Code    48  stm32f4xx_hal.o(i.HAL_Init)
    HAL_InitTick                             0x08001751   Thumb Code    54  stm32f4xx_hal.o(i.HAL_InitTick)
    HAL_MspInit                              0x08001791   Thumb Code    42  stm32f4xx_hal_msp.o(i.HAL_MspInit)
    HAL_NVIC_EnableIRQ                       0x080017c1   Thumb Code    26  stm32f4xx_hal_cortex.o(i.HAL_NVIC_EnableIRQ)
    HAL_NVIC_SetPriority                     0x080017dd   Thumb Code    60  stm32f4xx_hal_cortex.o(i.HAL_NVIC_SetPriority)
    HAL_NVIC_SetPriorityGrouping             0x0800181d   Thumb Code    26  stm32f4xx_hal_cortex.o(i.HAL_NVIC_SetPriorityGrouping)
    HAL_RCC_ClockConfig                      0x08001841   Thumb Code   288  stm32f4xx_hal_rcc.o(i.HAL_RCC_ClockConfig)
    HAL_RCC_GetPCLK1Freq                     0x08001975   Thumb Code    20  stm32f4xx_hal_rcc.o(i.HAL_RCC_GetPCLK1Freq)
    HAL_RCC_GetPCLK2Freq                     0x08001995   Thumb Code    20  stm32f4xx_hal_rcc.o(i.HAL_RCC_GetPCLK2Freq)
    HAL_RCC_GetSysClockFreq                  0x080019b5   Thumb Code    88  stm32f4xx_hal_rcc.o(i.HAL_RCC_GetSysClockFreq)
    HAL_RCC_OscConfig                        0x08001a19   Thumb Code   856  stm32f4xx_hal_rcc.o(i.HAL_RCC_OscConfig)
    HAL_SYSTICK_Config                       0x08001d85   Thumb Code    40  stm32f4xx_hal_cortex.o(i.HAL_SYSTICK_Config)
    HAL_TIMEx_BreakCallback                  0x08001dad   Thumb Code     2  stm32f4xx_hal_tim_ex.o(i.HAL_TIMEx_BreakCallback)
    HAL_TIMEx_CommutCallback                 0x08001daf   Thumb Code     2  stm32f4xx_hal_tim_ex.o(i.HAL_TIMEx_CommutCallback)
    HAL_TIMEx_ConfigBreakDeadTime            0x08001db1   Thumb Code    84  stm32f4xx_hal_tim_ex.o(i.HAL_TIMEx_ConfigBreakDeadTime)
    HAL_TIMEx_MasterConfigSynchronization    0x08001e05   Thumb Code   116  stm32f4xx_hal_tim_ex.o(i.HAL_TIMEx_MasterConfigSynchronization)
    HAL_TIM_Base_Init                        0x08001e95   Thumb Code    90  stm32f4xx_hal_tim.o(i.HAL_TIM_Base_Init)
    HAL_TIM_Base_MspInit                     0x08001ef1   Thumb Code    76  tim.o(i.HAL_TIM_Base_MspInit)
    HAL_TIM_Base_Start_IT                    0x08001f49   Thumb Code   100  stm32f4xx_hal_tim.o(i.HAL_TIM_Base_Start_IT)
    HAL_TIM_ConfigClockSource                0x08001fc9   Thumb Code   220  stm32f4xx_hal_tim.o(i.HAL_TIM_ConfigClockSource)
    HAL_TIM_Encoder_Init                     0x080020a5   Thumb Code   164  stm32f4xx_hal_tim.o(i.HAL_TIM_Encoder_Init)
    HAL_TIM_Encoder_MspInit                  0x08002149   Thumb Code   300  tim.o(i.HAL_TIM_Encoder_MspInit)
    HAL_TIM_Encoder_Start                    0x0800228d   Thumb Code   142  stm32f4xx_hal_tim.o(i.HAL_TIM_Encoder_Start)
    HAL_TIM_IC_CaptureCallback               0x0800231b   Thumb Code     2  stm32f4xx_hal_tim.o(i.HAL_TIM_IC_CaptureCallback)
    HAL_TIM_IRQHandler                       0x0800231d   Thumb Code   304  stm32f4xx_hal_tim.o(i.HAL_TIM_IRQHandler)
    HAL_TIM_MspPostInit                      0x0800244d   Thumb Code    72  tim.o(i.HAL_TIM_MspPostInit)
    HAL_TIM_OC_DelayElapsedCallback          0x080024a1   Thumb Code     2  stm32f4xx_hal_tim.o(i.HAL_TIM_OC_DelayElapsedCallback)
    HAL_TIM_PWM_ConfigChannel                0x080024a3   Thumb Code   204  stm32f4xx_hal_tim.o(i.HAL_TIM_PWM_ConfigChannel)
    HAL_TIM_PWM_Init                         0x0800256f   Thumb Code    90  stm32f4xx_hal_tim.o(i.HAL_TIM_PWM_Init)
    HAL_TIM_PWM_MspInit                      0x080025c9   Thumb Code     2  stm32f4xx_hal_tim.o(i.HAL_TIM_PWM_MspInit)
    HAL_TIM_PWM_PulseFinishedCallback        0x080025cb   Thumb Code     2  stm32f4xx_hal_tim.o(i.HAL_TIM_PWM_PulseFinishedCallback)
    HAL_TIM_PWM_Start                        0x080025cd   Thumb Code   172  stm32f4xx_hal_tim.o(i.HAL_TIM_PWM_Start)
    HAL_TIM_PeriodElapsedCallback            0x08002695   Thumb Code    32  stm32f4xx_it.o(i.HAL_TIM_PeriodElapsedCallback)
    HAL_TIM_TriggerCallback                  0x080026bd   Thumb Code     2  stm32f4xx_hal_tim.o(i.HAL_TIM_TriggerCallback)
    HAL_UART_Init                            0x080026bf   Thumb Code   100  stm32f4xx_hal_uart.o(i.HAL_UART_Init)
    HAL_UART_MspInit                         0x08002725   Thumb Code    90  stm32f4xx_hal_msp.o(i.HAL_UART_MspInit)
    HAL_UART_Transmit                        0x0800278d   Thumb Code   160  stm32f4xx_hal_uart.o(i.HAL_UART_Transmit)
    HardFault_Handler                        0x0800282d   Thumb Code     2  stm32f4xx_it.o(i.HardFault_Handler)
    MX_GPIO_Init                             0x08002831   Thumb Code   180  gpio.o(i.MX_GPIO_Init)
    MX_TIM2_Init                             0x080028f1   Thumb Code   100  tim.o(i.MX_TIM2_Init)
    MX_TIM3_Init                             0x08002959   Thumb Code    98  tim.o(i.MX_TIM3_Init)
    MX_TIM4_Init                             0x080029c5   Thumb Code    98  tim.o(i.MX_TIM4_Init)
    MX_TIM5_Init                             0x08002a31   Thumb Code    98  tim.o(i.MX_TIM5_Init)
    MX_TIM6_Init                             0x08002a9d   Thumb Code    60  tim.o(i.MX_TIM6_Init)
    MX_TIM8_Init                             0x08002ae1   Thumb Code   240  tim.o(i.MX_TIM8_Init)
    MemManage_Handler                        0x08002bd9   Thumb Code     2  stm32f4xx_it.o(i.MemManage_Handler)
    MotorControl_Init                        0x08002bdd   Thumb Code   124  motor_control.o(i.MotorControl_Init)
    MotorControl_SetAllTargetSpeedMMps       0x08002c71   Thumb Code    40  motor_control.o(i.MotorControl_SetAllTargetSpeedMMps)
    MotorControl_Update                      0x08002ca1   Thumb Code   144  motor_control.o(i.MotorControl_Update)
    NMI_Handler                              0x08002ddd   Thumb Code     2  stm32f4xx_it.o(i.NMI_Handler)
    PID_Calc                                 0x08002de1   Thumb Code   162  pid.o(i.PID_Calc)
    PID_Init                                 0x08002e8d   Thumb Code    66  pid.o(i.PID_Init)
    PendSV_Handler                           0x08002ecf   Thumb Code     2  stm32f4xx_it.o(i.PendSV_Handler)
    SVC_Handler                              0x08002ed1   Thumb Code     2  stm32f4xx_it.o(i.SVC_Handler)
    SysTick_Handler                          0x08002ed3   Thumb Code     4  stm32f4xx_it.o(i.SysTick_Handler)
    SystemClock_Config                       0x08002ed9   Thumb Code   140  main.o(i.SystemClock_Config)
    SystemInit                               0x08002f6d   Thumb Code    12  system_stm32f4xx.o(i.SystemInit)
    TIM6_DAC_IRQHandler                      0x08002f7d   Thumb Code     6  stm32f4xx_it.o(i.TIM6_DAC_IRQHandler)
    TIM_Base_SetConfig                       0x08002f89   Thumb Code   164  stm32f4xx_hal_tim.o(i.TIM_Base_SetConfig)
    TIM_CCxChannelCmd                        0x08003059   Thumb Code    26  stm32f4xx_hal_tim.o(i.TIM_CCxChannelCmd)
    TIM_ETR_SetConfig                        0x08003073   Thumb Code    20  stm32f4xx_hal_tim.o(i.TIM_ETR_SetConfig)
    TIM_OC2_SetConfig                        0x080030f9   Thumb Code    98  stm32f4xx_hal_tim.o(i.TIM_OC2_SetConfig)
    UART4_Debug_Init                         0x08003265   Thumb Code    32  uart4_debug.o(i.UART4_Debug_Init)
    UART4_Debug_SendWaveform                 0x0800328d   Thumb Code   116  uart4_debug.o(i.UART4_Debug_SendWaveform)
    UsageFault_Handler                       0x080034eb   Thumb Code     2  stm32f4xx_it.o(i.UsageFault_Handler)
    __ARM_fpclassify                         0x080034ed   Thumb Code    48  fpclassify.o(i.__ARM_fpclassify)
    _is_digit                                0x0800353d   Thumb Code    14  __printf_wp.o(i._is_digit)
    main                                     0x0800354d   Thumb Code    74  main.o(i.main)
    _get_lc_numeric                          0x080035a1   Thumb Code    44  lc_numeric_c.o(locale$$code)
    __fpl_dretinf                            0x080035cd   Thumb Code    12  dretinf.o(x$fpl$dretinf)
    __aeabi_f2d                              0x080035d9   Thumb Code     0  f2d.o(x$fpl$f2d)
    _f2d                                     0x080035d9   Thumb Code    86  f2d.o(x$fpl$f2d)
    __fpl_fnaninf                            0x0800362f   Thumb Code   140  fnaninf.o(x$fpl$fnaninf)
    _fp_init                                 0x080036bb   Thumb Code    10  fpinit.o(x$fpl$fpinit)
    __fplib_config_fpu_vfp                   0x080036c3   Thumb Code     0  fpinit.o(x$fpl$fpinit)
    __fplib_config_pureend_doubles           0x080036c3   Thumb Code     0  fpinit.o(x$fpl$fpinit)
    _printf_fp_dec                           0x080036c5   Thumb Code     4  printf1.o(x$fpl$printf1)
    __I$use$fp                               0x080036c8   Number         0  usenofp.o(x$fpl$usenofp)
    AHBPrescTable                            0x080036d8   Data          16  system_stm32f4xx.o(.constdata)
    APBPrescTable                            0x080036e8   Data           8  system_stm32f4xx.o(.constdata)
    Region$$Table$$Base                      0x08003784   Number         0  anon$$obj.o(Region$$Table)
    Region$$Table$$Limit                     0x080037a4   Number         0  anon$$obj.o(Region$$Table)
    uwTickFreq                               0x20000008   Data           1  stm32f4xx_hal.o(.data)
    uwTickPrio                               0x2000000c   Data           4  stm32f4xx_hal.o(.data)
    uwTick                                   0x20000010   Data           4  stm32f4xx_hal.o(.data)
    SystemCoreClock                          0x20000014   Data           4  system_stm32f4xx.o(.data)
    htim2                                    0x20000018   Data          72  tim.o(.bss)
    htim3                                    0x20000060   Data          72  tim.o(.bss)
    htim4                                    0x200000a8   Data          72  tim.o(.bss)
    htim5                                    0x200000f0   Data          72  tim.o(.bss)
    htim6                                    0x20000138   Data          72  tim.o(.bss)
    htim8                                    0x20000180   Data          72  tim.o(.bss)
    __libspace_start                         0x200002d0   Data          96  libspace.o(.bss)
    __temporary_stack_top$libspace           0x20000330   Data           0  libspace.o(.bss)



==============================================================================

Memory Map of the image

  Image Entry point : 0x08000189

  Load Region LR_IROM1 (Base: 0x08000000, Size: 0x000037d8, Max: 0x00080000, ABSOLUTE)

    Execution Region ER_IROM1 (Exec base: 0x08000000, Load base: 0x08000000, Size: 0x000037c0, Max: 0x00080000, ABSOLUTE)

    Exec Addr    Load Addr    Size         Type   Attr      Idx    E Section Name        Object

    0x08000000   0x08000000   0x00000188   Data   RO            3    RESET               startup_stm32f407xx.o
    0x08000188   0x08000188   0x00000008   Code   RO         3179  * !!!main             c_w.l(__main.o)
    0x08000190   0x08000190   0x00000034   Code   RO         3411    !!!scatter          c_w.l(__scatter.o)
    0x080001c4   0x080001c4   0x0000001a   Code   RO         3413    !!handler_copy      c_w.l(__scatter_copy.o)
    0x080001de   0x080001de   0x00000002   PAD
    0x080001e0   0x080001e0   0x0000001c   Code   RO         3415    !!handler_zi        c_w.l(__scatter_zi.o)
    0x080001fc   0x080001fc   0x00000000   Code   RO         3174    .ARM.Collect$$_printf_percent$$00000000  c_w.l(_printf_percent.o)
    0x080001fc   0x080001fc   0x00000006   Code   RO         3173    .ARM.Collect$$_printf_percent$$00000003  c_w.l(_printf_f.o)
    0x08000202   0x08000202   0x00000004   Code   RO         3198    .ARM.Collect$$_printf_percent$$00000017  c_w.l(_printf_percent_end.o)
    0x08000206   0x08000206   0x00000002   Code   RO         3282    .ARM.Collect$$libinit$$00000000  c_w.l(libinit.o)
    0x08000208   0x08000208   0x00000004   Code   RO         3283    .ARM.Collect$$libinit$$00000001  c_w.l(libinit2.o)
    0x0800020c   0x0800020c   0x00000000   Code   RO         3286    .ARM.Collect$$libinit$$00000004  c_w.l(libinit2.o)
    0x0800020c   0x0800020c   0x00000000   Code   RO         3289    .ARM.Collect$$libinit$$0000000A  c_w.l(libinit2.o)
    0x0800020c   0x0800020c   0x00000000   Code   RO         3291    .ARM.Collect$$libinit$$0000000C  c_w.l(libinit2.o)
    0x0800020c   0x0800020c   0x00000000   Code   RO         3293    .ARM.Collect$$libinit$$0000000E  c_w.l(libinit2.o)
    0x0800020c   0x0800020c   0x00000006   Code   RO         3294    .ARM.Collect$$libinit$$0000000F  c_w.l(libinit2.o)
    0x08000212   0x08000212   0x00000000   Code   RO         3296    .ARM.Collect$$libinit$$00000011  c_w.l(libinit2.o)
    0x08000212   0x08000212   0x00000000   Code   RO         3298    .ARM.Collect$$libinit$$00000013  c_w.l(libinit2.o)
    0x08000212   0x08000212   0x00000000   Code   RO         3300    .ARM.Collect$$libinit$$00000015  c_w.l(libinit2.o)
    0x08000212   0x08000212   0x0000000a   Code   RO         3301    .ARM.Collect$$libinit$$00000016  c_w.l(libinit2.o)
    0x0800021c   0x0800021c   0x00000000   Code   RO         3302    .ARM.Collect$$libinit$$00000017  c_w.l(libinit2.o)
    0x0800021c   0x0800021c   0x00000000   Code   RO         3304    .ARM.Collect$$libinit$$00000019  c_w.l(libinit2.o)
    0x0800021c   0x0800021c   0x00000000   Code   RO         3306    .ARM.Collect$$libinit$$0000001B  c_w.l(libinit2.o)
    0x0800021c   0x0800021c   0x00000000   Code   RO         3308    .ARM.Collect$$libinit$$0000001D  c_w.l(libinit2.o)
    0x0800021c   0x0800021c   0x00000000   Code   RO         3310    .ARM.Collect$$libinit$$0000001F  c_w.l(libinit2.o)
    0x0800021c   0x0800021c   0x00000000   Code   RO         3312    .ARM.Collect$$libinit$$00000021  c_w.l(libinit2.o)
    0x0800021c   0x0800021c   0x00000000   Code   RO         3314    .ARM.Collect$$libinit$$00000023  c_w.l(libinit2.o)
    0x0800021c   0x0800021c   0x00000000   Code   RO         3316    .ARM.Collect$$libinit$$00000025  c_w.l(libinit2.o)
    0x0800021c   0x0800021c   0x00000000   Code   RO         3320    .ARM.Collect$$libinit$$0000002C  c_w.l(libinit2.o)
    0x0800021c   0x0800021c   0x00000000   Code   RO         3322    .ARM.Collect$$libinit$$0000002E  c_w.l(libinit2.o)
    0x0800021c   0x0800021c   0x00000000   Code   RO         3324    .ARM.Collect$$libinit$$00000030  c_w.l(libinit2.o)
    0x0800021c   0x0800021c   0x00000000   Code   RO         3326    .ARM.Collect$$libinit$$00000032  c_w.l(libinit2.o)
    0x0800021c   0x0800021c   0x00000002   Code   RO         3327    .ARM.Collect$$libinit$$00000033  c_w.l(libinit2.o)
    0x0800021e   0x0800021e   0x00000002   Code   RO         3374    .ARM.Collect$$libshutdown$$00000000  c_w.l(libshutdown.o)
    0x08000220   0x08000220   0x00000000   Code   RO         3392    .ARM.Collect$$libshutdown$$00000002  c_w.l(libshutdown2.o)
    0x08000220   0x08000220   0x00000000   Code   RO         3394    .ARM.Collect$$libshutdown$$00000004  c_w.l(libshutdown2.o)
    0x08000220   0x08000220   0x00000000   Code   RO         3396    .ARM.Collect$$libshutdown$$00000006  c_w.l(libshutdown2.o)
    0x08000220   0x08000220   0x00000000   Code   RO         3399    .ARM.Collect$$libshutdown$$00000009  c_w.l(libshutdown2.o)
    0x08000220   0x08000220   0x00000000   Code   RO         3402    .ARM.Collect$$libshutdown$$0000000C  c_w.l(libshutdown2.o)
    0x08000220   0x08000220   0x00000000   Code   RO         3404    .ARM.Collect$$libshutdown$$0000000E  c_w.l(libshutdown2.o)
    0x08000220   0x08000220   0x00000000   Code   RO         3407    .ARM.Collect$$libshutdown$$00000011  c_w.l(libshutdown2.o)
    0x08000220   0x08000220   0x00000002   Code   RO         3408    .ARM.Collect$$libshutdown$$00000012  c_w.l(libshutdown2.o)
    0x08000222   0x08000222   0x00000000   Code   RO         3185    .ARM.Collect$$rtentry$$00000000  c_w.l(__rtentry.o)
    0x08000222   0x08000222   0x00000000   Code   RO         3205    .ARM.Collect$$rtentry$$00000002  c_w.l(__rtentry2.o)
    0x08000222   0x08000222   0x00000006   Code   RO         3217    .ARM.Collect$$rtentry$$00000004  c_w.l(__rtentry4.o)
    0x08000228   0x08000228   0x00000000   Code   RO         3207    .ARM.Collect$$rtentry$$00000009  c_w.l(__rtentry2.o)
    0x08000228   0x08000228   0x00000004   Code   RO         3208    .ARM.Collect$$rtentry$$0000000A  c_w.l(__rtentry2.o)
    0x0800022c   0x0800022c   0x00000000   Code   RO         3210    .ARM.Collect$$rtentry$$0000000C  c_w.l(__rtentry2.o)
    0x0800022c   0x0800022c   0x00000008   Code   RO         3211    .ARM.Collect$$rtentry$$0000000D  c_w.l(__rtentry2.o)
    0x08000234   0x08000234   0x00000002   Code   RO         3328    .ARM.Collect$$rtexit$$00000000  c_w.l(rtexit.o)
    0x08000236   0x08000236   0x00000000   Code   RO         3343    .ARM.Collect$$rtexit$$00000002  c_w.l(rtexit2.o)
    0x08000236   0x08000236   0x00000004   Code   RO         3344    .ARM.Collect$$rtexit$$00000003  c_w.l(rtexit2.o)
    0x0800023a   0x0800023a   0x00000006   Code   RO         3345    .ARM.Collect$$rtexit$$00000004  c_w.l(rtexit2.o)
    0x08000240   0x08000240   0x00000040   Code   RO            4    .text               startup_stm32f407xx.o
    0x08000280   0x08000280   0x000000ee   Code   RO         3145    .text               c_w.l(lludivv7m.o)
    0x0800036e   0x0800036e   0x00000002   PAD
    0x08000370   0x08000370   0x00000038   Code   RO         3147    .text               c_w.l(__2snprintf.o)
    0x080003a8   0x080003a8   0x0000010e   Code   RO         3161    .text               c_w.l(__printf_wp.o)
    0x080004b6   0x080004b6   0x0000004e   Code   RO         3175    .text               c_w.l(rt_memclr_w.o)
    0x08000504   0x08000504   0x00000006   Code   RO         3177    .text               c_w.l(heapauxi.o)
    0x0800050a   0x0800050a   0x0000041e   Code   RO         3190    .text               c_w.l(_printf_fp_dec.o)
    0x08000928   0x08000928   0x00000030   Code   RO         3192    .text               c_w.l(_printf_char_common.o)
    0x08000958   0x08000958   0x0000000a   Code   RO         3194    .text               c_w.l(_sputc.o)
    0x08000962   0x08000962   0x00000010   Code   RO         3196    .text               c_w.l(_snputc.o)
    0x08000972   0x08000972   0x00000002   PAD
    0x08000974   0x08000974   0x00000008   Code   RO         3224    .text               c_w.l(rt_locale_intlibspace.o)
    0x0800097c   0x0800097c   0x0000008a   Code   RO         3226    .text               c_w.l(lludiv10.o)
    0x08000a06   0x08000a06   0x00000002   PAD
    0x08000a08   0x08000a08   0x00000080   Code   RO         3228    .text               c_w.l(_printf_fp_infnan.o)
    0x08000a88   0x08000a88   0x000000e4   Code   RO         3232    .text               c_w.l(bigflt0.o)
    0x08000b6c   0x08000b6c   0x00000008   Code   RO         3264    .text               c_w.l(libspace.o)
    0x08000b74   0x08000b74   0x0000004a   Code   RO         3267    .text               c_w.l(sys_stackheap_outer.o)
    0x08000bbe   0x08000bbe   0x00000012   Code   RO         3269    .text               c_w.l(exit.o)
    0x08000bd0   0x08000bd0   0x00000080   Code   RO         3275    .text               c_w.l(strcmpv7m.o)
    0x08000c50   0x08000c50   0x0000000c   Code   RO         3340    .text               c_w.l(sys_exit.o)
    0x08000c5c   0x08000c5c   0x00000002   Code   RO         3361    .text               c_w.l(use_no_semi.o)
    0x08000c5e   0x08000c5e   0x00000000   Code   RO         3363    .text               c_w.l(indicate_semi.o)
    0x08000c5e   0x08000c5e   0x0000003e   Code   RO         3235    CL$$btod_d2e        c_w.l(btod.o)
    0x08000c9c   0x08000c9c   0x00000046   Code   RO         3237    CL$$btod_d2e_denorm_low  c_w.l(btod.o)
    0x08000ce2   0x08000ce2   0x00000060   Code   RO         3236    CL$$btod_d2e_norm_op1  c_w.l(btod.o)
    0x08000d42   0x08000d42   0x00000338   Code   RO         3245    CL$$btod_div_common  c_w.l(btod.o)
    0x0800107a   0x0800107a   0x000000dc   Code   RO         3242    CL$$btod_e2e        c_w.l(btod.o)
    0x08001156   0x08001156   0x0000002a   Code   RO         3239    CL$$btod_ediv       c_w.l(btod.o)
    0x08001180   0x08001180   0x0000002a   Code   RO         3238    CL$$btod_emul       c_w.l(btod.o)
    0x080011aa   0x080011aa   0x00000244   Code   RO         3244    CL$$btod_mult_common  c_w.l(btod.o)
    0x080013ee   0x080013ee   0x00000002   Code   RO          273    i.BusFault_Handler  stm32f4xx_it.o
    0x080013f0   0x080013f0   0x00000002   Code   RO          274    i.DebugMon_Handler  stm32f4xx_it.o
    0x080013f2   0x080013f2   0x00000002   PAD
    0x080013f4   0x080013f4   0x00000020   Code   RO          395    i.Encoder_GetSpeed  encoder.o
    0x08001414   0x08001414   0x00000058   Code   RO          397    i.Encoder_Init      encoder.o
    0x0800146c   0x0800146c   0x00000094   Code   RO          398    i.Encoder_UpdateSpeed  encoder.o
    0x08001500   0x08001500   0x00000004   Code   RO           13    i.Error_Handler     main.o
    0x08001504   0x08001504   0x000001f0   Code   RO         1950    i.HAL_GPIO_Init     stm32f4xx_hal_gpio.o
    0x080016f4   0x080016f4   0x0000000a   Code   RO         1954    i.HAL_GPIO_WritePin  stm32f4xx_hal_gpio.o
    0x080016fe   0x080016fe   0x00000002   PAD
    0x08001700   0x08001700   0x0000000c   Code   RO         2500    i.HAL_GetTick       stm32f4xx_hal.o
    0x0800170c   0x0800170c   0x00000010   Code   RO         2506    i.HAL_IncTick       stm32f4xx_hal.o
    0x0800171c   0x0800171c   0x00000034   Code   RO         2507    i.HAL_Init          stm32f4xx_hal.o
    0x08001750   0x08001750   0x00000040   Code   RO         2508    i.HAL_InitTick      stm32f4xx_hal.o
    0x08001790   0x08001790   0x00000030   Code   RO          362    i.HAL_MspInit       stm32f4xx_hal_msp.o
    0x080017c0   0x080017c0   0x0000001a   Code   RO         2342    i.HAL_NVIC_EnableIRQ  stm32f4xx_hal_cortex.o
    0x080017da   0x080017da   0x00000002   PAD
    0x080017dc   0x080017dc   0x00000040   Code   RO         2348    i.HAL_NVIC_SetPriority  stm32f4xx_hal_cortex.o
    0x0800181c   0x0800181c   0x00000024   Code   RO         2349    i.HAL_NVIC_SetPriorityGrouping  stm32f4xx_hal_cortex.o
    0x08001840   0x08001840   0x00000134   Code   RO         1596    i.HAL_RCC_ClockConfig  stm32f4xx_hal_rcc.o
    0x08001974   0x08001974   0x00000020   Code   RO         1603    i.HAL_RCC_GetPCLK1Freq  stm32f4xx_hal_rcc.o
    0x08001994   0x08001994   0x00000020   Code   RO         1604    i.HAL_RCC_GetPCLK2Freq  stm32f4xx_hal_rcc.o
    0x080019b4   0x080019b4   0x00000064   Code   RO         1605    i.HAL_RCC_GetSysClockFreq  stm32f4xx_hal_rcc.o
    0x08001a18   0x08001a18   0x0000036c   Code   RO         1608    i.HAL_RCC_OscConfig  stm32f4xx_hal_rcc.o
    0x08001d84   0x08001d84   0x00000028   Code   RO         2353    i.HAL_SYSTICK_Config  stm32f4xx_hal_cortex.o
    0x08001dac   0x08001dac   0x00000002   Code   RO         1328    i.HAL_TIMEx_BreakCallback  stm32f4xx_hal_tim_ex.o
    0x08001dae   0x08001dae   0x00000002   Code   RO         1329    i.HAL_TIMEx_CommutCallback  stm32f4xx_hal_tim_ex.o
    0x08001db0   0x08001db0   0x00000054   Code   RO         1331    i.HAL_TIMEx_ConfigBreakDeadTime  stm32f4xx_hal_tim_ex.o
    0x08001e04   0x08001e04   0x00000090   Code   RO         1347    i.HAL_TIMEx_MasterConfigSynchronization  stm32f4xx_hal_tim_ex.o
    0x08001e94   0x08001e94   0x0000005a   Code   RO          624    i.HAL_TIM_Base_Init  stm32f4xx_hal_tim.o
    0x08001eee   0x08001eee   0x00000002   PAD
    0x08001ef0   0x08001ef0   0x00000058   Code   RO          184    i.HAL_TIM_Base_MspInit  tim.o
    0x08001f48   0x08001f48   0x00000080   Code   RO          629    i.HAL_TIM_Base_Start_IT  stm32f4xx_hal_tim.o
    0x08001fc8   0x08001fc8   0x000000dc   Code   RO          633    i.HAL_TIM_ConfigClockSource  stm32f4xx_hal_tim.o
    0x080020a4   0x080020a4   0x000000a4   Code   RO          645    i.HAL_TIM_Encoder_Init  stm32f4xx_hal_tim.o
    0x08002148   0x08002148   0x00000144   Code   RO          186    i.HAL_TIM_Encoder_MspInit  tim.o
    0x0800228c   0x0800228c   0x0000008e   Code   RO          648    i.HAL_TIM_Encoder_Start  stm32f4xx_hal_tim.o
    0x0800231a   0x0800231a   0x00000002   Code   RO          658    i.HAL_TIM_IC_CaptureCallback  stm32f4xx_hal_tim.o
    0x0800231c   0x0800231c   0x00000130   Code   RO          672    i.HAL_TIM_IRQHandler  stm32f4xx_hal_tim.o
    0x0800244c   0x0800244c   0x00000054   Code   RO          187    i.HAL_TIM_MspPostInit  tim.o
    0x080024a0   0x080024a0   0x00000002   Code   RO          675    i.HAL_TIM_OC_DelayElapsedCallback  stm32f4xx_hal_tim.o
    0x080024a2   0x080024a2   0x000000cc   Code   RO          696    i.HAL_TIM_PWM_ConfigChannel  stm32f4xx_hal_tim.o
    0x0800256e   0x0800256e   0x0000005a   Code   RO          699    i.HAL_TIM_PWM_Init  stm32f4xx_hal_tim.o
    0x080025c8   0x080025c8   0x00000002   Code   RO          701    i.HAL_TIM_PWM_MspInit  stm32f4xx_hal_tim.o
    0x080025ca   0x080025ca   0x00000002   Code   RO          702    i.HAL_TIM_PWM_PulseFinishedCallback  stm32f4xx_hal_tim.o
    0x080025cc   0x080025cc   0x000000c8   Code   RO          704    i.HAL_TIM_PWM_Start  stm32f4xx_hal_tim.o
    0x08002694   0x08002694   0x00000028   Code   RO          275    i.HAL_TIM_PeriodElapsedCallback  stm32f4xx_it.o
    0x080026bc   0x080026bc   0x00000002   Code   RO          715    i.HAL_TIM_TriggerCallback  stm32f4xx_hal_tim.o
    0x080026be   0x080026be   0x00000064   Code   RO         2775    i.HAL_UART_Init     stm32f4xx_hal_uart.o
    0x08002722   0x08002722   0x00000002   PAD
    0x08002724   0x08002724   0x00000068   Code   RO          363    i.HAL_UART_MspInit  stm32f4xx_hal_msp.o
    0x0800278c   0x0800278c   0x000000a0   Code   RO         2783    i.HAL_UART_Transmit  stm32f4xx_hal_uart.o
    0x0800282c   0x0800282c   0x00000002   Code   RO          276    i.HardFault_Handler  stm32f4xx_it.o
    0x0800282e   0x0800282e   0x00000002   PAD
    0x08002830   0x08002830   0x000000c0   Code   RO          159    i.MX_GPIO_Init      gpio.o
    0x080028f0   0x080028f0   0x00000068   Code   RO          188    i.MX_TIM2_Init      tim.o
    0x08002958   0x08002958   0x0000006c   Code   RO          189    i.MX_TIM3_Init      tim.o
    0x080029c4   0x080029c4   0x0000006c   Code   RO          190    i.MX_TIM4_Init      tim.o
    0x08002a30   0x08002a30   0x0000006c   Code   RO          191    i.MX_TIM5_Init      tim.o
    0x08002a9c   0x08002a9c   0x00000044   Code   RO          192    i.MX_TIM6_Init      tim.o
    0x08002ae0   0x08002ae0   0x000000f8   Code   RO          193    i.MX_TIM8_Init      tim.o
    0x08002bd8   0x08002bd8   0x00000002   Code   RO          277    i.MemManage_Handler  stm32f4xx_it.o
    0x08002bda   0x08002bda   0x00000002   PAD
    0x08002bdc   0x08002bdc   0x00000094   Code   RO          459    i.MotorControl_Init  motor_control.o
    0x08002c70   0x08002c70   0x00000030   Code   RO          461    i.MotorControl_SetAllTargetSpeedMMps  motor_control.o
    0x08002ca0   0x08002ca0   0x00000098   Code   RO          465    i.MotorControl_Update  motor_control.o
    0x08002d38   0x08002d38   0x000000a4   Code   RO          466    i.Motor_SetPWM      motor_control.o
    0x08002ddc   0x08002ddc   0x00000002   Code   RO          278    i.NMI_Handler       stm32f4xx_it.o
    0x08002dde   0x08002dde   0x00000002   PAD
    0x08002de0   0x08002de0   0x000000ac   Code   RO          544    i.PID_Calc          pid.o
    0x08002e8c   0x08002e8c   0x00000042   Code   RO          545    i.PID_Init          pid.o
    0x08002ece   0x08002ece   0x00000002   Code   RO          279    i.PendSV_Handler    stm32f4xx_it.o
    0x08002ed0   0x08002ed0   0x00000002   Code   RO          280    i.SVC_Handler       stm32f4xx_it.o
    0x08002ed2   0x08002ed2   0x00000004   Code   RO          281    i.SysTick_Handler   stm32f4xx_it.o
    0x08002ed6   0x08002ed6   0x00000002   PAD
    0x08002ed8   0x08002ed8   0x00000094   Code   RO           14    i.SystemClock_Config  main.o
    0x08002f6c   0x08002f6c   0x00000010   Code   RO         3109    i.SystemInit        system_stm32f4xx.o
    0x08002f7c   0x08002f7c   0x0000000c   Code   RO          282    i.TIM6_DAC_IRQHandler  stm32f4xx_it.o
    0x08002f88   0x08002f88   0x000000d0   Code   RO          717    i.TIM_Base_SetConfig  stm32f4xx_hal_tim.o
    0x08003058   0x08003058   0x0000001a   Code   RO          718    i.TIM_CCxChannelCmd  stm32f4xx_hal_tim.o
    0x08003072   0x08003072   0x00000014   Code   RO          728    i.TIM_ETR_SetConfig  stm32f4xx_hal_tim.o
    0x08003086   0x08003086   0x00000010   Code   RO          729    i.TIM_ITRx_SetConfig  stm32f4xx_hal_tim.o
    0x08003096   0x08003096   0x00000002   PAD
    0x08003098   0x08003098   0x00000060   Code   RO          730    i.TIM_OC1_SetConfig  stm32f4xx_hal_tim.o
    0x080030f8   0x080030f8   0x0000006c   Code   RO          731    i.TIM_OC2_SetConfig  stm32f4xx_hal_tim.o
    0x08003164   0x08003164   0x00000068   Code   RO          732    i.TIM_OC3_SetConfig  stm32f4xx_hal_tim.o
    0x080031cc   0x080031cc   0x00000050   Code   RO          733    i.TIM_OC4_SetConfig  stm32f4xx_hal_tim.o
    0x0800321c   0x0800321c   0x00000022   Code   RO          735    i.TIM_TI1_ConfigInputStage  stm32f4xx_hal_tim.o
    0x0800323e   0x0800323e   0x00000024   Code   RO          737    i.TIM_TI2_ConfigInputStage  stm32f4xx_hal_tim.o
    0x08003262   0x08003262   0x00000002   PAD
    0x08003264   0x08003264   0x00000028   Code   RO          586    i.UART4_Debug_Init  uart4_debug.o
    0x0800328c   0x0800328c   0x00000090   Code   RO          587    i.UART4_Debug_SendWaveform  uart4_debug.o
    0x0800331c   0x0800331c   0x0000004e   Code   RO         2798    i.UART_EndRxTransfer  stm32f4xx_hal_uart.o
    0x0800336a   0x0800336a   0x00000002   PAD
    0x0800336c   0x0800336c   0x0000010c   Code   RO         2801    i.UART_SetConfig    stm32f4xx_hal_uart.o
    0x08003478   0x08003478   0x00000072   Code   RO         2804    i.UART_WaitOnFlagUntilTimeout  stm32f4xx_hal_uart.o
    0x080034ea   0x080034ea   0x00000002   Code   RO          283    i.UsageFault_Handler  stm32f4xx_it.o
    0x080034ec   0x080034ec   0x00000030   Code   RO         3262    i.__ARM_fpclassify  m_wm.l(fpclassify.o)
    0x0800351c   0x0800351c   0x00000020   Code   RO         2355    i.__NVIC_SetPriority  stm32f4xx_hal_cortex.o
    0x0800353c   0x0800353c   0x0000000e   Code   RO         3163    i._is_digit         c_w.l(__printf_wp.o)
    0x0800354a   0x0800354a   0x00000002   PAD
    0x0800354c   0x0800354c   0x00000054   Code   RO           15    i.main              main.o
    0x080035a0   0x080035a0   0x0000002c   Code   RO         3258    locale$$code        c_w.l(lc_numeric_c.o)
    0x080035cc   0x080035cc   0x0000000c   Code   RO         3199    x$fpl$dretinf       fz_wm.l(dretinf.o)
    0x080035d8   0x080035d8   0x00000056   Code   RO         3181    x$fpl$f2d           fz_wm.l(f2d.o)
    0x0800362e   0x0800362e   0x0000008c   Code   RO         3201    x$fpl$fnaninf       fz_wm.l(fnaninf.o)
    0x080036ba   0x080036ba   0x0000000a   Code   RO         3338    x$fpl$fpinit        fz_wm.l(fpinit.o)
    0x080036c4   0x080036c4   0x00000004   Code   RO         3183    x$fpl$printf1       fz_wm.l(printf1.o)
    0x080036c8   0x080036c8   0x00000000   Code   RO         3203    x$fpl$usenofp       fz_wm.l(usenofp.o)
    0x080036c8   0x080036c8   0x00000010   Data   RO          468    .constdata          motor_control.o
    0x080036d8   0x080036d8   0x00000010   Data   RO         3110    .constdata          system_stm32f4xx.o
    0x080036e8   0x080036e8   0x00000008   Data   RO         3111    .constdata          system_stm32f4xx.o
    0x080036f0   0x080036f0   0x00000094   Data   RO         3233    .constdata          c_w.l(bigflt0.o)
    0x08003784   0x08003784   0x00000020   Data   RO         3409    Region$$Table       anon$$obj.o
    0x080037a4   0x080037a4   0x0000001c   Data   RO         3257    locale$$data        c_w.l(lc_numeric_c.o)


    Execution Region RW_IRAM1 (Exec base: 0x20000000, Load base: 0x080037c0, Size: 0x00000930, Max: 0x0001c000, ABSOLUTE)

    Exec Addr    Load Addr    Size         Type   Attr      Idx    E Section Name        Object

    0x20000000   0x080037c0   0x00000001   Data   RW          284    .data               stm32f4xx_it.o
    0x20000001   0x080037c1   0x00000003   PAD
    0x20000004   0x080037c4   0x00000004   Data   RW          469    .data               motor_control.o
    0x20000008   0x080037c8   0x0000000c   Data   RW         2514    .data               stm32f4xx_hal.o
    0x20000014   0x080037d4   0x00000004   Data   RW         3112    .data               system_stm32f4xx.o
    0x20000018        -       0x000001b0   Zero   RW          194    .bss                tim.o
    0x200001c8        -       0x00000030   Zero   RW          399    .bss                encoder.o
    0x200001f8        -       0x00000090   Zero   RW          467    .bss                motor_control.o
    0x20000288        -       0x00000048   Zero   RW          588    .bss                uart4_debug.o
    0x200002d0        -       0x00000060   Zero   RW         3265    .bss                c_w.l(libspace.o)
    0x20000330        -       0x00000200   Zero   RW            2    HEAP                startup_stm32f407xx.o
    0x20000530        -       0x00000400   Zero   RW            1    STACK               startup_stm32f407xx.o


    Execution Region RW_IRAM2 (Exec base: 0x2001c000, Load base: 0x080037d8, Size: 0x00000000, Max: 0x00004000, ABSOLUTE)

    **** No section assigned to this execution region ****


==============================================================================

Image component sizes


      Code (inc. data)   RO Data    RW Data    ZI Data      Debug   Object Name

       268         56          0          0         48       2444   encoder.o
       192         12          0          0          0       1035   gpio.o
       236         18          0          0          0     692732   main.o
       512         52         16          4        144       4167   motor_control.o
       238         10          0          0          0       2134   pid.o
        64         26        392          0       1536        836   startup_stm32f407xx.o
       144         24          0         12          0       8717   stm32f4xx_hal.o
       198         14          0          0          0      33775   stm32f4xx_hal_cortex.o
       506         46          0          0          0       2168   stm32f4xx_hal_gpio.o
       152         20          0          0          0       1637   stm32f4xx_hal_msp.o
      1348         76          0          0          0       5212   stm32f4xx_hal_rcc.o
      2280        136          0          0          0      18809   stm32f4xx_hal_tim.o
       232         28          0          0          0       3265   stm32f4xx_hal_tim_ex.o
       720         10          0          0          0       4808   stm32f4xx_hal_uart.o
        72         14          0          1          0       5480   stm32f4xx_it.o
        16          4         24          4          0       1103   system_stm32f4xx.o
      1240         98          0          0        432       6687   tim.o
       184         36          0          0         72       1506   uart4_debug.o

    ----------------------------------------------------------------------
      8626        680        464         24       2232     796515   Object Totals
         0          0         32          0          0          0   (incl. Generated)
        24          0          0          3          0          0   (incl. Padding)

    ----------------------------------------------------------------------

      Code (inc. data)   RO Data    RW Data    ZI Data      Debug   Library Member Name

        56          6          0          0          0         88   __2snprintf.o
         8          0          0          0          0         68   __main.o
       284          0          0          0          0        156   __printf_wp.o
         0          0          0          0          0          0   __rtentry.o
        12          0          0          0          0          0   __rtentry2.o
         6          0          0          0          0          0   __rtentry4.o
        52          8          0          0          0          0   __scatter.o
        26          0          0          0          0          0   __scatter_copy.o
        28          0          0          0          0          0   __scatter_zi.o
        48          6          0          0          0         96   _printf_char_common.o
         6          0          0          0          0          0   _printf_f.o
      1054          0          0          0          0        216   _printf_fp_dec.o
       128         16          0          0          0         84   _printf_fp_infnan.o
         0          0          0          0          0          0   _printf_percent.o
         4          0          0          0          0          0   _printf_percent_end.o
        16          0          0          0          0         68   _snputc.o
        10          0          0          0          0         68   _sputc.o
       228          4        148          0          0         96   bigflt0.o
      1936        128          0          0          0        672   btod.o
        18          0          0          0          0         80   exit.o
         6          0          0          0          0        152   heapauxi.o
         0          0          0          0          0          0   indicate_semi.o
        44         10         28          0          0         76   lc_numeric_c.o
         2          0          0          0          0          0   libinit.o
        22          0          0          0          0          0   libinit2.o
         2          0          0          0          0          0   libshutdown.o
         2          0          0          0          0          0   libshutdown2.o
         8          4          0          0         96         68   libspace.o
       138          0          0          0          0         80   lludiv10.o
       238          0          0          0          0        100   lludivv7m.o
         8          4          0          0          0         68   rt_locale_intlibspace.o
        78          0          0          0          0         80   rt_memclr_w.o
         2          0          0          0          0          0   rtexit.o
        10          0          0          0          0          0   rtexit2.o
       128          0          0          0          0         68   strcmpv7m.o
        12          4          0          0          0         68   sys_exit.o
        74          0          0          0          0         80   sys_stackheap_outer.o
         2          0          0          0          0         68   use_no_semi.o
        12          0          0          0          0        116   dretinf.o
        86          4          0          0          0        132   f2d.o
       140          4          0          0          0        132   fnaninf.o
        10          0          0          0          0        116   fpinit.o
         4          0          0          0          0        116   printf1.o
         0          0          0          0          0          0   usenofp.o
        48          0          0          0          0        124   fpclassify.o

    ----------------------------------------------------------------------
      5006        198        176          0         96       3336   Library Totals
        10          0          0          0          0          0   (incl. Padding)

    ----------------------------------------------------------------------

      Code (inc. data)   RO Data    RW Data    ZI Data      Debug   Library Name

      4696        190        176          0         96       2600   c_w.l
       252          8          0          0          0        612   fz_wm.l
        48          0          0          0          0        124   m_wm.l

    ----------------------------------------------------------------------
      5006        198        176          0         96       3336   Library Totals

    ----------------------------------------------------------------------

==============================================================================


      Code (inc. data)   RO Data    RW Data    ZI Data      Debug   

     13632        878        640         24       2328     790247   Grand Totals
     13632        878        640         24       2328     790247   ELF Image Totals
     13632        878        640         24          0          0   ROM Totals

==============================================================================

    Total RO  Size (Code + RO Data)                14272 (  13.94kB)
    Total RW  Size (RW Data + ZI Data)              2352 (   2.30kB)
    Total ROM Size (Code + RO Data + RW Data)      14296 (  13.96kB)

==============================================================================

